Component: ARM Compiler 5.06 update 7 (build 960) Tool: armlink [4d3601]

==============================================================================

Section Cross References

    startup_stm32f429xx.o(STACK) refers (Special) to heapauxi.o(.text) for __use_two_region_memory
    startup_stm32f429xx.o(HEAP) refers (Special) to heapauxi.o(.text) for __use_two_region_memory
    startup_stm32f429xx.o(RESET) refers (Special) to heapauxi.o(.text) for __use_two_region_memory
    startup_stm32f429xx.o(RESET) refers to startup_stm32f429xx.o(STACK) for __initial_sp
    startup_stm32f429xx.o(RESET) refers to startup_stm32f429xx.o(.text) for Reset_Handler
    startup_stm32f429xx.o(RESET) refers to stm32f4xx_it.o(i.NMI_Handler) for NMI_Handler
    startup_stm32f429xx.o(RESET) refers to stm32f4xx_it.o(i.HardFault_Handler) for HardFault_Handler
    startup_stm32f429xx.o(RESET) refers to stm32f4xx_it.o(i.MemManage_Handler) for MemManage_Handler
    startup_stm32f429xx.o(RESET) refers to stm32f4xx_it.o(i.BusFault_Handler) for BusFault_Handler
    startup_stm32f429xx.o(RESET) refers to stm32f4xx_it.o(i.UsageFault_Handler) for UsageFault_Handler
    startup_stm32f429xx.o(RESET) refers to stm32f4xx_it.o(i.SVC_Handler) for SVC_Handler
    startup_stm32f429xx.o(RESET) refers to stm32f4xx_it.o(i.DebugMon_Handler) for DebugMon_Handler
    startup_stm32f429xx.o(RESET) refers to stm32f4xx_it.o(i.PendSV_Handler) for PendSV_Handler
    startup_stm32f429xx.o(RESET) refers to stm32f4xx_it.o(i.SysTick_Handler) for SysTick_Handler
    startup_stm32f429xx.o(RESET) refers to wdg.o(i.WWDG_IRQHandler) for WWDG_IRQHandler
    startup_stm32f429xx.o(RESET) refers to exti.o(i.EXTI0_IRQHandler) for EXTI0_IRQHandler
    startup_stm32f429xx.o(RESET) refers to exti.o(i.EXTI2_IRQHandler) for EXTI2_IRQHandler
    startup_stm32f429xx.o(RESET) refers to exti.o(i.EXTI3_IRQHandler) for EXTI3_IRQHandler
    startup_stm32f429xx.o(RESET) refers to stm32f4xx_it.o(i.CAN1_RX0_IRQHandler) for CAN1_RX0_IRQHandler
    startup_stm32f429xx.o(RESET) refers to stm32f4xx_it.o(i.TIM3_IRQHandler) for TIM3_IRQHandler
    startup_stm32f429xx.o(RESET) refers to stm32f4xx_it.o(i.TIM4_IRQHandler) for TIM4_IRQHandler
    startup_stm32f429xx.o(RESET) refers to exti.o(i.EXTI15_10_IRQHandler) for EXTI15_10_IRQHandler
    startup_stm32f429xx.o(RESET) refers to stm32f4xx_it.o(i.CAN2_RX0_IRQHandler) for CAN2_RX0_IRQHandler
    startup_stm32f429xx.o(RESET) refers to stm32f4xx_it.o(i.USART6_IRQHandler) for USART6_IRQHandler
    startup_stm32f429xx.o(.text) refers (Special) to heapauxi.o(.text) for __use_two_region_memory
    startup_stm32f429xx.o(.text) refers to system_stm32f4xx.o(i.SystemInit) for SystemInit
    startup_stm32f429xx.o(.text) refers to __main.o(!!!main) for __main
    startup_stm32f429xx.o(.text) refers to startup_stm32f429xx.o(HEAP) for Heap_Mem
    startup_stm32f429xx.o(.text) refers to startup_stm32f429xx.o(STACK) for Stack_Mem
    main.o(i.MX_CAN1_Init) refers to stm32f4xx_hal_can.o(i.HAL_CAN_Init) for HAL_CAN_Init
    main.o(i.MX_CAN1_Init) refers to main.o(i.Error_Handler) for Error_Handler
    main.o(i.MX_CAN1_Init) refers to stm32f4xx_hal_can.o(i.HAL_CAN_ConfigFilter) for HAL_CAN_ConfigFilter
    main.o(i.MX_CAN1_Init) refers to stm32f4xx_hal_can.o(i.HAL_CAN_Start) for HAL_CAN_Start
    main.o(i.MX_CAN1_Init) refers to noretval__2printf.o(.text) for __2printf
    main.o(i.MX_CAN1_Init) refers to stm32f4xx_hal_can.o(i.HAL_CAN_ActivateNotification) for HAL_CAN_ActivateNotification
    main.o(i.MX_CAN1_Init) refers to main.o(.bss) for hcan1
    main.o(i.MX_CAN2_Init) refers to stm32f4xx_hal_can.o(i.HAL_CAN_Init) for HAL_CAN_Init
    main.o(i.MX_CAN2_Init) refers to main.o(i.Error_Handler) for Error_Handler
    main.o(i.MX_CAN2_Init) refers to stm32f4xx_hal_can.o(i.HAL_CAN_ConfigFilter) for HAL_CAN_ConfigFilter
    main.o(i.MX_CAN2_Init) refers to stm32f4xx_hal_can.o(i.HAL_CAN_Start) for HAL_CAN_Start
    main.o(i.MX_CAN2_Init) refers to noretval__2printf.o(.text) for __2printf
    main.o(i.MX_CAN2_Init) refers to stm32f4xx_hal_can.o(i.HAL_CAN_ActivateNotification) for HAL_CAN_ActivateNotification
    main.o(i.MX_CAN2_Init) refers to main.o(.bss) for hcan2
    main.o(i.MX_FMC_Init) refers to rt_memclr_w.o(.text) for __aeabi_memclr4
    main.o(i.MX_FMC_Init) refers to stm32f4xx_hal_sdram.o(i.HAL_SDRAM_Init) for HAL_SDRAM_Init
    main.o(i.MX_FMC_Init) refers to main.o(i.Error_Handler) for Error_Handler
    main.o(i.MX_FMC_Init) refers to sdram.o(i.SDRAM_Initialization_Sequence) for SDRAM_Initialization_Sequence
    main.o(i.MX_FMC_Init) refers to stm32f4xx_hal_sdram.o(i.HAL_SDRAM_ProgramRefreshRate) for HAL_SDRAM_ProgramRefreshRate
    main.o(i.MX_FMC_Init) refers to main.o(.bss) for hsdram1
    main.o(i.MX_GPIO_Init) refers to rt_memclr_w.o(.text) for __aeabi_memclr4
    main.o(i.MX_GPIO_Init) refers to stm32f4xx_hal_gpio.o(i.HAL_GPIO_WritePin) for HAL_GPIO_WritePin
[...]
    Multi_Position_Function_Parameters_Number_of_position_reference_profile 0x20000712   Data           2  canfestival_master.o(.data)
    Multi_Position_Function_Parameters_Margin_processing_method 0x20000714   Data           2  canfestival_master.o(.data)
    Multi_Position_Function_Parameters_Time_unit 0x20000716   Data           2  canfestival_master.o(.data)
    Multi_Position_Function_Parameters_Displacement_reference_type 0x20000718   Data           2  canfestival_master.o(.data)
    Multi_Position_Function_Parameters_Start_position_of_sequential_running 0x2000071a   Data           2  canfestival_master.o(.data)
    Multi_Position_Function_Parameters_1st_displacement 0x2000071c   Data           4  canfestival_master.o(.data)
    Multi_Position_Function_Parameters_Maximum_running_speed_of_1st_displacement 0x20000720   Data           2  canfestival_master.o(.data)
    Multi_Position_Function_Parameters_Acceleration_Deceleration_time_of_1st_displacement 0x20000722   Data           2  canfestival_master.o(.data)
    Multi_Position_Function_Parameters_Waiting_time_after_1st_displacement 0x20000724   Data           2  canfestival_master.o(.data)
    Multi_Position_Function_Parameters_2nd_displacement 0x20000728   Data           4  canfestival_master.o(.data)
    Multi_Position_Function_Parameters_Maximum_running_speed_of_2nd_displacement 0x2000072c   Data           2  canfestival_master.o(.data)
    Multi_Position_Function_Parameters_Acceleration_Deceleration_time_of_2nd_displacement 0x2000072e   Data           2  canfestival_master.o(.data)
    Multi_Position_Function_Parameters_Waiting_time_after_2nd_displacement 0x20000730   Data           2  canfestival_master.o(.data)
    Multi_Position_Function_Parameters_3rd_displacement 0x20000734   Data           4  canfestival_master.o(.data)
    Multi_Position_Function_Parameters_Maximum_running_speed_of_3rd_displacement 0x20000738   Data           2  canfestival_master.o(.data)
    Multi_Position_Function_Parameters_Acceleration_Deceleration_time_of_3rd_displacement 0x2000073a   Data           2  canfestival_master.o(.data)
    Multi_Position_Function_Parameters_Waiting_time_after_3rddisplacement 0x2000073c   Data           2  canfestival_master.o(.data)
    Multi_Position_Function_Parameters_4th_displacement 0x20000740   Data           4  canfestival_master.o(.data)
    Multi_Position_Function_Parameters_Maximum_running_speed_of_4th_displacement 0x20000744   Data           2  canfestival_master.o(.data)
    Multi_Position_Function_Parameters_Acceleration_Deceleration_time_of_4th_displacement 0x20000746   Data           2  canfestival_master.o(.data)
    Multi_Position_Function_Parameters_Waiting_time_after_4th_displacement 0x20000748   Data           2  canfestival_master.o(.data)
    Multi_Position_Function_Parameters_5th_displacement 0x2000074c   Data           4  canfestival_master.o(.data)
    Multi_Position_Function_Parameters_Maximum_running_speed_of_5th_displacement 0x20000750   Data           2  canfestival_master.o(.data)
    Multi_Position_Function_Parameters_Acceleration_Deceleration_time_of_5th_displacement 0x20000752   Data           2  canfestival_master.o(.data)
    Multi_Position_Function_Parameters_Waiting_time_after_5th_displacement 0x20000754   Data           2  canfestival_master.o(.data)
    Multi_Position_Function_Parameters_6th_displacement 0x20000758   Data           4  canfestival_master.o(.data)
    Multi_Position_Function_Parameters_Maximum_running_speed_of_6th_displacement 0x2000075c   Data           2  canfestival_master.o(.data)
    Multi_Position_Function_Parameters_Acceleration_Deceleration_time_of_6th_displacement 0x2000075e   Data           2  canfestival_master.o(.data)
    Multi_Position_Function_Parameters_Waiting_time_after_6th_displacement 0x20000760   Data           2  canfestival_master.o(.data)
    Multi_Position_Function_Parameters_7th_displacement 0x20000764   Data           4  canfestival_master.o(.data)
    Multi_Position_Function_Parameters_Maximum_running_speed_of_7th_displacement 0x20000768   Data           2  canfestival_master.o(.data)
    Multi_Position_Function_Parameters_Acceleration_Deceleration_time_of_7th_displacement 0x2000076a   Data           2  canfestival_master.o(.data)
    Multi_Position_Function_Parameters_Waiting_time_after_7th_displacement 0x2000076c   Data           2  canfestival_master.o(.data)
    Multi_Position_Function_Parameters_8th_displacement 0x20000770   Data           4  canfestival_master.o(.data)
    Multi_Position_Function_Parameters_Maximum_running_speed_of_8th_displacement 0x20000774   Data           2  canfestival_master.o(.data)
    Multi_Position_Function_Parameters_Acceleration_Deceleration_time_of_8th_displacement 0x20000776   Data           2  canfestival_master.o(.data)
    Multi_Position_Function_Parameters_Waiting_time_after_8th_displacement 0x20000778   Data           2  canfestival_master.o(.data)
    Multi_Position_Function_Parameters_9th_displacement 0x2000077c   Data           4  canfestival_master.o(.data)
    Multi_Position_Function_Parameters_Maximum_running_speed_of_9th_displacement 0x20000780   Data           2  canfestival_master.o(.data)
    Multi_Position_Function_Parameters_Acceleration_Deceleration_time_of_9th_displacement 0x20000782   Data           2  canfestival_master.o(.data)
    Multi_Position_Function_Parameters_Waiting_time_after_9th_displacement 0x20000784   Data           2  canfestival_master.o(.data)
    Multi_Position_Function_Parameters_10th_displacement 0x20000788   Data           4  canfestival_master.o(.data)
    Multi_Position_Function_Parameters_Maximum_running_speed_of_10th_displacement 0x2000078c   Data           2  canfestival_master.o(.data)
    Multi_Position_Function_Parameters_Acceleration_Deceleration_time_of_10th_displacement 0x2000078e   Data           2  canfestival_master.o(.data)
    Multi_Position_Function_Parameters_Waiting_time_after_10th_displacement 0x20000790   Data           2  canfestival_master.o(.data)
    Multi_Position_Function_Parameters_11th_displacement 0x20000794   Data           4  canfestival_master.o(.data)
    Multi_Position_Function_Parameters_Maximum_running_speed_of_11th_displacement 0x20000798   Data           2  canfestival_master.o(.data)
    Multi_Position_Function_Parameters_Acceleration_Deceleration_time_of_11th_displacement 0x2000079a   Data           2  canfestival_master.o(.data)
    Multi_Position_Function_Parameters_Waiting_time_after_11th_displacement 0x2000079c   Data           2  canfestival_master.o(.data)
    Multi_Position_Function_Parameters_12th_displacement 0x200007a0   Data           4  canfestival_master.o(.data)
    Multi_Position_Function_Parameters_Maximum_running_speed_of_12th_displacement 0x200007a4   Data           2  canfestival_master.o(.data)
    Multi_Position_Function_Parameters_Acceleration_Deceleration_time_of_12th_displacement 0x200007a6   Data           2  canfestival_master.o(.data)
    Multi_Position_Function_Parameters_Waiting_time_after_12th_displacement 0x200007a8   Data           2  canfestival_master.o(.data)
    Multi_Position_Function_Parameters_13th_displacement 0x200007ac   Data           4  canfestival_master.o(.data)
    Multi_Position_Function_Parameters_Maximum_running_speed_of_13th_displacement 0x200007b0   Data           2  canfestival_master.o(.data)
    Multi_Position_Function_Parameters_Acceleration_Deceleration_time_of_13th_displacement 0x200007b2   Data           2  canfestival_master.o(.data)
    Multi_Position_Function_Parameters_Waiting_time_after_13th_displacement 0x200007b4   Data           2  canfestival_master.o(.data)
    Multi_Position_Function_Parameters_14th_displacement 0x200007b8   Data           4  canfestival_master.o(.data)
    Multi_Position_Function_Parameters_Maximum_running_speed_of_14th_displacement 0x200007bc   Data           2  canfestival_master.o(.data)
    Multi_Position_Function_Parameters_Acceleration_Deceleration_time_of_14th_displacement 0x200007be   Data           2  canfestival_master.o(.data)
    Multi_Position_Function_Parameters_Waiting_time_after_14th_displacement 0x200007c0   Data           2  canfestival_master.o(.data)
    Multi_Position_Function_Parameters_15th_displacement 0x200007c4   Data           4  canfestival_master.o(.data)
    Multi_Position_Function_Parameters_Maximum_running_speed_of_15th_displacement 0x200007c8   Data           2  canfestival_master.o(.data)
    Multi_Position_Function_Parameters_Acceleration_Deceleration_time_of_15th_displacement 0x200007ca   Data           2  canfestival_master.o(.data)
    Multi_Position_Function_Parameters_Waiting_time_after_15th_displacement 0x200007cc   Data           2  canfestival_master.o(.data)
    Multi_Position_Function_Parameters_16th_displacement 0x200007d0   Data           4  canfestival_master.o(.data)
    Multi_Position_Function_Parameters_Maximum_running_speed_of_16th_displacement 0x200007d4   Data           2  canfestival_master.o(.data)
    Multi_Position_Function_Parameters_Acceleration_Deceleration_time_of_16th_displacement 0x200007d6   Data           2  canfestival_master.o(.data)
    Multi_Position_Function_Parameters_Waiting_time_after_16th_displacement 0x200007d8   Data           2  canfestival_master.o(.data)
    VDI_VDO_Parameters_VDI1_function_selection 0x200007da   Data           2  canfestival_master.o(.data)
    VDI_VDO_Parameters_VDI1_logic_selection  0x200007dc   Data           2  canfestival_master.o(.data)
    VDI_VDO_Parameters_VDI2_function_selection 0x200007de   Data           2  canfestival_master.o(.data)
    VDI_VDO_Parameters_VDI2_logic_selection  0x200007e0   Data           2  canfestival_master.o(.data)
    VDI_VDO_Parameters_VDI3_function_selection 0x200007e2   Data           2  canfestival_master.o(.data)
    VDI_VDO_Parameters_VDI3_logic_selection  0x200007e4   Data           2  canfestival_master.o(.data)
    VDI_VDO_Parameters_VDI4_function_selection 0x200007e6   Data           2  canfestival_master.o(.data)
    VDI_VDO_Parameters_VDI4_logic_selection  0x200007e8   Data           2  canfestival_master.o(.data)
    VDI_VDO_Parameters_VDI5_function_selection 0x200007ea   Data           2  canfestival_master.o(.data)
    VDI_VDO_Parameters_VDI5_logic_selection  0x200007ec   Data           2  canfestival_master.o(.data)
    VDI_VDO_Parameters_VDI6_function_selection 0x200007ee   Data           2  canfestival_master.o(.data)
    VDI_VDO_Parameters_VDI6_logic_selection  0x200007f0   Data           2  canfestival_master.o(.data)
    VDI_VDO_Parameters_VDI7_function_selection 0x200007f2   Data           2  canfestival_master.o(.data)
    VDI_VDO_Parameters_VDI7_logic_selection  0x200007f4   Data           2  canfestival_master.o(.data)
    VDI_VDO_Parameters_VDI8_function_selection 0x200007f6   Data           2  canfestival_master.o(.data)
    VDI_VDO_Parameters_VD8_logic_selection   0x200007f8   Data           2  canfestival_master.o(.data)
    VDI_VDO_Parameters_VDI9_function_selection 0x200007fa   Data           2  canfestival_master.o(.data)
    VDI_VDO_Parameters_VDI9_logic_selection  0x200007fc   Data           2  canfestival_master.o(.data)
    VDI_VDO_Parameters_VDI10_function_selection 0x200007fe   Data           2  canfestival_master.o(.data)
    VDI_VDO_Parameters_VDI10_logic_selection 0x20000800   Data           2  canfestival_master.o(.data)
    VDI_VDO_Parameters_VDI11_function_selection 0x20000802   Data           2  canfestival_master.o(.data)
    VDI_VDO_Parameters_VDI11_logic_selection 0x20000804   Data           2  canfestival_master.o(.data)
    VDI_VDO_Parameters_VDI12_function_selection 0x20000806   Data           2  canfestival_master.o(.data)
    VDI_VDO_Parameters_VDI12_logic_selection 0x20000808   Data           2  canfestival_master.o(.data)
    VDI_VDO_Parameters_VDI13_function_selection 0x2000080a   Data           2  canfestival_master.o(.data)
    VDI_VDO_Parameters_VDI13_logic_selection 0x2000080c   Data           2  canfestival_master.o(.data)
    VDI_VDO_Parameters_VDI14_function_selection 0x2000080e   Data           2  canfestival_master.o(.data)
    VDI_VDO_Parameters_VDI14_logic_selection 0x20000810   Data           2  canfestival_master.o(.data)
    VDI_VDO_Parameters_VDI15_function_selection 0x20000812   Data           2  canfestival_master.o(.data)
    VDI_VDO_Parameters_VDI15_logic_selection 0x20000814   Data           2  canfestival_master.o(.data)
    VDI_VDO_Parameters_VDI16_function_selection 0x20000816   Data           2  canfestival_master.o(.data)
    VDI_VDO_Parameters_VDI16_logic_selection 0x20000818   Data           2  canfestival_master.o(.data)
    VDI_VDO_Parameters_VDO_virtual_level     0x2000081a   Data           2  canfestival_master.o(.data)
    VDI_VDO_Parameters_VDO1_function_selection 0x2000081c   Data           2  canfestival_master.o(.data)
    VDI_VDO_Parameters_VDO1_logic_selection  0x2000081e   Data           2  canfestival_master.o(.data)
    VDI_VDO_Parameters_VDO2_function_selection 0x20000820   Data           2  canfestival_master.o(.data)
    VDI_VDO_Parameters_VDO2_logic_selection  0x20000822   Data           2  canfestival_master.o(.data)
    VDI_VDO_Parameters_VDO3_function_selection 0x20000824   Data           2  canfestival_master.o(.data)
    VDI_VDO_Parameters_VDO3_logic_selection  0x20000826   Data           2  canfestival_master.o(.data)
    VDI_VDO_Parameters_VDO4_function_selection 0x20000828   Data           2  canfestival_master.o(.data)
    VDI_VDO_Parameters_VDO4_logic_selection  0x2000082a   Data           2  canfestival_master.o(.data)
    VDI_VDO_Parameters_VDO5_function_selection 0x2000082c   Data           2  canfestival_master.o(.data)
    VDI_VDO_Parameters_VDO5_logic_selection  0x2000082e   Data           2  canfestival_master.o(.data)
    VDI_VDO_Parameters_VDO6_function_selection 0x20000830   Data           2  canfestival_master.o(.data)
    VDI_VDO_Parameters_VDO6_logic_selection  0x20000832   Data           2  canfestival_master.o(.data)
    VDI_VDO_Parameters_VDO7_function_selection 0x20000834   Data           2  canfestival_master.o(.data)
    VDI_VDO_Parameters_VDO7_logic_selection  0x20000836   Data           2  canfestival_master.o(.data)
    VDI_VDO_Parameters_VDO8_function_selection 0x20000838   Data           2  canfestival_master.o(.data)
    VDI_VDO_Parameters_VDO8_logic_selection  0x2000083a   Data           2  canfestival_master.o(.data)
    VDI_VDO_Parameters_VDO9_function_selection 0x2000083c   Data           2  canfestival_master.o(.data)
    VDI_VDO_Parameters_VDO9_logic_selection  0x2000083e   Data           2  canfestival_master.o(.data)
    VDI_VDO_Parameters_VDO10_function_selection 0x20000840   Data           2  canfestival_master.o(.data)
    VDI_VDO_Parameters_VDO10_logic_selection 0x20000842   Data           2  canfestival_master.o(.data)
    VDI_VDO_Parameters_VDO11_function_selection 0x20000844   Data           2  canfestival_master.o(.data)
    VDI_VDO_Parameters_VDO11_logic_selection 0x20000846   Data           2  canfestival_master.o(.data)
    VDI_VDO_Parameters_VDO12_function_selection 0x20000848   Data           2  canfestival_master.o(.data)
    VDI_VDO_Parameters_VDO12_logic_selection 0x2000084a   Data           2  canfestival_master.o(.data)
    VDI_VDO_Parameters_VDO13_function_selection 0x2000084c   Data           2  canfestival_master.o(.data)
    VDI_VDO_Parameters_VDO13_logic_selection 0x2000084e   Data           2  canfestival_master.o(.data)
    VDI_VDO_Parameters_VDO14_function_selection 0x20000850   Data           2  canfestival_master.o(.data)
    VDI_VDO_Parameters_VDO14_logic_selection 0x20000852   Data           2  canfestival_master.o(.data)
    VDI_VDO_Parameters_VDO15_function_selection 0x20000854   Data           2  canfestival_master.o(.data)
    VDI_VDO_Parameters_VDO15_logic_selection 0x20000856   Data           2  canfestival_master.o(.data)
    VDI_VDO_Parameters_VDO16_function_selection 0x20000858   Data           2  canfestival_master.o(.data)
    VDI_VDO_Parameters_VDO16_logic_selection 0x2000085a   Data           2  canfestival_master.o(.data)
    Servo_Related_Variables_Read_via_Communication_Servo_state_read_via_communication 0x2000085c   Data           2  canfestival_master.o(.data)
    Servo_Related_Variables_Read_via_Communication_DO_function_state_1_read_via_communication 0x2000085e   Data           2  canfestival_master.o(.data)
    Servo_Related_Variables_Read_via_Communication_DO_function_state_2_read_via_communication 0x20000860   Data           2  canfestival_master.o(.data)
    Servo_Related_Variables_Read_via_Communication_Input_reference_pulse_sampling_read_via_communication 0x20000862   Data           2  canfestival_master.o(.data)
    Servo_Related_Variables_Set_via_Communication_VDI_virtuallevel_set_via_communication 0x20000864   Data           2  canfestival_master.o(.data)
    Servo_Related_Variables_Set_via_Communication_Compatibility_Entry 0x20000866   Data           8  canfestival_master.o(.data)
    Servo_Related_Variables_Set_via_Communication_DO_state_set_via_communication 0x2000086e   Data           2  canfestival_master.o(.data)
    Servo_Related_Variables_Set_via_Communication_Speed_reference_set_via_communication 0x20000870   Data           4  canfestival_master.o(.data)
    Servo_Related_Variables_Set_via_Communication_Torque_reference_set_via_communication 0x20000874   Data           4  canfestival_master.o(.data)
    Inovance_drive_fault_code                0x20000878   Data           4  canfestival_master.o(.data)
    Error_code                               0x2000087c   Data           2  canfestival_master.o(.data)
    Controlword                              0x2000087e   Data           2  canfestival_master.o(.data)
    Statusword                               0x20000880   Data           2  canfestival_master.o(.data)
    Quick_stop_option_code                   0x20000882   Data           2  canfestival_master.o(.data)
    Halt_option_code                         0x20000884   Data           2  canfestival_master.o(.data)
    Modes_of_operation                       0x20000886   Data           1  canfestival_master.o(.data)
    Modes_of_operation_display               0x20000887   Data           1  canfestival_master.o(.data)
    Position_demannd_value                   0x20000888   Data           4  canfestival_master.o(.data)
    Position_actual_value                    0x2000088c   Data           4  canfestival_master.o(.data)
    Position_actual_value_user               0x20000890   Data           4  canfestival_master.o(.data)
    Maximal_following_error                  0x20000894   Data           4  canfestival_master.o(.data)
    Following_error_timeout                  0x20000898   Data           4  canfestival_master.o(.data)
    Position_window                          0x2000089c   Data           4  canfestival_master.o(.data)
    Position_window_time                     0x200008a0   Data           2  canfestival_master.o(.data)
    Velocity_demand_value                    0x200008a4   Data           4  canfestival_master.o(.data)
    Velocity_actual_value                    0x200008a8   Data           4  canfestival_master.o(.data)
    Velocity_window                          0x200008ac   Data           2  canfestival_master.o(.data)
    Velocity_window_time                     0x200008ae   Data           2  canfestival_master.o(.data)
    Velocity_threshold                       0x200008b0   Data           2  canfestival_master.o(.data)
    Velocity_threshold_time                  0x200008b2   Data           2  canfestival_master.o(.data)
    Target_Torque                            0x200008b4   Data           2  canfestival_master.o(.data)
    Max_Torque                               0x200008b6   Data           2  canfestival_master.o(.data)
    ToqDemandValue                           0x200008b8   Data           2  canfestival_master.o(.data)
    Torque_Actual_Value                      0x200008ba   Data           2  canfestival_master.o(.data)
    Target_position                          0x200008bc   Data           4  canfestival_master.o(.data)
    Home_offset                              0x200008c0   Data           4  canfestival_master.o(.data)
    Software_position_limit_Minimal_position_limit 0x200008c4   Data           4  canfestival_master.o(.data)
    Software_position_limit_Maximal_position_limit 0x200008c8   Data           4  canfestival_master.o(.data)
    Polarity                                 0x200008cc   Data           1  canfestival_master.o(.data)
    Maximal_profile_velocity                 0x200008d0   Data           4  canfestival_master.o(.data)
    Profile_velocity                         0x200008d4   Data           4  canfestival_master.o(.data)
    Profile_acceleration                     0x200008d8   Data           4  canfestival_master.o(.data)
    Profile_deceleration                     0x200008dc   Data           4  canfestival_master.o(.data)
    Quick_stop_deceleration                  0x200008e0   Data           4  canfestival_master.o(.data)
    Motion_profile_type                      0x200008e4   Data           2  canfestival_master.o(.data)
    Torque_Slope                             0x200008e8   Data           4  canfestival_master.o(.data)
    GearRatio_MotorRev                       0x200008ec   Data           4  canfestival_master.o(.data)
    GearRatio_ShaftRev                       0x200008f0   Data           4  canfestival_master.o(.data)
    Homing_method                            0x200008f4   Data           1  canfestival_master.o(.data)
    Homing_speeds_Speed_for_switch_search    0x200008f8   Data           4  canfestival_master.o(.data)
    Homing_speeds_Speed_for_zero_search      0x200008fc   Data           4  canfestival_master.o(.data)
    Homing_acceleration                      0x20000900   Data           4  canfestival_master.o(.data)
    Interpolated_data_record_the_first_parameter_of_ip_function 0x20000904   Data           4  canfestival_master.o(.data)
    Interpolation_time_period_ip_time_units  0x20000908   Data           1  canfestival_master.o(.data)
    Interpolation_time_period_ip_time_index  0x20000909   Data           1  canfestival_master.o(.data)
    Max_acceleration                         0x2000090c   Data           4  canfestival_master.o(.data)
    Max_deceleration                         0x20000910   Data           4  canfestival_master.o(.data)
    MAX_positive_torque_limit                0x20000914   Data           2  canfestival_master.o(.data)
    MAX_negative_torque_limit                0x20000916   Data           2  canfestival_master.o(.data)
    Actual_pos_calculate_method              0x20000918   Data           1  canfestival_master.o(.data)
    Following_error_actual_value             0x2000091c   Data           4  canfestival_master.o(.data)
    Position_demand_value                    0x20000920   Data           4  canfestival_master.o(.data)
    Digital_inputs                           0x20000924   Data           4  canfestival_master.o(.data)
    Digital_outputs_Physical_outputs         0x20000928   Data           4  canfestival_master.o(.data)
    Digital_outputs_empty                    0x2000092c   Data           4  canfestival_master.o(.data)
    Target_velocity                          0x20000930   Data           4  canfestival_master.o(.data)
    Supported_drive_modes                    0x20000934   Data           4  canfestival_master.o(.data)
    canfestival_master_bDeviceNodeId         0x20000938   Data           1  canfestival_master.o(.data)
    canfestival_master_heartBeatTimers       0x2000093a   Data          10  canfestival_master.o(.data)
    _obj1000                                 0x20000944   Data           4  canfestival_master.o(.data)
    _Index1000                               0x20000948   Data          12  canfestival_master.o(.data)
    canfestival_master_obj1001               0x20000954   Data           1  canfestival_master.o(.data)
    _Index1001                               0x20000958   Data          12  canfestival_master.o(.data)
    canfestival_master_highestSubIndex_obj1003 0x20000964   Data           1  canfestival_master.o(.data)
    _Index1003                               0x20000968   Data          60  canfestival_master.o(.data)
    canfestival_master_obj1005               0x200009a4   Data           4  canfestival_master.o(.data)
    _Index1005_callbacks                     0x200009a8   Data           4  canfestival_master.o(.data)
    _Index1005                               0x200009ac   Data          12  canfestival_master.o(.data)
    canfestival_master_obj1006               0x200009b8   Data           4  canfestival_master.o(.data)
    _Index1006_callbacks                     0x200009bc   Data           4  canfestival_master.o(.data)
    _Index1006                               0x200009c0   Data          12  canfestival_master.o(.data)
    _obj1008                                 0x200009cc   Data          10  canfestival_master.o(.data)
    _Index1008                               0x200009d8   Data          12  canfestival_master.o(.data)
    _obj1009                                 0x200009e4   Data          10  canfestival_master.o(.data)
    _Index1009                               0x200009f0   Data          12  canfestival_master.o(.data)
    _obj100A                                 0x200009fc   Data          10  canfestival_master.o(.data)
    _Index100A                               0x20000a08   Data          12  canfestival_master.o(.data)
    canfestival_master_obj100C               0x20000a14   Data           2  canfestival_master.o(.data)
    _Index100C                               0x20000a18   Data          12  canfestival_master.o(.data)
    canfestival_master_obj100D               0x20000a24   Data           1  canfestival_master.o(.data)
    _Index100D                               0x20000a28   Data          12  canfestival_master.o(.data)
    canfestival_master_obj1014               0x20000a34   Data           4  canfestival_master.o(.data)
    _Index1014                               0x20000a38   Data          12  canfestival_master.o(.data)
    canfestival_master_highestSubIndex_obj1016 0x20000a44   Data           1  canfestival_master.o(.data)
    _Index1016                               0x20000a48   Data          72  canfestival_master.o(.data)
    canfestival_master_obj1017               0x20000a90   Data           2  canfestival_master.o(.data)
    _Index1017_callbacks                     0x20000a94   Data           4  canfestival_master.o(.data)
    _Index1017                               0x20000a98   Data          12  canfestival_master.o(.data)
    _highestSubIndex_obj1018                 0x20000aa4   Data           1  canfestival_master.o(.data)
    _obj1018_Vendor_ID                       0x20000aa8   Data           4  canfestival_master.o(.data)
    _obj1018_Product_Code                    0x20000aac   Data           4  canfestival_master.o(.data)
    _obj1018_Revision_Number                 0x20000ab0   Data           4  canfestival_master.o(.data)
    _Index1018                               0x20000ab4   Data          48  canfestival_master.o(.data)
    _highestSubIndex_obj1029                 0x20000ae4   Data           1  canfestival_master.o(.data)
    _obj1029_Communication_Error             0x20000ae5   Data           1  canfestival_master.o(.data)
    _Index1029                               0x20000ae8   Data          24  canfestival_master.o(.data)
    _highestSubIndex_obj1280                 0x20000b00   Data           1  canfestival_master.o(.data)
    _obj1280_COB_ID_Client_to_Server_Transmit_SDO 0x20000b04   Data           4  canfestival_master.o(.data)
    _obj1280_COB_ID_Server_to_Client_Receive_SDO 0x20000b08   Data           4  canfestival_master.o(.data)
    _obj1280_Node_ID_of_the_SDO_Server       0x20000b0c   Data           1  canfestival_master.o(.data)
    _Index1280                               0x20000b10   Data          48  canfestival_master.o(.data)
    _highestSubIndex_obj1400                 0x20000b40   Data           1  canfestival_master.o(.data)
    _obj1400_COB_ID_used_by_PDO              0x20000b44   Data           4  canfestival_master.o(.data)
    _obj1400_Transmission_Type               0x20000b48   Data           1  canfestival_master.o(.data)
    _Index1400                               0x20000b4c   Data          36  canfestival_master.o(.data)
    _highestSubIndex_obj1401                 0x20000b70   Data           1  canfestival_master.o(.data)
    _obj1401_COB_ID_used_by_PDO              0x20000b74   Data           4  canfestival_master.o(.data)
    _obj1401_Transmission_Type               0x20000b78   Data           1  canfestival_master.o(.data)
    _Index1401                               0x20000b7c   Data          36  canfestival_master.o(.data)
    _highestSubIndex_obj1402                 0x20000ba0   Data           1  canfestival_master.o(.data)
    _obj1402_COB_ID_used_by_PDO              0x20000ba4   Data           4  canfestival_master.o(.data)
    _obj1402_Transmission_Type               0x20000ba8   Data           1  canfestival_master.o(.data)
    _Index1402                               0x20000bac   Data          36  canfestival_master.o(.data)
    _highestSubIndex_obj1403                 0x20000bd0   Data           1  canfestival_master.o(.data)
    _obj1403_COB_ID_used_by_PDO              0x20000bd4   Data           4  canfestival_master.o(.data)
    _obj1403_Transmission_Type               0x20000bd8   Data           1  canfestival_master.o(.data)
    _Index1403                               0x20000bdc   Data          36  canfestival_master.o(.data)
    _highestSubIndex_obj1600                 0x20000c00   Data           1  canfestival_master.o(.data)
    _obj1600                                 0x20000c04   Data          12  canfestival_master.o(.data)
    _Index1600                               0x20000c10   Data          48  canfestival_master.o(.data)
    _highestSubIndex_obj1601                 0x20000c40   Data           1  canfestival_master.o(.data)
    _obj1601                                 0x20000c44   Data          12  canfestival_master.o(.data)
    _Index1601                               0x20000c50   Data          48  canfestival_master.o(.data)
    _highestSubIndex_obj1602                 0x20000c80   Data           1  canfestival_master.o(.data)
    _obj1602                                 0x20000c84   Data          32  canfestival_master.o(.data)
    _Index1602                               0x20000ca4   Data         108  canfestival_master.o(.data)
    _highestSubIndex_obj1603                 0x20000d10   Data           1  canfestival_master.o(.data)
    _Index1603                               0x20000d14   Data         108  canfestival_master.o(.data)
    _highestSubIndex_obj1800                 0x20000d80   Data           1  canfestival_master.o(.data)
    _obj1800_COB_ID_used_by_PDO              0x20000d84   Data           4  canfestival_master.o(.data)
    _obj1800_Transmission_Type               0x20000d88   Data           1  canfestival_master.o(.data)
    _obj1800_Inhibit_Time                    0x20000d8a   Data           2  canfestival_master.o(.data)
    _obj1800_Compatibility_Entry             0x20000d8c   Data           1  canfestival_master.o(.data)
    _obj1800_Event_Timer                     0x20000d8e   Data           2  canfestival_master.o(.data)
    _Index1800                               0x20000d90   Data          72  canfestival_master.o(.data)
    _highestSubIndex_obj1801                 0x20000dd8   Data           1  canfestival_master.o(.data)
    _obj1801_COB_ID_used_by_PDO              0x20000ddc   Data           4  canfestival_master.o(.data)
    _obj1801_Transmission_Type               0x20000de0   Data           1  canfestival_master.o(.data)
    _obj1801_Inhibit_Time                    0x20000de2   Data           2  canfestival_master.o(.data)
    _obj1801_Compatibility_Entry             0x20000de4   Data           1  canfestival_master.o(.data)
    _obj1801_Event_Timer                     0x20000de6   Data           2  canfestival_master.o(.data)
    _Index1801                               0x20000de8   Data          72  canfestival_master.o(.data)
    _highestSubIndex_obj1802                 0x20000e30   Data           1  canfestival_master.o(.data)
    _obj1802_COB_ID_used_by_PDO              0x20000e34   Data           4  canfestival_master.o(.data)
    _obj1802_Transmission_Type               0x20000e38   Data           1  canfestival_master.o(.data)
    _obj1802_Inhibit_Time                    0x20000e3a   Data           2  canfestival_master.o(.data)
    _obj1802_Compatibility_Entry             0x20000e3c   Data           1  canfestival_master.o(.data)
    _obj1802_Event_Timer                     0x20000e3e   Data           2  canfestival_master.o(.data)
    _Index1802                               0x20000e40   Data          72  canfestival_master.o(.data)
    _highestSubIndex_obj1803                 0x20000e88   Data           1  canfestival_master.o(.data)
    _obj1803_COB_ID_used_by_PDO              0x20000e8c   Data           4  canfestival_master.o(.data)
    _obj1803_Transmission_Type               0x20000e90   Data           1  canfestival_master.o(.data)
    _obj1803_Inhibit_Time                    0x20000e92   Data           2  canfestival_master.o(.data)
    _obj1803_Compatibility_Entry             0x20000e94   Data           1  canfestival_master.o(.data)
    _obj1803_Event_Timer                     0x20000e96   Data           2  canfestival_master.o(.data)
    _Index1803                               0x20000e98   Data          72  canfestival_master.o(.data)
    _highestSubIndex_obj1A00                 0x20000ee0   Data           1  canfestival_master.o(.data)
    _obj1A00                                 0x20000ee4   Data           8  canfestival_master.o(.data)
    _Index1A00                               0x20000eec   Data          36  canfestival_master.o(.data)
    _highestSubIndex_obj1A01                 0x20000f10   Data           1  canfestival_master.o(.data)
    _obj1A01                                 0x20000f14   Data           8  canfestival_master.o(.data)
    _Index1A01                               0x20000f1c   Data          36  canfestival_master.o(.data)
    _highestSubIndex_obj1A02                 0x20000f40   Data           1  canfestival_master.o(.data)
    _Index1A02                               0x20000f44   Data         108  canfestival_master.o(.data)
    _highestSubIndex_obj1A03                 0x20000fb0   Data           1  canfestival_master.o(.data)
    _Index1A03                               0x20000fb4   Data         108  canfestival_master.o(.data)
    _highestSubIndex_obj2000                 0x20001020   Data           1  canfestival_master.o(.data)
    _Index2000                               0x20001024   Data          84  canfestival_master.o(.data)
    _highestSubIndex_obj2001                 0x20001078   Data           1  canfestival_master.o(.data)
    _Index2001                               0x2000107c   Data          48  canfestival_master.o(.data)
    _highestSubIndex_obj2002                 0x200010ac   Data           1  canfestival_master.o(.data)
    _Index2002                               0x200010b0   Data         516  canfestival_master.o(.data)
    _highestSubIndex_obj2003                 0x200012b4   Data           1  canfestival_master.o(.data)
    _Index2003                               0x200012b8   Data         996  canfestival_master.o(.data)
    _highestSubIndex_obj2004                 0x2000169c   Data           1  canfestival_master.o(.data)
    _Index2004                               0x200016a0   Data         684  canfestival_master.o(.data)
    _highestSubIndex_obj2005                 0x2000194c   Data           1  canfestival_master.o(.data)
    _Index2005                               0x20001950   Data         756  canfestival_master.o(.data)
    _highestSubIndex_obj2006                 0x20001c44   Data           1  canfestival_master.o(.data)
    _Index2006                               0x20001c48   Data         252  canfestival_master.o(.data)
    _highestSubIndex_obj2007                 0x20001d44   Data           1  canfestival_master.o(.data)
    _Index2007                               0x20001d48   Data         504  canfestival_master.o(.data)
    _highestSubIndex_obj2008                 0x20001f40   Data           1  canfestival_master.o(.data)
    _Index2008                               0x20001f44   Data         312  canfestival_master.o(.data)
    _highestSubIndex_obj2009                 0x2000207c   Data           1  canfestival_master.o(.data)
    _Index2009                               0x20002080   Data         492  canfestival_master.o(.data)
    _highestSubIndex_obj200A                 0x2000226c   Data           1  canfestival_master.o(.data)
    _Index200A                               0x20002270   Data         420  canfestival_master.o(.data)
    _highestSubIndex_obj200B                 0x20002414   Data           1  canfestival_master.o(.data)
    _Index200B                               0x20002418   Data        1044  canfestival_master.o(.data)
    _highestSubIndex_obj200C                 0x2000282c   Data           1  canfestival_master.o(.data)
    _Index200C                               0x20002830   Data         444  canfestival_master.o(.data)
    _highestSubIndex_obj200D                 0x200029ec   Data           1  canfestival_master.o(.data)
    _Index200D                               0x200029f0   Data         264  canfestival_master.o(.data)
    _highestSubIndex_obj200F                 0x20002af8   Data           1  canfestival_master.o(.data)
    _Index200F                               0x20002afc   Data         264  canfestival_master.o(.data)
    _highestSubIndex_obj2011                 0x20002c04   Data           1  canfestival_master.o(.data)
    _Index2011                               0x20002c08   Data        1116  canfestival_master.o(.data)
    _highestSubIndex_obj2017                 0x20003064   Data           1  canfestival_master.o(.data)
    _Index2017                               0x20003068   Data         792  canfestival_master.o(.data)
    _highestSubIndex_obj2030                 0x20003380   Data           1  canfestival_master.o(.data)
    _Index2030                               0x20003384   Data          60  canfestival_master.o(.data)
    _highestSubIndex_obj2031                 0x200033c0   Data           1  canfestival_master.o(.data)
    _Index2031                               0x200033c4   Data         156  canfestival_master.o(.data)
    _Index203F                               0x20003460   Data          12  canfestival_master.o(.data)
    _Index603F                               0x2000346c   Data          12  canfestival_master.o(.data)
    _Index6040                               0x20003478   Data          12  canfestival_master.o(.data)
    _Index6041                               0x20003484   Data          12  canfestival_master.o(.data)
    _Index605A                               0x20003490   Data          12  canfestival_master.o(.data)
    _Index605D                               0x2000349c   Data          12  canfestival_master.o(.data)
    _Index6060                               0x200034a8   Data          12  canfestival_master.o(.data)
    _Index6061                               0x200034b4   Data          12  canfestival_master.o(.data)
    _Index6062                               0x200034c0   Data          12  canfestival_master.o(.data)
    _Index6063                               0x200034cc   Data          12  canfestival_master.o(.data)
    _Index6064                               0x200034d8   Data          12  canfestival_master.o(.data)
    _Index6065                               0x200034e4   Data          12  canfestival_master.o(.data)
    _Index6066                               0x200034f0   Data          12  canfestival_master.o(.data)
    _Index6067                               0x200034fc   Data          12  canfestival_master.o(.data)
    _Index6068                               0x20003508   Data          12  canfestival_master.o(.data)
    _Index606B                               0x20003514   Data          12  canfestival_master.o(.data)
    _Index606C                               0x20003520   Data          12  canfestival_master.o(.data)
    _Index606D                               0x2000352c   Data          12  canfestival_master.o(.data)
    _Index606E                               0x20003538   Data          12  canfestival_master.o(.data)
    _Index606F                               0x20003544   Data          12  canfestival_master.o(.data)
    _Index6070                               0x20003550   Data          12  canfestival_master.o(.data)
    _Index6071                               0x2000355c   Data          12  canfestival_master.o(.data)
    _Index6072                               0x20003568   Data          12  canfestival_master.o(.data)
    _Index6074                               0x20003574   Data          12  canfestival_master.o(.data)
    _Index6077                               0x20003580   Data          12  canfestival_master.o(.data)
    _Index607A                               0x2000358c   Data          12  canfestival_master.o(.data)
    _Index607C                               0x20003598   Data          12  canfestival_master.o(.data)
    _highestSubIndex_obj607D                 0x200035a4   Data           1  canfestival_master.o(.data)
    _Index607D                               0x200035a8   Data          36  canfestival_master.o(.data)
    _Index607E                               0x200035cc   Data          12  canfestival_master.o(.data)
    _Index607F                               0x200035d8   Data          12  canfestival_master.o(.data)
    _Index6081                               0x200035e4   Data          12  canfestival_master.o(.data)
    _Index6083                               0x200035f0   Data          12  canfestival_master.o(.data)
    _Index6084                               0x200035fc   Data          12  canfestival_master.o(.data)
    _Index6085                               0x20003608   Data          12  canfestival_master.o(.data)
    _Index6086                               0x20003614   Data          12  canfestival_master.o(.data)
    _Index6087                               0x20003620   Data          12  canfestival_master.o(.data)
    _highestSubIndex_obj6091                 0x2000362c   Data           1  canfestival_master.o(.data)
    _Index6091                               0x20003630   Data          36  canfestival_master.o(.data)
    _Index6098                               0x20003654   Data          12  canfestival_master.o(.data)
    _highestSubIndex_obj6099                 0x20003660   Data           1  canfestival_master.o(.data)
    _Index6099                               0x20003664   Data          36  canfestival_master.o(.data)
    _Index609A                               0x20003688   Data          12  canfestival_master.o(.data)
    _highestSubIndex_obj60C1                 0x20003694   Data           1  canfestival_master.o(.data)
    _Index60C1                               0x20003698   Data          24  canfestival_master.o(.data)
    _highestSubIndex_obj60C2                 0x200036b0   Data           1  canfestival_master.o(.data)
    _Index60C2                               0x200036b4   Data          36  canfestival_master.o(.data)
    _Index60C5                               0x200036d8   Data          12  canfestival_master.o(.data)
    _Index60C6                               0x200036e4   Data          12  canfestival_master.o(.data)
    _Index60E0                               0x200036f0   Data          12  canfestival_master.o(.data)
    _Index60E1                               0x200036fc   Data          12  canfestival_master.o(.data)
    _Index60E6                               0x20003708   Data          12  canfestival_master.o(.data)
    _Index60F4                               0x20003714   Data          12  canfestival_master.o(.data)
    _Index60FC                               0x20003720   Data          12  canfestival_master.o(.data)
    _Index60FD                               0x2000372c   Data          12  canfestival_master.o(.data)
    _highestSubIndex_obj60FE                 0x20003738   Data           1  canfestival_master.o(.data)
    _Index60FE                               0x2000373c   Data          36  canfestival_master.o(.data)
    _Index60FF                               0x20003760   Data          12  canfestival_master.o(.data)
    _Index6502                               0x2000376c   Data          12  canfestival_master.o(.data)
    canfestival_master_PDO_status            0x20003778   Data          72  canfestival_master.o(.data)
    masterObjdict_Data                       0x200037c0   Data         572  canfestival_master.o(.data)
    hcan1                                    0x200039fc   Data          40  main.o(.bss)
    hcan2                                    0x20003a24   Data          40  main.o(.bss)
    hi2c2                                    0x20003a4c   Data          84  main.o(.bss)
    hspi1                                    0x20003aa0   Data          88  main.o(.bss)
    hspi2                                    0x20003af8   Data          88  main.o(.bss)
    hspi3                                    0x20003b50   Data          88  main.o(.bss)
    hspi4                                    0x20003ba8   Data          88  main.o(.bss)
    hspi5                                    0x20003c00   Data          88  main.o(.bss)
    htim1                                    0x20003c58   Data          72  main.o(.bss)
    htim3                                    0x20003ca0   Data          72  main.o(.bss)
    htim4                                    0x20003ce8   Data          72  main.o(.bss)
    htim5                                    0x20003d30   Data          72  main.o(.bss)
    htim8                                    0x20003d78   Data          72  main.o(.bss)
    huart4                                   0x20003dc0   Data          72  main.o(.bss)
    huart1                                   0x20003e08   Data          72  main.o(.bss)
    huart2                                   0x20003e50   Data          72  main.o(.bss)
    huart3                                   0x20003e98   Data          72  main.o(.bss)
    huart6                                   0x20003ee0   Data          72  main.o(.bss)
    hsdram1                                  0x20003f28   Data          52  main.o(.bss)
    USART_RX_BUF                             0x20003f5c   Data         128  rs485.o(.bss)
    USART_IT_BUF                             0x20003fdc   Data         128  rs485.o(.bss)
    gTime                                    0x20004260   Data          20  userapp.o(.bss)
    gStatus                                  0x20004274   Data          32  userapp.o(.bss)
    motionStatus                             0x20004294   Data          40  userapp.o(.bss)
    w5500_udp_var                            0x200042bc   Data          20  userapp.o(.bss)
    can_var                                  0x200042d0   Data          48  userapp.o(.bss)
    modbusPosi                               0x20004300   Data          20  userapp.o(.bss)
    sdramRecord                              0x20004314   Data          16  userapp.o(.bss)
    gDATABUF                                 0x20004324   Data        2048  userapp.o(.bss)
    gSendBUF                                 0x20004b24   Data        1400  userapp.o(.bss)
    timers                                   0x2000509c   Data         192  timer.o(.bss)
    Basic_Control_Parameters_Compatibility_Entry 0x2000515c   Data          14  canfestival_master.o(.bss)
    Input_Terminal_Parameters_Compatibility_Entry 0x2000516a   Data          48  canfestival_master.o(.bss)
    Output_terminal_Parameters_Compatibility_Entry 0x2000519a   Data          39  canfestival_master.o(.bss)
    Position_Control_Parameters_Compatibility_Entry 0x200051c1   Data          26  canfestival_master.o(.bss)
    Torque_Control_Parameters_Compatibility_Entry 0x200051db   Data          20  canfestival_master.o(.bss)
    Auto_adjusting_Parameters_Compatibility_Entry 0x200051ef   Data          13  canfestival_master.o(.bss)
    Fault_and_Protection_Compatibility_Entry 0x200051fc   Data          12  canfestival_master.o(.bss)
    Display_Parameters_Compatibility_Entry   0x20005208   Data          35  canfestival_master.o(.bss)
    Communication_Parameters_Compatibility_Entry 0x2000522b   Data          20  canfestival_master.o(.bss)
    Auxiliary_Function_Parameters_Compatibility_Entry 0x2000523f   Data          11  canfestival_master.o(.bss)
    Full_Closed_loop_Parameters_Compatibility_Entry 0x2000524a   Data          12  canfestival_master.o(.bss)
    Multi_Position_Function_Parameters_Compatibility_Entry 0x20005256   Data          22  canfestival_master.o(.bss)
    canfestival_master_obj1003               0x2000526c   Data          16  canfestival_master.o(.bss)
    _Index1003_callbacks                     0x2000527c   Data          20  canfestival_master.o(.bss)
    canfestival_master_obj1016               0x20005290   Data          20  canfestival_master.o(.bss)
    _obj1603                                 0x200052a4   Data          32  canfestival_master.o(.bss)
    _Index1800_callbacks                     0x200052c4   Data          24  canfestival_master.o(.bss)
    _Index1801_callbacks                     0x200052dc   Data          24  canfestival_master.o(.bss)
    _Index1802_callbacks                     0x200052f4   Data          24  canfestival_master.o(.bss)
    _Index1803_callbacks                     0x2000530c   Data          24  canfestival_master.o(.bss)
    _obj1A02                                 0x20005324   Data          32  canfestival_master.o(.bss)
    _obj1A03                                 0x20005344   Data          32  canfestival_master.o(.bss)
    __libspace_start                         0x20005364   Data          96  libspace.o(.bss)
    __temporary_stack_top$libspace           0x200053c4   Data           0  libspace.o(.bss)
    sramArray                                0xc0000000   Data       12800000  userapp.o(.ARM.__AT_0xC0000000)



==============================================================================

Memory Map of the image

  Image Entry point : 0x080001ad

  Load Region LR_IROM1 (Base: 0x08000000, Size: 0x0000dcac, Max: 0x00100000, ABSOLUTE, COMPRESSED[0x0000b37c])

    Execution Region ER_IROM1 (Exec base: 0x08000000, Load base: 0x08000000, Size: 0x0000a2b0, Max: 0x00100000, ABSOLUTE)

    Exec Addr    Load Addr    Size         Type   Attr      Idx    E Section Name        Object

    0x08000000   0x08000000   0x000001ac   Data   RO            3    RESET               startup_stm32f429xx.o
    0x080001ac   0x080001ac   0x00000008   Code   RO         7912  * !!!main             c_w.l(__main.o)
    0x080001b4   0x080001b4   0x00000034   Code   RO         8226    !!!scatter          c_w.l(__scatter.o)
    0x080001e8   0x080001e8   0x0000005a   Code   RO         8224    !!dczerorl2         c_w.l(__dczerorl2.o)
    0x08000242   0x08000242   0x00000002   PAD
    0x08000244   0x08000244   0x0000001c   Code   RO         8228    !!handler_zi        c_w.l(__scatter_zi.o)
    0x08000260   0x08000260   0x00000000   Code   RO         7901    .ARM.Collect$$_printf_percent$$00000000  c_w.l(_printf_percent.o)
    0x08000260   0x08000260   0x00000006   Code   RO         7898    .ARM.Collect$$_printf_percent$$00000009  c_w.l(_printf_d.o)
    0x08000266   0x08000266   0x00000006   Code   RO         7899    .ARM.Collect$$_printf_percent$$0000000A  c_w.l(_printf_u.o)
    0x0800026c   0x0800026c   0x00000006   Code   RO         7897    .ARM.Collect$$_printf_percent$$0000000C  c_w.l(_printf_x.o)
    0x08000272   0x08000272   0x00000006   Code   RO         7896    .ARM.Collect$$_printf_percent$$00000014  c_w.l(_printf_s.o)
    0x08000278   0x08000278   0x00000004   Code   RO         7988    .ARM.Collect$$_printf_percent$$00000017  c_w.l(_printf_percent_end.o)
    0x0800027c   0x0800027c   0x00000002   Code   RO         8165    .ARM.Collect$$libinit$$00000000  c_w.l(libinit.o)
    0x0800027e   0x0800027e   0x00000004   Code   RO         7991    .ARM.Collect$$libinit$$00000001  c_w.l(libinit2.o)
    0x08000282   0x08000282   0x00000000   Code   RO         7994    .ARM.Collect$$libinit$$00000004  c_w.l(libinit2.o)
    0x08000282   0x08000282   0x00000000   Code   RO         7997    .ARM.Collect$$libinit$$0000000A  c_w.l(libinit2.o)
    0x08000282   0x08000282   0x00000000   Code   RO         7999    .ARM.Collect$$libinit$$0000000C  c_w.l(libinit2.o)
    0x08000282   0x08000282   0x00000000   Code   RO         8001    .ARM.Collect$$libinit$$0000000E  c_w.l(libinit2.o)
    0x08000282   0x08000282   0x00000000   Code   RO         8004    .ARM.Collect$$libinit$$00000011  c_w.l(libinit2.o)
    0x08000282   0x08000282   0x00000000   Code   RO         8006    .ARM.Collect$$libinit$$00000013  c_w.l(libinit2.o)
    0x08000282   0x08000282   0x00000000   Code   RO         8008    .ARM.Collect$$libinit$$00000015  c_w.l(libinit2.o)
    0x08000282   0x08000282   0x00000000   Code   RO         8010    .ARM.Collect$$libinit$$00000017  c_w.l(libinit2.o)
    0x08000282   0x08000282   0x00000000   Code   RO         8012    .ARM.Collect$$libinit$$00000019  c_w.l(libinit2.o)
    0x08000282   0x08000282   0x00000000   Code   RO         8014    .ARM.Collect$$libinit$$0000001B  c_w.l(libinit2.o)
    0x08000282   0x08000282   0x00000000   Code   RO         8016    .ARM.Collect$$libinit$$0000001D  c_w.l(libinit2.o)
    0x08000282   0x08000282   0x00000000   Code   RO         8018    .ARM.Collect$$libinit$$0000001F  c_w.l(libinit2.o)
    0x08000282   0x08000282   0x00000000   Code   RO         8020    .ARM.Collect$$libinit$$00000021  c_w.l(libinit2.o)
    0x08000282   0x08000282   0x00000000   Code   RO         8022    .ARM.Collect$$libinit$$00000023  c_w.l(libinit2.o)
    0x08000282   0x08000282   0x00000000   Code   RO         8024    .ARM.Collect$$libinit$$00000025  c_w.l(libinit2.o)
    0x08000282   0x08000282   0x00000000   Code   RO         8028    .ARM.Collect$$libinit$$0000002C  c_w.l(libinit2.o)
    0x08000282   0x08000282   0x00000000   Code   RO         8030    .ARM.Collect$$libinit$$0000002E  c_w.l(libinit2.o)
    0x08000282   0x08000282   0x00000000   Code   RO         8032    .ARM.Collect$$libinit$$00000030  c_w.l(libinit2.o)
    0x08000282   0x08000282   0x00000000   Code   RO         8034    .ARM.Collect$$libinit$$00000032  c_w.l(libinit2.o)
    0x08000282   0x08000282   0x00000002   Code   RO         8035    .ARM.Collect$$libinit$$00000033  c_w.l(libinit2.o)
    0x08000284   0x08000284   0x00000002   Code   RO         8221    .ARM.Collect$$libshutdown$$00000000  c_w.l(libshutdown.o)
    0x08000286   0x08000286   0x00000000   Code   RO         8179    .ARM.Collect$$libshutdown$$00000002  c_w.l(libshutdown2.o)
    0x08000286   0x08000286   0x00000000   Code   RO         8181    .ARM.Collect$$libshutdown$$00000004  c_w.l(libshutdown2.o)
    0x08000286   0x08000286   0x00000000   Code   RO         8183    .ARM.Collect$$libshutdown$$00000006  c_w.l(libshutdown2.o)
    0x08000286   0x08000286   0x00000000   Code   RO         8186    .ARM.Collect$$libshutdown$$00000009  c_w.l(libshutdown2.o)
    0x08000286   0x08000286   0x00000000   Code   RO         8189    .ARM.Collect$$libshutdown$$0000000C  c_w.l(libshutdown2.o)
    0x08000286   0x08000286   0x00000000   Code   RO         8191    .ARM.Collect$$libshutdown$$0000000E  c_w.l(libshutdown2.o)
    0x08000286   0x08000286   0x00000000   Code   RO         8194    .ARM.Collect$$libshutdown$$00000011  c_w.l(libshutdown2.o)
    0x08000286   0x08000286   0x00000002   Code   RO         8195    .ARM.Collect$$libshutdown$$00000012  c_w.l(libshutdown2.o)
    0x08000288   0x08000288   0x00000000   Code   RO         7950    .ARM.Collect$$rtentry$$00000000  c_w.l(__rtentry.o)
    0x08000288   0x08000288   0x00000000   Code   RO         8053    .ARM.Collect$$rtentry$$00000002  c_w.l(__rtentry2.o)
    0x08000288   0x08000288   0x00000006   Code   RO         8065    .ARM.Collect$$rtentry$$00000004  c_w.l(__rtentry4.o)
    0x0800028e   0x0800028e   0x00000000   Code   RO         8055    .ARM.Collect$$rtentry$$00000009  c_w.l(__rtentry2.o)
    0x0800028e   0x0800028e   0x00000004   Code   RO         8056    .ARM.Collect$$rtentry$$0000000A  c_w.l(__rtentry2.o)
    0x08000292   0x08000292   0x00000000   Code   RO         8058    .ARM.Collect$$rtentry$$0000000C  c_w.l(__rtentry2.o)
    0x08000292   0x08000292   0x00000008   Code   RO         8059    .ARM.Collect$$rtentry$$0000000D  c_w.l(__rtentry2.o)
    0x0800029a   0x0800029a   0x00000002   Code   RO         8166    .ARM.Collect$$rtexit$$00000000  c_w.l(rtexit.o)
    0x0800029c   0x0800029c   0x00000000   Code   RO         8197    .ARM.Collect$$rtexit$$00000002  c_w.l(rtexit2.o)
    0x0800029c   0x0800029c   0x00000004   Code   RO         8198    .ARM.Collect$$rtexit$$00000003  c_w.l(rtexit2.o)
    0x080002a0   0x080002a0   0x00000006   Code   RO         8199    .ARM.Collect$$rtexit$$00000004  c_w.l(rtexit2.o)
    0x080002a6   0x080002a6   0x00000002   PAD
    0x080002a8   0x080002a8   0x00000040   Code   RO            4    .text               startup_stm32f429xx.o
    0x080002e8   0x080002e8   0x00000002   Code   RO         7771    .text               c_w.l(use_no_semi_2.o)
    0x080002ea   0x080002ea   0x000000ee   Code   RO         7835    .text               c_w.l(lludivv7m.o)
    0x080003d8   0x080003d8   0x00000018   Code   RO         7845    .text               c_w.l(noretval__2printf.o)
    0x080003f0   0x080003f0   0x0000004e   Code   RO         7849    .text               c_w.l(_printf_pad.o)
    0x0800043e   0x0800043e   0x00000052   Code   RO         7851    .text               c_w.l(_printf_str.o)
    0x08000490   0x08000490   0x00000078   Code   RO         7853    .text               c_w.l(_printf_dec.o)
    0x08000508   0x08000508   0x00000058   Code   RO         7858    .text               c_w.l(_printf_hex_int.o)
    0x08000560   0x08000560   0x00000188   Code   RO         7893    .text               c_w.l(__printf_flags_ss_wp.o)
    0x080006e8   0x080006e8   0x00000058   Code   RO         7902    .text               c_w.l(memcmp.o)
    0x08000740   0x08000740   0x0000008a   Code   RO         7904    .text               c_w.l(rt_memcpy_v6.o)
    0x080007ca   0x080007ca   0x00000064   Code   RO         7906    .text               c_w.l(rt_memcpy_w.o)
    0x0800082e   0x0800082e   0x0000004e   Code   RO         7908    .text               c_w.l(rt_memclr_w.o)
    0x0800087c   0x0800087c   0x00000006   Code   RO         7910    .text               c_w.l(heapauxi.o)
    0x08000882   0x08000882   0x00000002   Code   RO         7946    .text               c_w.l(use_no_semi.o)
    0x08000884   0x08000884   0x000000b2   Code   RO         7980    .text               c_w.l(_printf_intcommon.o)
    0x08000936   0x08000936   0x0000002c   Code   RO         7984    .text               c_w.l(_printf_char.o)
    0x08000962   0x08000962   0x00000002   PAD
    0x08000964   0x08000964   0x00000024   Code   RO         7986    .text               c_w.l(_printf_char_file.o)
    0x08000988   0x08000988   0x00000008   Code   RO         8049    .text               c_w.l(libspace.o)
    0x08000990   0x08000990   0x00000030   Code   RO         8084    .text               c_w.l(_printf_char_common.o)
    0x080009c0   0x080009c0   0x00000008   Code   RO         8113    .text               c_w.l(ferror.o)
    0x080009c8   0x080009c8   0x0000004a   Code   RO         8136    .text               c_w.l(sys_stackheap_outer.o)
    0x08000a12   0x08000a12   0x00000012   Code   RO         8144    .text               c_w.l(exit.o)
    0x08000a24   0x08000a24   0x00000004   Code   RO          421    i.BusFault_Handler  stm32f4xx_it.o
    0x08000a28   0x08000a28   0x00000010   Code   RO          422    i.CAN1_RX0_IRQHandler  stm32f4xx_it.o
    0x08000a38   0x08000a38   0x00000010   Code   RO          423    i.CAN2_RX0_IRQHandler  stm32f4xx_it.o
    0x08000a48   0x08000a48   0x00000032   Code   RO         6908    i.ConsumerHeartbeatAlarm  lifegrd.o
    0x08000a7a   0x08000a7a   0x000000ec   Code   RO         7169    i.CopyBits          pdo.o
    0x08000b66   0x08000b66   0x00000002   Code   RO          424    i.DebugMon_Handler  stm32f4xx_it.o
    0x08000b68   0x08000b68   0x00000038   Code   RO         7617    i.DelAlarm          timer.o
    0x08000ba0   0x08000ba0   0x0000004c   Code   RO         4990    i.EXTI0_IRQHandler  exti.o
    0x08000bec   0x08000bec   0x00000034   Code   RO         4991    i.EXTI15_10_IRQHandler  exti.o
    0x08000c20   0x08000c20   0x00000034   Code   RO         4992    i.EXTI2_IRQHandler  exti.o
    0x08000c54   0x08000c54   0x0000004c   Code   RO         4993    i.EXTI3_IRQHandler  exti.o
    0x08000ca0   0x08000ca0   0x00000006   Code   RO           13    i.Error_Handler     main.o
    0x08000ca6   0x08000ca6   0x00000076   Code   RO         6909    i.GuardTimeAlarm    lifegrd.o
    0x08000d1c   0x08000d1c   0x0000014a   Code   RO          678    i.HAL_CAN_AddTxMessage  stm32f4xx_hal_can.o
    0x08000e66   0x08000e66   0x00000002   Code   RO          682    i.HAL_CAN_ErrorCallback  stm32f4xx_hal_can.o
    0x08000e68   0x08000e68   0x00000194   Code   RO          685    i.HAL_CAN_GetRxMessage  stm32f4xx_hal_can.o
    0x08000ffc   0x08000ffc   0x0000024e   Code   RO          689    i.HAL_CAN_IRQHandler  stm32f4xx_hal_can.o
    0x0800124a   0x0800124a   0x00000002   Code   RO          697    i.HAL_CAN_RxFifo0FullCallback  stm32f4xx_hal_can.o
    0x0800124c   0x0800124c   0x00000140   Code   RO         6450    i.HAL_CAN_RxFifo0MsgPendingCallback  userapp.o
    0x0800138c   0x0800138c   0x00000002   Code   RO          699    i.HAL_CAN_RxFifo1FullCallback  stm32f4xx_hal_can.o
    0x0800138e   0x0800138e   0x00000002   Code   RO          700    i.HAL_CAN_RxFifo1MsgPendingCallback  stm32f4xx_hal_can.o
    0x08001390   0x08001390   0x00000002   Code   RO          701    i.HAL_CAN_SleepCallback  stm32f4xx_hal_can.o
    0x08001392   0x08001392   0x00000002   Code   RO          704    i.HAL_CAN_TxMailbox0AbortCallback  stm32f4xx_hal_can.o
    0x08001394   0x08001394   0x00000002   Code   RO          705    i.HAL_CAN_TxMailbox0CompleteCallback  stm32f4xx_hal_can.o
    0x08001396   0x08001396   0x00000002   Code   RO          706    i.HAL_CAN_TxMailbox1AbortCallback  stm32f4xx_hal_can.o
    0x08001398   0x08001398   0x00000002   Code   RO          707    i.HAL_CAN_TxMailbox1CompleteCallback  stm32f4xx_hal_can.o
    0x0800139a   0x0800139a   0x00000002   Code   RO          708    i.HAL_CAN_TxMailbox2AbortCallback  stm32f4xx_hal_can.o
    0x0800139c   0x0800139c   0x00000002   Code   RO          709    i.HAL_CAN_TxMailbox2CompleteCallback  stm32f4xx_hal_can.o
    0x0800139e   0x0800139e   0x00000002   Code   RO          711    i.HAL_CAN_WakeUpFromRxMsgCallback  stm32f4xx_hal_can.o
    0x080013a0   0x080013a0   0x000000ac   Code   RO         1474    i.HAL_DMA_Abort     stm32f4xx_hal_dma.o
    0x0800144c   0x0800144c   0x00000028   Code   RO         1475    i.HAL_DMA_Abort_IT  stm32f4xx_hal_dma.o
    0x08001474   0x08001474   0x00000028   Code   RO         1922    i.HAL_Delay         stm32f4xx_hal.o
    0x0800149c   0x0800149c   0x00000210   Code   RO         1367    i.HAL_GPIO_Init     stm32f4xx_hal_gpio.o
    0x080016ac   0x080016ac   0x00000010   Code   RO         1369    i.HAL_GPIO_ReadPin  stm32f4xx_hal_gpio.o
    0x080016bc   0x080016bc   0x0000000c   Code   RO         1371    i.HAL_GPIO_WritePin  stm32f4xx_hal_gpio.o
    0x080016c8   0x080016c8   0x0000000c   Code   RO         1930    i.HAL_GetTick       stm32f4xx_hal.o
    0x080016d4   0x080016d4   0x00000018   Code   RO         1936    i.HAL_IncTick       stm32f4xx_hal.o
    0x080016ec   0x080016ec   0x0000003c   Code   RO         1937    i.HAL_Init          stm32f4xx_hal.o
    0x08001728   0x08001728   0x0000004c   Code   RO         1938    i.HAL_InitTick      stm32f4xx_hal.o
    0x08001774   0x08001774   0x00000048   Code   RO          556    i.HAL_MspInit       stm32f4xx_hal_msp.o
    0x080017bc   0x080017bc   0x0000007c   Code   RO         1781    i.HAL_NVIC_SetPriority  stm32f4xx_hal_cortex.o
    0x08001838   0x08001838   0x00000028   Code   RO         1782    i.HAL_NVIC_SetPriorityGrouping  stm32f4xx_hal_cortex.o
    0x08001860   0x08001860   0x0000008c   Code   RO         1703    i.HAL_PWREx_EnableOverDrive  stm32f4xx_hal_pwr_ex.o
    0x080018ec   0x080018ec   0x00000184   Code   RO          911    i.HAL_RCC_ClockConfig  stm32f4xx_hal_rcc.o
    0x08001a70   0x08001a70   0x0000000c   Code   RO          916    i.HAL_RCC_GetHCLKFreq  stm32f4xx_hal_rcc.o
    0x08001a7c   0x08001a7c   0x00000020   Code   RO          918    i.HAL_RCC_GetPCLK1Freq  stm32f4xx_hal_rcc.o
    0x08001a9c   0x08001a9c   0x00000020   Code   RO          919    i.HAL_RCC_GetPCLK2Freq  stm32f4xx_hal_rcc.o
    0x08001abc   0x08001abc   0x000000b0   Code   RO          920    i.HAL_RCC_GetSysClockFreq  stm32f4xx_hal_rcc.o
    0x08001b6c   0x08001b6c   0x0000049c   Code   RO          923    i.HAL_RCC_OscConfig  stm32f4xx_hal_rcc.o
    0x08002008   0x08002008   0x000000c8   Code   RO         3054    i.HAL_SPI_Init      stm32f4xx_hal_spi.o
    0x080020d0   0x080020d0   0x00000294   Code   RO          560    i.HAL_SPI_MspInit   stm32f4xx_hal_msp.o
    0x08002364   0x08002364   0x00000240   Code   RO         3063    i.HAL_SPI_TransmitReceive  stm32f4xx_hal_spi.o
    0x080025a4   0x080025a4   0x00000034   Code   RO         1786    i.HAL_SYSTICK_Config  stm32f4xx_hal_cortex.o
    0x080025d8   0x080025d8   0x00000002   Code   RO         4082    i.HAL_TIMEx_BreakCallback  stm32f4xx_hal_tim_ex.o
    0x080025da   0x080025da   0x00000002   Code   RO         4083    i.HAL_TIMEx_CommutCallback  stm32f4xx_hal_tim_ex.o
    0x080025dc   0x080025dc   0x00000002   Code   RO         3401    i.HAL_TIM_IC_CaptureCallback  stm32f4xx_hal_tim.o
    0x080025de   0x080025de   0x0000016c   Code   RO         3415    i.HAL_TIM_IRQHandler  stm32f4xx_hal_tim.o
    0x0800274a   0x0800274a   0x00000002   Code   RO         3418    i.HAL_TIM_OC_DelayElapsedCallback  stm32f4xx_hal_tim.o
    0x0800274c   0x0800274c   0x00000002   Code   RO         3445    i.HAL_TIM_PWM_PulseFinishedCallback  stm32f4xx_hal_tim.o
    0x0800274e   0x0800274e   0x00000002   PAD
    0x08002750   0x08002750   0x00000188   Code   RO         6451    i.HAL_TIM_PeriodElapsedCallback  userapp.o
    0x080028d8   0x080028d8   0x00000002   Code   RO         3458    i.HAL_TIM_TriggerCallback  stm32f4xx_hal_tim.o
    0x080028da   0x080028da   0x00000002   Code   RO         4361    i.HAL_UARTEx_RxEventCallback  stm32f4xx_hal_uart.o
    0x080028dc   0x080028dc   0x00000002   Code   RO         4375    i.HAL_UART_ErrorCallback  stm32f4xx_hal_uart.o
    0x080028de   0x080028de   0x00000002   PAD
    0x080028e0   0x080028e0   0x000002e8   Code   RO         4378    i.HAL_UART_IRQHandler  stm32f4xx_hal_uart.o
    0x08002bc8   0x08002bc8   0x00000076   Code   RO         4379    i.HAL_UART_Init     stm32f4xx_hal_uart.o
    0x08002c3e   0x08002c3e   0x00000002   PAD
    0x08002c40   0x08002c40   0x00000294   Code   RO          567    i.HAL_UART_MspInit  stm32f4xx_hal_msp.o
    0x08002ed4   0x08002ed4   0x00000048   Code   RO         5106    i.HAL_UART_RxCpltCallback  rs485.o
    0x08002f1c   0x08002f1c   0x00000002   Code   RO         4390    i.HAL_UART_TxCpltCallback  stm32f4xx_hal_uart.o
    0x08002f1e   0x08002f1e   0x00000004   Code   RO          425    i.HardFault_Handler  stm32f4xx_it.o
    0x08002f22   0x08002f22   0x00000002   PAD
    0x08002f24   0x08002f24   0x0000007c   Code   RO         5225    i.IC_MB4_DebugHostInterface  spi.o
    0x08002fa0   0x08002fa0   0x00000210   Code   RO         5226    i.IC_MB4_DebugOneShot  spi.o
    0x080031b0   0x080031b0   0x00000154   Code   RO         5227    i.IC_MB4_DebugSetup  spi.o
    0x08003304   0x08003304   0x000002f8   Code   RO           17    i.MX_GPIO_Init      main.o
    0x080035fc   0x080035fc   0x00000044   Code   RO           21    i.MX_SPI2_Init      main.o
    0x08003640   0x08003640   0x00000038   Code   RO           30    i.MX_UART4_Init     main.o
    0x08003678   0x08003678   0x00000004   Code   RO          426    i.MemManage_Handler  stm32f4xx_it.o
    0x0800367c   0x0800367c   0x00000004   Code   RO          427    i.NMI_Handler       stm32f4xx_it.o
    0x08003680   0x08003680   0x00000012   Code   RO         7545    i.OnCOB_ID_SyncUpdate  sync.o
    0x08003692   0x08003692   0x00000018   Code   RO         6910    i.OnHeartbeatProducerUpdate  lifegrd.o
    0x080036aa   0x080036aa   0x00000018   Code   RO         6911    i.OnNodeGuardUpdate  lifegrd.o
    0x080036c2   0x080036c2   0x0000002c   Code   RO         6844    i.OnNumberOfErrorsUpdate  emcy.o
    0x080036ee   0x080036ee   0x0000002e   Code   RO         7170    i.PDOEventTimerAlarm  pdo.o
    0x0800371c   0x0800371c   0x00000038   Code   RO         7171    i.PDOInhibitTimerAlarm  pdo.o
    0x08003754   0x08003754   0x00000058   Code   RO         7172    i.PDOInit           pdo.o
    0x080037ac   0x080037ac   0x00000078   Code   RO         7173    i.PDOStop           pdo.o
    0x08003824   0x08003824   0x00000002   Code   RO          428    i.PendSV_Handler    stm32f4xx_it.o
    0x08003826   0x08003826   0x00000048   Code   RO         6912    i.ProducerHeartbeatAlarm  lifegrd.o
    0x0800386e   0x0800386e   0x00000036   Code   RO         7115    i.RegisterSetODentryCallBack  objacces.o
    0x080038a4   0x080038a4   0x000001a8   Code   RO         7271    i.SDOTimeoutAlarm   sdo.o
    0x08003a4c   0x08003a4c   0x00000090   Code   RO         7272    i.SDOlineToObjdict  sdo.o
    0x08003adc   0x08003adc   0x000000d8   Code   RO         7273    i.SDOtoLine         sdo.o
    0x08003bb4   0x08003bb4   0x00000088   Code   RO         3092    i.SPI_EndRxTxTransaction  stm32f4xx_hal_spi.o
    0x08003c3c   0x08003c3c   0x000000d8   Code   RO         3097    i.SPI_WaitFlagStateUntilTimeout  stm32f4xx_hal_spi.o
    0x08003d14   0x08003d14   0x00000002   Code   RO          429    i.SVC_Handler       stm32f4xx_it.o
    0x08003d16   0x08003d16   0x00000002   PAD
    0x08003d18   0x08003d18   0x000000b4   Code   RO         7618    i.SetAlarm          timer.o
    0x08003dcc   0x08003dcc   0x0000000e   Code   RO         7546    i.SyncAlarm         sync.o
    0x08003dda   0x08003dda   0x00000008   Code   RO          430    i.SysTick_Handler   stm32f4xx_it.o
    0x08003de2   0x08003de2   0x00000002   PAD
    0x08003de4   0x08003de4   0x000000c0   Code   RO           35    i.SystemClock_Config  main.o
    0x08003ea4   0x08003ea4   0x00000014   Code   RO         4723    i.SystemInit        system_stm32f4xx.o
    0x08003eb8   0x08003eb8   0x00000010   Code   RO          431    i.TIM3_IRQHandler   stm32f4xx_it.o
    0x08003ec8   0x08003ec8   0x00000010   Code   RO          432    i.TIM4_IRQHandler   stm32f4xx_it.o
    0x08003ed8   0x08003ed8   0x00000094   Code   RO         7174    i.TPDO_Communication_Parameter_Callback  pdo.o
    0x08003f6c   0x08003f6c   0x000000c0   Code   RO         7619    i.TimeDispatch      timer.o
    0x0800402c   0x0800402c   0x00000014   Code   RO         4392    i.UART_DMAAbortOnError  stm32f4xx_hal_uart.o
    0x08004040   0x08004040   0x0000006c   Code   RO         4402    i.UART_EndRxTransfer  stm32f4xx_hal_uart.o
    0x080040ac   0x080040ac   0x00000020   Code   RO         4403    i.UART_EndTransmit_IT  stm32f4xx_hal_uart.o
    0x080040cc   0x080040cc   0x000000fc   Code   RO         4405    i.UART_Receive_IT   stm32f4xx_hal_uart.o
    0x080041c8   0x080041c8   0x0000022c   Code   RO         4406    i.UART_SetConfig    stm32f4xx_hal_uart.o
    0x080043f4   0x080043f4   0x00000060   Code   RO         4409    i.UART_Transmit_IT  stm32f4xx_hal_uart.o
    0x08004454   0x08004454   0x00000010   Code   RO          433    i.USART6_IRQHandler  stm32f4xx_it.o
    0x08004464   0x08004464   0x00000004   Code   RO          434    i.UsageFault_Handler  stm32f4xx_it.o
    0x08004468   0x08004468   0x00000030   Code   RO         5360    i.WWDG_IRQHandler   wdg.o
    0x08004498   0x08004498   0x00000010   Code   RO         5362    i.WWDG_Set_Counter  wdg.o
    0x080044a8   0x080044a8   0x00000002   Code   RO         7175    i._RxPDO_EventTimers_Handler  pdo.o
    0x080044aa   0x080044aa   0x00000002   PAD
    0x080044ac   0x080044ac   0x00000010   Code   RO         1788    i.__NVIC_GetPriorityGrouping  stm32f4xx_hal_cortex.o
    0x080044bc   0x080044bc   0x00000028   Code   RO         1789    i.__NVIC_SetPriority  stm32f4xx_hal_cortex.o
    0x080044e4   0x080044e4   0x00000144   Code   RO         7116    i._getODentry       objacces.o
    0x08004628   0x08004628   0x00000002   Code   RO         6913    i._heartbeatError   lifegrd.o
    0x0800462a   0x0800462a   0x00000002   Code   RO         7466    i._initialisation   states.o
    0x0800462c   0x0800462c   0x0000000e   Code   RO         7886    i._is_digit         c_w.l(__printf_wp.o)
    0x0800463a   0x0800463a   0x00000002   Code   RO         6914    i._nodeguardError   lifegrd.o
    0x0800463c   0x0800463c   0x00000002   Code   RO         7467    i._operational      states.o
    0x0800463e   0x0800463e   0x00000002   Code   RO         6915    i._post_SlaveBootup  lifegrd.o
    0x08004640   0x08004640   0x00000002   Code   RO         6916    i._post_SlaveStateChange  lifegrd.o
    0x08004642   0x08004642   0x00000002   Code   RO         7547    i._post_TPDO        sync.o
    0x08004644   0x08004644   0x00000002   Code   RO         6845    i._post_emcy        emcy.o
    0x08004646   0x08004646   0x00000002   Code   RO         7548    i._post_sync        sync.o
    0x08004648   0x08004648   0x00000016   Code   RO         7468    i._preOperational   states.o
    0x0800465e   0x0800465e   0x00000002   PAD
    0x08004660   0x08004660   0x00000218   Code   RO         7176    i._sendPDOevent     pdo.o
    0x08004878   0x08004878   0x00000200   Code   RO         7117    i._setODentry       objacces.o
    0x08004a78   0x08004a78   0x00000002   Code   RO         7469    i._stopped          states.o
    0x08004a7a   0x08004a7a   0x00000002   Code   RO         7118    i._storeODSubIndex  objacces.o
    0x08004a7c   0x08004a7c   0x00000004   Code   RO         6182    i._sys_exit         usart.o
    0x08004a80   0x08004a80   0x0000005c   Code   RO         7119    i.accessDictionaryError  objacces.o
    0x08004adc   0x08004adc   0x000000f8   Code   RO           36    i.bspInit           main.o
    0x08004bd4   0x08004bd4   0x00000150   Code   RO         7177    i.buildPDO          pdo.o
    0x08004d24   0x08004d24   0x000000a0   Code   RO         7470    i.canDispatch       states.o
    0x08004dc4   0x08004dc4   0x00000084   Code   RO         7699    i.canSend           canfestival_can.o
    0x08004e48   0x08004e48   0x000004c8   Code   RO         7660    i.canfestival_master_scanIndexOD  canfestival_master.o
    0x08005310   0x08005310   0x0000001c   Code   RO         7661    i.canfestival_master_valueRangeTest  canfestival_master.o
    0x0800532c   0x0800532c   0x00000020   Code   RO         6846    i.emergencyInit     emcy.o
    0x0800534c   0x0800534c   0x00000002   Code   RO         6847    i.emergencyStop     emcy.o
    0x0800534e   0x0800534e   0x00000002   PAD
    0x08005350   0x08005350   0x00000164   Code   RO         7277    i.failedSDO         sdo.o
    0x080054b4   0x080054b4   0x0000001c   Code   RO         6184    i.fputc             usart.o
    0x080054d0   0x080054d0   0x0000000c   Code   RO         7738    i.getElapsedTime    canfestival_timer.o
    0x080054dc   0x080054dc   0x00000008   Code   RO         7471    i.getNodeId         states.o
    0x080054e4   0x080054e4   0x00000084   Code   RO         7279    i.getSDOfreeLine    sdo.o
    0x08005568   0x08005568   0x00000064   Code   RO         7280    i.getSDOlineOnUse   sdo.o
    0x080055cc   0x080055cc   0x0000003e   Code   RO         7281    i.getSDOlineRestBytes  sdo.o
    0x0800560a   0x0800560a   0x00000002   PAD
    0x0800560c   0x0800560c   0x00000090   Code   RO         6918    i.heartbeatInit     lifegrd.o
    0x0800569c   0x0800569c   0x00000038   Code   RO         6919    i.heartbeatStop     lifegrd.o
    0x080056d4   0x080056d4   0x00000178   Code   RO         7284    i.initSDOline       sdo.o
    0x0800584c   0x0800584c   0x00000012   Code   RO         6920    i.lifeGuardInit     lifegrd.o
    0x0800585e   0x0800585e   0x00000012   Code   RO         6921    i.lifeGuardStop     lifegrd.o
    0x08005870   0x08005870   0x00000138   Code   RO         7285    i.lineToSDO         sdo.o
    0x080059a8   0x080059a8   0x0000000c   Code   RO           37    i.main              main.o
    0x080059b4   0x080059b4   0x00000026   Code   RO         7050    i.masterSendNMTnodeguard  nmtmaster.o
    0x080059da   0x080059da   0x0000002c   Code   RO         7051    i.masterSendNMTstateChange  nmtmaster.o
    0x08005a06   0x08005a06   0x00000002   PAD
    0x08005a08   0x08005a08   0x0000005c   Code   RO         5801    i.mb4_read_registers  mb4_1sf_driver.o
    0x08005a64   0x08005a64   0x00000054   Code   RO         5803    i.mb4_read_status   mb4_1sf_driver.o
    0x08005ab8   0x08005ab8   0x0000007c   Code   RO         5232    i.mb4_spi_transfer  spi.o
    0x08005b34   0x08005b34   0x00000040   Code   RO         5804    i.mb4_write_instruction  mb4_1sf_driver.o
    0x08005b74   0x08005b74   0x00000048   Code   RO         5806    i.mb4_write_registers  mb4_1sf_driver.o
    0x08005bbc   0x08005bbc   0x00000088   Code   RO         6922    i.nodeguardInit     lifegrd.o
    0x08005c44   0x08005c44   0x00000012   Code   RO         6923    i.nodeguardStop     lifegrd.o
    0x08005c56   0x08005c56   0x0000007a   Code   RO         7286    i.objdictToSDOline  sdo.o
    0x08005cd0   0x08005cd0   0x00000070   Code   RO         6848    i.proceedEMCY       emcy.o
    0x08005d40   0x08005d40   0x000000e0   Code   RO         7085    i.proceedNMTstateChange  nmtslave.o
    0x08005e20   0x08005e20   0x00000118   Code   RO         6924    i.proceedNODE_GUARD  lifegrd.o
    0x08005f38   0x08005f38   0x000003c4   Code   RO         7178    i.proceedPDO        pdo.o
    0x080062fc   0x080062fc   0x00002c90   Code   RO         7287    i.proceedSDO        sdo.o
    0x08008f8c   0x08008f8c   0x0000002c   Code   RO         7549    i.proceedSYNC       sync.o
    0x08008fb8   0x08008fb8   0x0000001a   Code   RO         7291    i.resetSDO          sdo.o
    0x08008fd2   0x08008fd2   0x00000054   Code   RO         7292    i.resetSDOline      sdo.o
    0x08009026   0x08009026   0x0000001c   Code   RO         7120    i.scanIndexOD       objacces.o
    0x08009042   0x08009042   0x00000002   PAD
    0x08009044   0x08009044   0x0000017c   Code   RO         7179    i.sendOnePDOevent   pdo.o
    0x080091c0   0x080091c0   0x0000002c   Code   RO         7182    i.sendPdo           pdo.o
    0x080091ec   0x080091ec   0x00000110   Code   RO         7293    i.sendSDO           sdo.o
    0x080092fc   0x080092fc   0x00000052   Code   RO         7294    i.sendSDOabort      sdo.o
    0x0800934e   0x0800934e   0x00000016   Code   RO         7550    i.sendSYNC          sync.o
    0x08009364   0x08009364   0x00000026   Code   RO         7551    i.sendSYNCMessage   sync.o
    0x0800938a   0x0800938a   0x00000002   PAD
    0x0800938c   0x0800938c   0x00000170   Code   RO         7473    i.setNodeId         states.o
    0x080094fc   0x080094fc   0x0000007c   Code   RO         7295    i.setSDOlineRestBytes  sdo.o
    0x08009578   0x08009578   0x000000cc   Code   RO         7474    i.setState          states.o
    0x08009644   0x08009644   0x00000014   Code   RO         7739    i.setTimer          canfestival_timer.o
    0x08009658   0x08009658   0x0000002e   Code   RO         7086    i.slaveSendBootUp   nmtslave.o
    0x08009686   0x08009686   0x00000002   PAD
    0x08009688   0x08009688   0x00000068   Code   RO         7552    i.startSYNC         sync.o
    0x080096f0   0x080096f0   0x00000050   Code   RO         7553    i.stopSYNC          sync.o
    0x08009740   0x08009740   0x0000011c   Code   RO         7475    i.switchCommunicationState  states.o
    0x0800985c   0x0800985c   0x00000024   Code   RO           38    i.userAppLoop       main.o
    0x08009880   0x08009880   0x0000000a   Code   RO         8129    x$fpl$fpinit        fz_wm.l(fpinit.o)
    0x0800988a   0x0800988a   0x00000018   Data   RO         4724    .constdata          system_stm32f4xx.o
    0x080098a2   0x080098a2   0x00000002   PAD
    0x080098a4   0x080098a4   0x00000040   Data   RO         7476    .constdata          states.o
    0x080098e4   0x080098e4   0x0000035e   Data   RO         7663    .constdata          canfestival_master.o
    0x08009c42   0x08009c42   0x00000028   Data   RO         7859    .constdata          c_w.l(_printf_hex_int.o)
    0x08009c6a   0x08009c6a   0x00000011   Data   RO         7894    .constdata          c_w.l(__printf_flags_ss_wp.o)
    0x08009c7b   0x08009c7b   0x00000001   PAD
    0x08009c7c   0x08009c7c   0x000001ca   Data   RO         5233    .conststring        spi.o
    0x08009e46   0x08009e46   0x00000002   PAD
    0x08009e48   0x08009e48   0x00000446   Data   RO         7299    .conststring        sdo.o
    0x0800a28e   0x0800a28e   0x00000002   PAD
    0x0800a290   0x0800a290   0x00000020   Data   RO         8222    Region$$Table       anon$$obj.o


    Execution Region RW_IRAM2 (Exec base: 0x10000000, Load base: 0x0800b37c, Size: 0x00000000, Max: 0x00010000, ABSOLUTE)

    **** No section assigned to this execution region ****


    Execution Region RW_IRAM1 (Exec base: 0x20000000, Load base: 0x0800a2b0, Size: 0x000059c8, Max: 0x00030000, ABSOLUTE, COMPRESSED[0x000010cc])

    Exec Addr    Load Addr    Size         Type   Attr      Idx    E Section Name        Object

    0x20000000   COMPRESSED   0x00000004   Data   RW           40    .data               main.o
    0x20000004   COMPRESSED   0x00000009   Data   RW         1944    .data               stm32f4xx_hal.o
    0x2000000d   COMPRESSED   0x00000003   PAD
    0x20000010   COMPRESSED   0x00000004   Data   RW         4725    .data               system_stm32f4xx.o
    0x20000014   COMPRESSED   0x00000018   Data   RW         4952    .data               can.o
    0x2000002c   COMPRESSED   0x00000001   Data   RW         5363    .data               wdg.o
    0x2000002d   COMPRESSED   0x00000001   PAD
    0x2000002e   COMPRESSED   0x00000002   Data   RW         5810    .data               mb4_1sf_driver.o
    0x20000030   COMPRESSED   0x00000004   Data   RW         6188    .data               usart.o
    0x20000034   COMPRESSED   0x000003fc   Data   RW         6488    .data               userapp.o
    0x20000430   COMPRESSED   0x0000000c   Data   RW         7621    .data               timer.o
    0x2000043c   COMPRESSED   0x000035c0   Data   RW         7664    .data               canfestival_master.o
    0x200039fc        -       0x00000560   Zero   RW           39    .bss                main.o
    0x20003f5c        -       0x00000100   Zero   RW         5111    .bss                rs485.o
    0x2000405c        -       0x00000202   Zero   RW         5808    .bss                mb4_1sf_driver.o
    0x2000425e   COMPRESSED   0x00000002   PAD
    0x20004260        -       0x00000e3c   Zero   RW         6485    .bss                userapp.o
    0x2000509c        -       0x000000c0   Zero   RW         7620    .bss                timer.o
    0x2000515c        -       0x00000208   Zero   RW         7662    .bss                canfestival_master.o
    0x20005364        -       0x00000060   Zero   RW         8050    .bss                c_w.l(libspace.o)
    0x200053c4   COMPRESSED   0x00000004   PAD
    0x200053c8        -       0x00000200   Zero   RW            2    HEAP                startup_stm32f429xx.o
    0x200055c8        -       0x00000400   Zero   RW            1    STACK               startup_stm32f429xx.o



  Load Region LR$$.ARM.__AT_0xC0000000 (Base: 0xc0000000, Size: 0x00000000, Max: 0x00c35000, ABSOLUTE)

    Execution Region ER$$.ARM.__AT_0xC0000000 (Exec base: 0xc0000000, Load base: 0xc0000000, Size: 0x00c35000, Max: 0x00c35000, ABSOLUTE, UNINIT)

    Exec Addr    Load Addr    Size         Type   Attr      Idx    E Section Name        Object

    0xc0000000        -       0x00c35000   Zero   RW         6484    .ARM.__AT_0xC0000000  userapp.o


==============================================================================

Image component sizes


      Code (inc. data)   RO Data    RW Data    ZI Data      Debug   Object Name

         0          0          0          0          0     303516   24cxx.o
         0          0          0         24          0        720   can.o
       132         52          0          0          0        794   canfestival_can.o
      1252        116        862      13760        520      79259   canfestival_master.o
        32          8          0          0          0       1044   canfestival_timer.o
         0          0          0          0          0      10024   dcf.o
       192         48          0          0          0       3128   emcy.o
       256         60          0          0          0       2028   exti.o
       966         26          0          0          0      10576   lifegrd.o
      1378        198          0          4       1376     821739   main.o
       312         56          0          2        514      12211   mb4_1sf_driver.o
        82          0          0          0          0       1424   nmtmaster.o
       270          0          0          0          0       1494   nmtslave.o
      1012        182          0          0          0       5666   objacces.o
      2956        394          0          0          0      11170   pdo.o
        72         12          0          0        256       1372   rs485.o
     14240       1548       1094          0          0      18077   sdo.o
      1116        140        458          0          0       3597   spi.o
        64         26        428          0       1536        844   startup_stm32f429xx.o
      1052         26         64          0          0       6970   states.o
       212         36          0          9          0       9565   stm32f4xx_hal.o
      1348          0          0          0          0      10994   stm32f4xx_hal_can.o
       272         22          0          0          0      33634   stm32f4xx_hal_cortex.o
       212          0          0          0          0       1963   stm32f4xx_hal_dma.o
       556         54          0          0          0       2811   stm32f4xx_hal_gpio.o
      1392         90          0          0          0       3443   stm32f4xx_hal_msp.o
       140         12          0          0          0       1284   stm32f4xx_hal_pwr_ex.o
      1820         84          0          0          0       5636   stm32f4xx_hal_rcc.o
      1128         14          0          0          0       4717   stm32f4xx_hal_spi.o
       372          0          0          0          0       3790   stm32f4xx_hal_tim.o
         4          0          0          0          0       1605   stm32f4xx_hal_tim_ex.o
      1932         14          0          0          0       9022   stm32f4xx_hal_uart.o
       114         30          0          0          0       6730   stm32f4xx_it.o
       324         28          0          0          0       5194   sync.o
        20          6         24          4          0       1139   system_stm32f4xx.o
       428         36          0         12        192       3814   timer.o
        32          4          0          4          0       2832   usart.o
       712        188          0       1020   12803644       9231   userapp.o
        64         20          0          1          0       1200   wdg.o

    ----------------------------------------------------------------------
     36494       3530       2968      14844   12808040    1414257   Object Totals
         0          0         32          0          0          0   (incl. Generated)
        28          0          6          4          2          0   (incl. Padding)

    ----------------------------------------------------------------------

      Code (inc. data)   RO Data    RW Data    ZI Data      Debug   Library Member Name

        90          0          0          0          0          0   __dczerorl2.o
         8          0          0          0          0         68   __main.o
       392          4         17          0          0         92   __printf_flags_ss_wp.o
        14          0          0          0          0         68   __printf_wp.o
         0          0          0          0          0          0   __rtentry.o
        12          0          0          0          0          0   __rtentry2.o
         6          0          0          0          0          0   __rtentry4.o
        52          8          0          0          0          0   __scatter.o
        28          0          0          0          0          0   __scatter_zi.o
        44          0          0          0          0        108   _printf_char.o
        48          6          0          0          0         96   _printf_char_common.o
        36          4          0          0          0         80   _printf_char_file.o
         6          0          0          0          0          0   _printf_d.o
       120         16          0          0          0         92   _printf_dec.o
        88          4         40          0          0         88   _printf_hex_int.o
       178          0          0          0          0         88   _printf_intcommon.o
        78          0          0          0          0        108   _printf_pad.o
         0          0          0          0          0          0   _printf_percent.o
         4          0          0          0          0          0   _printf_percent_end.o
         6          0          0          0          0          0   _printf_s.o
        82          0          0          0          0         80   _printf_str.o
         6          0          0          0          0          0   _printf_u.o
         6          0          0          0          0          0   _printf_x.o
        18          0          0          0          0         80   exit.o
         8          0          0          0          0         68   ferror.o
         6          0          0          0          0        152   heapauxi.o
         2          0          0          0          0          0   libinit.o
         6          0          0          0          0          0   libinit2.o
         2          0          0          0          0          0   libshutdown.o
         2          0          0          0          0          0   libshutdown2.o
         8          4          0          0         96         68   libspace.o
       238          0          0          0          0        100   lludivv7m.o
        88          0          0          0          0         76   memcmp.o
        24          4          0          0          0         84   noretval__2printf.o
        78          0          0          0          0         80   rt_memclr_w.o
       138          0          0          0          0         68   rt_memcpy_v6.o
       100          0          0          0          0         80   rt_memcpy_w.o
         2          0          0          0          0          0   rtexit.o
        10          0          0          0          0          0   rtexit2.o
        74          0          0          0          0         80   sys_stackheap_outer.o
         2          0          0          0          0         68   use_no_semi.o
         2          0          0          0          0         68   use_no_semi_2.o
        10          0          0          0          0        116   fpinit.o

    ----------------------------------------------------------------------
      2128         50         58          0        100       2156   Library Totals
         6          0          1          0          4          0   (incl. Padding)

    ----------------------------------------------------------------------

      Code (inc. data)   RO Data    RW Data    ZI Data      Debug   Library Name

      2112         50         57          0         96       2040   c_w.l
        10          0          0          0          0        116   fz_wm.l

    ----------------------------------------------------------------------
      2128         50         58          0        100       2156   Library Totals

    ----------------------------------------------------------------------

==============================================================================


      Code (inc. data)   RO Data    RW Data    ZI Data      Debug   

     38622       3580       3026      14844   12808140    1397173   Grand Totals
     38622       3580       3026       4300   12808140    1397173   ELF Image Totals (compressed)
     38622       3580       3026       4300          0          0   ROM Totals

==============================================================================

    Total RO  Size (Code + RO Data)                41648 (  40.67kB)
    Total RW  Size (RW Data + ZI Data)          12822984 (12522.45kB)
    Total ROM Size (Code + RO Data + RW Data)      45948 (  44.87kB)

==============================================================================

