<html>
<body>
<pre>
<h1>µVision Build Log</h1>
<h2>Tool Versions:</h2>
IDE-Version: ¦ÌVision V5.33.0.0
Copyright (C) 2020 ARM Ltd and ARM Germany GmbH. All rights reserved.
License Information: 11 WhiteKite2020, 1, LIC=EXJT4-FFLXW-12RLE-59LIX-MV3YX-3X1U5
 
Tool Versions:
Toolchain:       MDK-ARM Plus  Version: 5.33.0.0
Toolchain Path:  D:\Keil\ARM\ARMCC\Bin
C Compiler:      Armcc.exe V5.06 update 7 (build 960)
Assembler:       Armasm.exe V5.06 update 7 (build 960)
Linker/Locator:  ArmLink.exe V5.06 update 7 (build 960)
Library Manager: ArmAr.exe V5.06 update 7 (build 960)
Hex Converter:   FromElf.exe V5.06 update 7 (build 960)
CPU DLL:         SARMCM3.DLL V5.33.0.0
Dialog DLL:      DCM.DLL V1.17.3.0
Target DLL:      STLink\ST-LINKIII-KEIL_SWO.dll V3.0.8.0
Dialog DLL:      TCM.DLL V1.48.0.0
 
<h2>Project:</h2>
C:\Users\WhiteKite2020\Desktop\CAS_MX\MDK-ARM\CAS_MX.uvprojx
Project File Date:  05/23/2024

<h2>Output:</h2>
*** Using Compiler 'V5.06 update 7 (build 960)', folder: 'D:\Keil\ARM\ARMCC\Bin'
Build target 'CAS_MX'
assembling startup_stm32f429xx.s...
compiling stm32f4xx_hal_flash_ramfunc.c...
compiling stm32f4xx_hal_flash_ex.c...
compiling stm32f4xx_hal_rcc.c...
compiling stm32f4xx_hal_flash.c...
compiling stm32f4xx_hal_gpio.c...
compiling stm32f4xx_hal_rcc_ex.c...
compiling stm32f4xx_hal_dma_ex.c...
compiling stm32f4xx_hal_can.c...
compiling stm32f4xx_it.c...
compiling main.c...
../Core/Src/main.c(1159): warning:  #177-D: variable "startupCheckRes"  was declared but never referenced
    unsigned short startupCheckRes = 0x00;
../Core/Src/main.c(1160): warning:  #177-D: variable "ret"  was declared but never referenced
    uint8_t ret =0;
../Core/Src/main.c(1161): warning:  #177-D: variable "snddata"  was declared but never referenced
  	uint8_t snddata[8] = {0};
../Core/Src/main.c(1162): warning:  #177-D: variable "ext_ID"  was declared but never referenced
  	CAN_ID_Union ext_ID;
../Core/Src/main.c(1163): warning:  #177-D: variable "sensorData"  was declared but never referenced
    unsigned char sensorData = 0;
../Core/Src/main.c(1164): warning:  #177-D: variable "cnt"  was declared but never referenced
    uint8_t cnt = 0;
../Core/Src/main.c(1165): warning:  #177-D: variable "prx"  was declared but never referenced
  	uint8_t prx = 0;
../Core/Src/main.c(1167): warning:  #177-D: variable "SG_Data"  was declared but never referenced
    uint8_t SG_Data[8] = {0}; 
../Core/Src/main.c(1168): warning:  #177-D: variable "sensor38bit"  was declared but never referenced
    uint64_t sensor38bit = 0;
../Core/Src/main.c(262): warning:  #177-D: function "MX_CAN2_Init"  was declared but never referenced
  static void MX_CAN2_Init(void)
../Core/Src/main.c(313): warning:  #177-D: function "MX_I2C2_Init"  was declared but never referenced
  static void MX_I2C2_Init(void)
../Core/Src/main.c(513): warning:  #177-D: function "MX_SPI5_Init"  was declared but never referenced
  static void MX_SPI5_Init(void)
../Core/Src/main.c(687): warning:  #177-D: function "MX_TIM5_Init"  was declared but never referenced
  static void MX_TIM5_Init(void)
../Core/Src/main.c(736): warning:  #177-D: function "MX_TIM8_Init"  was declared but never referenced
  static void MX_TIM8_Init(void)
../Core/Src/main.c(877): warning:  #177-D: function "MX_USART2_UART_Init"  was declared but never referenced
  static void MX_USART2_UART_Init(void)
../Core/Src/main.c(910): warning:  #177-D: function "MX_USART3_UART_Init"  was declared but never referenced
  static void MX_USART3_UART_Init(void)
../Core/Src/main.c(642): warning:  #177-D: function "MX_TIM4_Init"  was declared but never referenced
  static void MX_TIM4_Init(void)
../Core/Src/main.c: 17 warnings, 0 errors
compiling stm32f4xx_hal_msp.c...
compiling stm32f4xx_hal_dma.c...
compiling stm32f4xx_hal_exti.c...
compiling stm32f4xx_hal_pwr.c...
compiling stm32f4xx_hal_cortex.c...
compiling stm32f4xx_hal.c...
compiling stm32f4xx_hal_pwr_ex.c...
compiling stm32f4xx_hal_sdram.c...
compiling stm32f4xx_ll_fmc.c...
compiling stm32f4xx_hal_i2c_ex.c...
compiling can.c...
compiling 24cxx.c...
compiling myiic.c...
compiling exti.c...
compiling stm32f4xx_hal_spi.c...
compiling key.c...
compiling stm32f4xx_hal_i2c.c...
compiling led.c...
compiling spi.c...
..\HARDWARE\SPI\spi.c(135): warning:  #188-D: enumerated type mixed with another type
  	HAL_StatusTypeDef retStatus = 0;
..\HARDWARE\SPI\spi.c(152): warning:  #550-D: variable "rtData"  was set but never used
  	u8 rtData = 0;
..\HARDWARE\SPI\spi.c(278): warning:  #177-D: variable "rData"  was declared but never referenced
  	uint8_t rData = 0;
..\HARDWARE\SPI\spi.c(328): warning:  #177-D: variable "cnt"  was declared but never referenced
  	uint8_t cnt = 0;
..\HARDWARE\SPI\spi.c(331): warning:  #177-D: variable "RxData"  was declared but never referenced
  	uint8_t RxData[8] = {0};
..\HARDWARE\SPI\spi.c: 5 warnings, 0 errors
compiling rs485.c...
compiling sdram.c...
compiling wdg.c...
compiling mb4_1sf_driver.c...
compiling wizchip_conf.c...
compiling oled.c...
..\HARDWARE\OLED\oled.c(46): warning:  #188-D: enumerated type mixed with another type
  	OLED_SCLK_Set() ;
..\HARDWARE\OLED\oled.c(47): warning:  #188-D: enumerated type mixed with another type
  	OLED_SDIN_Set();
..\HARDWARE\OLED\oled.c(48): warning:  #188-D: enumerated type mixed with another type
  	OLED_SDIN_Clr();
..\HARDWARE\OLED\oled.c(49): warning:  #188-D: enumerated type mixed with another type
  	OLED_SCLK_Clr();
..\HARDWARE\OLED\oled.c(57): warning:  #188-D: enumerated type mixed with another type
  OLED_SCLK_Set() ;
..\HARDWARE\OLED\oled.c(59): warning:  #188-D: enumerated type mixed with another type
  	OLED_SDIN_Clr();
..\HARDWARE\OLED\oled.c(60): warning:  #188-D: enumerated type mixed with another type
  	OLED_SDIN_Set();
..\HARDWARE\OLED\oled.c(83): warning:  #188-D: enumerated type mixed with another type
  	OLED_SCLK_Set() ;
..\HARDWARE\OLED\oled.c(84): warning:  #188-D: enumerated type mixed with another type
  	OLED_SCLK_Clr();
..\HARDWARE\OLED\oled.c(95): warning:  #188-D: enumerated type mixed with another type
  	OLED_SCLK_Clr();
..\HARDWARE\OLED\oled.c(102): warning:  #188-D: enumerated type mixed with another type
  		{OLED_SDIN_Set();}
..\HARDWARE\OLED\oled.c(103): warning:  #188-D: enumerated type mixed with another type
  		else OLED_SDIN_Clr();
..\HARDWARE\OLED\oled.c(105): warning:  #188-D: enumerated type mixed with another type
  		OLED_SCLK_Set();
..\HARDWARE\OLED\oled.c(106): warning:  #188-D: enumerated type mixed with another type
  		OLED_SCLK_Clr();
..\HARDWARE\OLED\oled.c: 14 warnings, 0 errors
compiling sys.c...
compiling hal_delay.c...
compiling usart.c...
compiling pid.c...
compiling luenberger_observer.c...
compiling sysTime.c...
compiling matrix.c...
compiling dcf.c...
..\CANOpen\src\dcf.c(106): warning:  #177-D: variable "node"  was declared but never referenced
      UNS8 buf[4], match = 0, node;
..\CANOpen\src\dcf.c: 1 warning, 0 errors
compiling emcy.c...
compiling stm32f4xx_hal_tim.c...
compiling system_stm32f4xx.c...
compiling lifegrd.c...
compiling stm32f4xx_hal_uart.c...
compiling lss.c...
compiling stm32f4xx_hal_tim_ex.c...
compiling nmtSlave.c...
compiling nmtMaster.c...
compiling objacces.c...
compiling states.c...
compiling pdo.c...
compiling w5500.c...
compiling socket.c...
compiling sdo.c...
..\CANOpen\src\sdo.c(2033): warning:  #550-D: variable "i"  was set but never used
  	UNS8 i;
..\CANOpen\src\sdo.c(2195): warning:  #550-D: variable "i"  was set but never used
  	UNS8 i;
..\CANOpen\src\sdo.c: 2 warnings, 0 errors
compiling sync.c...
compiling timer.c...
compiling canfestival_timer.c...
compiling canfestival_master.c...
..\CANOpen\objdic\canfestival_master.c(684): warning:  #144-D: a value of type "const indextable *(*)(CO_Data *, unsigned short, unsigned long *)" cannot be used to initialize an entity of type "scanIndexOD_t"
  CO_Data masterObjdict_Data = CANOPEN_NODE_DATA_INITIALIZER(Master); 
..\CANOpen\objdic\canfestival_master.c: 1 warning, 0 errors
compiling lcd_init.c...
compiling lcd.c...
compiling userApp.c...
..\USER\userApp.c(51): warning:  #177-D: variable "ret"  was declared but never referenced
  	int16_t ret = 0;
..\USER\userApp.c(137): warning:  #177-D: variable "snddata"  was declared but never referenced
  	uint8_t snddata[8] = {0};
..\USER\userApp.c(158): warning:  #177-D: variable "sendCnt"  was declared but never referenced
      u32 sendCnt = 0;
..\USER\userApp.c(327): warning:  #550-D: variable "cmpVal"  was set but never used
     unsigned int cmpVal = POSI_CHECK_PERIOD_1MS;
..\USER\userApp.c(422): warning:  #1-D: last line of file ends without a newline
  }
..\USER\userApp.c: 5 warnings, 0 errors
compiling canfestival_can.c...
..\CANOpen\src\canfestival_can.c(198): warning:  #940-D: missing return statement at end of non-void function "canSend" 
  }
..\CANOpen\src\canfestival_can.c: 1 warning, 0 errors
linking...
Program Size: Code=30666 RO-data=998 RW-data=2836 ZI-data=3004  
FromELF: creating hex file...
"CAS_MX\CAS_MX.axf" - 0 Error(s), 46 Warning(s).

<h2>Software Packages used:</h2>

Package Vendor: ARM
                http://www.keil.com/pack/ARM.CMSIS.5.7.0.pack
                ARM.CMSIS.5.7.0
                CMSIS (Cortex Microcontroller Software Interface Standard)
   * Component: CORE Version: 5.4.0

Package Vendor: Keil
                http://www.keil.com/pack/Keil.STM32F4xx_DFP.2.15.0.pack
                Keil.STM32F4xx_DFP.2.15.0
                STMicroelectronics STM32F4 Series Device Support, Drivers and Examples

<h2>Collection of Component include folders:</h2>
  .\RTE\_CAS_MX
  D:\Keil_Pack\ARM\CMSIS\5.7.0\CMSIS\Core\Include
  D:\Keil_Pack\Keil\STM32F4xx_DFP\2.15.0\Drivers\CMSIS\Device\ST\STM32F4xx\Include

<h2>Collection of Component Files used:</h2>

   * Component: ARM::CMSIS:CORE:5.4.0
      Include file:  CMSIS\Core\Include\tz_context.h
Build Time Elapsed:  00:01:01
</pre>
</body>
</html>
