<html>
<body>
<pre>
<h1>µVision Build Log</h1>
<h2>Tool Versions:</h2>
IDE-Version: ¶ÃVision V5.42.0.0
Copyright (C) 2025 ARM Ltd and ARM Germany GmbH. All rights reserved.
License Information: 11 WhiteKite2020, 1, LIC=JL28G-VC8FZ-74SS0-BI03Y-5TI52-4H3LY
 
Tool Versions:
Toolchain:       MDK-ARM Plus  Version: 5.42.0.0
Toolchain Path:  D:\Keil\ARM\Bin
C Compiler:      Armcc.exe V5.06 update 7 (build 960)
Assembler:       Armasm.exe V5.06 update 7 (build 960)
Linker/Locator:  ArmLink.exe V5.06 update 7 (build 960)
Library Manager: ArmAr.exe V5.06 update 7 (build 960)
Hex Converter:   FromElf.exe V5.06 update 7 (build 960)
CPU DLL:         SARMCM3.DLL V5.42.0.0
Dialog DLL:      DCM.DLL V1.17.5.0
Target DLL:      STLink\ST-LINKIII-KEIL_SWO.dll V3.3.0.0
Dialog DLL:      TCM.DLL V1.56.6.0
 
<h2>Project:</h2>
C:\Users\WhiteKite2020\Downloads\CAS_MX\MDK-ARM\CAS_MX.uvprojx
Project File Date:  07/18/2026

<h2>Output:</h2>
*** Using Compiler 'V5.06 update 7 (build 960)', folder: 'D:\Keil\ARM\Bin'
Build target 'CAS_MX'
compiling stm32f4xx_hal_can.c...
compiling stm32f4xx_hal_pwr.c...
compiling stm32f4xx_hal_gpio.c...
compiling stm32f4xx_hal_dma_ex.c...
compiling stm32f4xx_hal_dma.c...
compiling stm32f4xx_hal_flash.c...
compiling stm32f4xx_hal_flash_ramfunc.c...
compiling stm32f4xx_hal_rcc.c...
compiling stm32f4xx_hal_rcc_ex.c...
compiling stm32f4xx_hal_flash_ex.c...
compiling stm32f4xx_it.c...
compiling main.c...
../Core/Src/main.c(1209): warning:  #111-D: statement is unreachable
    MX_GPIO_Init();
../Core/Src/main.c(313): warning:  #177-D: function "MX_I2C2_Init"  was declared but never referenced
  static void MX_I2C2_Init(void)
../Core/Src/main.c(437): warning:  #177-D: function "MX_SPI3_Init"  was declared but never referenced
  static void MX_SPI3_Init(void)
../Core/Src/main.c(513): warning:  #177-D: function "MX_SPI5_Init"  was declared but never referenced
  static void MX_SPI5_Init(void)
../Core/Src/main.c(687): warning:  #177-D: function "MX_TIM5_Init"  was declared but never referenced
  static void MX_TIM5_Init(void)
../Core/Src/main.c(736): warning:  #177-D: function "MX_TIM8_Init"  was declared but never referenced
  static void MX_TIM8_Init(void)
../Core/Src/main.c(877): warning:  #177-D: function "MX_USART2_UART_Init"  was declared but never referenced
  static void MX_USART2_UART_Init(void)
../Core/Src/main.c(910): warning:  #177-D: function "MX_USART3_UART_Init"  was declared but never referenced
  static void MX_USART3_UART_Init(void)
../Core/Src/main.c: 8 warnings, 0 errors
compiling stm32f4xx_hal_msp.c...
compiling stm32f4xx_hal_i2c_ex.c...
compiling stm32f4xx_hal.c...
compiling stm32f4xx_hal_sdram.c...
compiling stm32f4xx_hal_pwr_ex.c...
compiling stm32f4xx_hal_exti.c...
compiling stm32f4xx_hal_cortex.c...
compiling stm32f4xx_hal_i2c.c...
compiling stm32f4xx_ll_fmc.c...
compiling myiic.c...
compiling exti.c...
compiling stm32f4xx_hal_spi.c...
compiling can.c...
compiling system_stm32f4xx.c...
compiling 24cxx.c...
compiling key.c...
compiling stm32f4xx_hal_uart.c...
compiling stm32f4xx_hal_tim_ex.c...
compiling stm32f4xx_hal_tim.c...
compiling mb4_1sf_driver.c...
compiling led.c...
compiling rs485.c...
compiling spi.c...
..\HARDWARE\SPI\spi.c(137): warning:  #188-D: enumerated type mixed with another type
  	HAL_StatusTypeDef retStatus = 0;
..\HARDWARE\SPI\spi.c(154): warning:  #550-D: variable "rtData"  was set but never used
  	u8 rtData = 0;
..\HARDWARE\SPI\spi.c(280): warning:  #177-D: variable "rData"  was declared but never referenced
  	uint8_t rData = 0;
..\HARDWARE\SPI\spi.c(281): warning:  #177-D: variable "curStatus"  was declared but never referenced
  	uint8_t curStatus = 0x00;
..\HARDWARE\SPI\spi.c(282): warning:  #177-D: variable "readAddr"  was declared but never referenced
  	uint8_t readAddr = 0x00;
..\HARDWARE\SPI\spi.c: 5 warnings, 0 errors
compiling wdg.c...
compiling sdram.c...
compiling wizchip_conf.c...
compiling luenberger_observer.c...
compiling sys.c...
compiling hal_delay.c...
compiling usart.c...
compiling pid.c...
compiling matrix.c...
compiling sysTime.c...
compiling lifegrd.c...
compiling dcf.c...
..\CANOpen\src\dcf.c(106): warning:  #177-D: variable "node"  was declared but never referenced
      UNS8 buf[4], match = 0, node;
..\CANOpen\src\dcf.c: 1 warning, 0 errors
compiling emcy.c...
compiling lss.c...
compiling nmtSlave.c...
compiling nmtMaster.c...
compiling pdo.c...
compiling objacces.c...
compiling sync.c...
compiling states.c...
..\CANOpen\src\states.c(69): warning:  #177-D: variable "expectedNum"  was declared but never referenced
    	UNS32 expectedNum = 0; // wish to read byte cnt
..\CANOpen\src\states.c(70): warning:  #177-D: variable "pdataType"  was declared but never referenced
  	UNS8 *pdataType =0;
..\CANOpen\src\states.c: 2 warnings, 0 errors
compiling sdo.c...
compiling timer.c...
compiling canfestival_master.c...
compiling canfestival_timer.c...
compiling socket.c...
compiling lcd_init.c...
compiling lcd.c...
..\HARDWARE\ST7789\lcd.c(574): warning:  #69-D: integer conversion resulted in truncation
        LCD_ShowIntNum(58,20,LCD_W,3,RED,12,WHITE);
..\HARDWARE\ST7789\lcd.c: 1 warning, 0 errors
compiling w5500.c...
compiling userApp.c...
..\USER\userApp.c(77): warning:  #177-D: variable "ret"  was declared but never referenced
  	int16_t ret = 0;
..\USER\userApp.c(149): warning:  #69-D: integer conversion resulted in truncation
      w5500_udp_var.SrcSendPort = 8000; // Áªü‰∏ÄÁî?8000Á´ØÂè£ÂèëÈÄ?
..\USER\userApp.c(114): warning:  #177-D: variable "ret"  was declared but never referenced
  	  unsigned char ret = 0x00;	
..\USER\userApp.c(208): warning:  #177-D: variable "snddata"  was declared but never referenced
  	uint8_t snddata[8] = {0};
..\USER\userApp.c(229): warning:  #177-D: variable "tempGivenVol"  was declared but never referenced
      u32 tempGivenVol = 0;    //mV
..\USER\userApp.c(230): warning:  #177-D: variable "sendCnt"  was declared but never referenced
      u32 sendCnt = 0;
..\USER\userApp.c(232): warning:  #177-D: variable "writeinCnt"  was declared but never referenced
  	UNS32 writeinCnt = 0;
..\USER\userApp.c(554): warning:  #167-D: argument of type "volatile uint32_t *" is incompatible with parameter of type "uint32_t *"
  			    if (1 == tim3_noblocked_1MS_delay(&last_timeMS, 1)) {
..\USER\userApp.c(891): warning:  #188-D: enumerated type mixed with another type
                  motionStatus.targetWorkmode = targetOperationMode;
..\USER\userApp.c(920): warning:  #177-D: variable "sdoIndex"  was declared but never referenced
      UNS16 sdoIndex;
..\USER\userApp.c(921): warning:  #177-D: variable "subIndex"  was declared but never referenced
      UNS8 subIndex;	
..\USER\userApp.c(922): warning:  #177-D: variable "size"  was declared but never referenced
      UNS32 size = sizeof(UNS32); 
..\USER\userApp.c(923): warning:  #177-D: variable "Config_Code"  was declared but never referenced
      UNS8 Config_Code[4] = {0x88, 0x01, 0x00, 0x80};
..\USER\userApp.c(924): warning:  #177-D: variable "abortCode"  was declared but never referenced
  		UNS32 abortCode =0x00;
..\USER\userApp.c(1170): warning:  #1035-D: single-precision operand implicitly converted to double-precision
        motionStatus.g_realTimeTorque = ((float)(Torque_Actual_Value *DesignedTorqueNM)/1000.0);
..\USER\userApp.c(16): warning:  #177-D: function "set_BASEPRI"  was declared but never referenced
  static inline void set_BASEPRI(uint32_t basePri);
..\USER\userApp.c(17): warning:  #177-D: function "get_BASEPRI"  was declared but never referenced
  static inline uint32_t get_BASEPRI(void);
..\USER\userApp.c: 17 warnings, 0 errors
compiling canfestival_can.c...
..\CANOpen\src\canfestival_can.c(13): warning:  #177-D: variable "offset"  was declared but never referenced
  	uint8_t offset = 0;
..\CANOpen\src\canfestival_can.c: 1 warning, 0 errors
linking...
Program Size: Code=38622 RO-data=3026 RW-data=14844 ZI-data=12808140  
FromELF: creating hex file...
After Build - User command #1: fromelf --text -a -c --output=CAS_MX.dis C:\Users\WhiteKite2020\Desktop\CAS_MX\MDK-ARM\CAS_MX\CAS_MX.axf
"CAS_MX\CAS_MX.axf" - 0 Error(s), 35 Warning(s).

<h2>Software Packages used:</h2>

Package Vendor: ARM
                https://www.keil.com/pack/ARM.CMSIS.6.1.0.pack
                ARM::CMSIS@6.1.0
                CMSIS (Common Microcontroller Software Interface Standard)
   * Component: CORE Version: 6.1.0

Package Vendor: Keil
                http://www.keil.com/pack/Keil.STM32F4xx_DFP.2.15.0.pack
                Keil::STM32F4xx_DFP@2.15.0
                STMicroelectronics STM32F4 Series Device Support, Drivers and Examples

<h2>Collection of Component include folders:</h2>
  ./RTE/_CAS_MX
  D:/Keil_Pack/ARM/CMSIS/6.1.0/CMSIS/Core/Include
  D:/Keil_Pack/Keil/STM32F4xx_DFP/2.15.0/Drivers/CMSIS/Device/ST/STM32F4xx/Include

<h2>Collection of Component Files used:</h2>

   * Component: ARM::CMSIS:CORE@6.1.0
      Include file:  CMSIS/Core/Include/tz_context.h
Build Time Elapsed:  00:00:15
</pre>
</body>
</html>
