Component: ARM Compiler 5.06 update 7 (build 960) Tool: armlink [4d3601]

==============================================================================

Section Cross References

    startup_stm32f429xx.o(STACK) refers (Special) to heapauxi.o(.text) for __use_two_region_memory
    startup_stm32f429xx.o(HEAP) refers (Special) to heapauxi.o(.text) for __use_two_region_memory
    startup_stm32f429xx.o(RESET) refers (Special) to heapauxi.o(.text) for __use_two_region_memory
    startup_stm32f429xx.o(RESET) refers to startup_stm32f429xx.o(STACK) for __initial_sp
    startup_stm32f429xx.o(RESET) refers to startup_stm32f429xx.o(.text) for Reset_Handler
    startup_stm32f429xx.o(RESET) refers to stm32f4xx_it.o(i.NMI_Handler) for NMI_Handler
    startup_stm32f429xx.o(RESET) refers to stm32f4xx_it.o(i.HardFault_Handler) for HardFault_Handler
    startup_stm32f429xx.o(RESET) refers to stm32f4xx_it.o(i.MemManage_Handler) for MemManage_Handler
    startup_stm32f429xx.o(RESET) refers to stm32f4xx_it.o(i.BusFault_Handler) for BusFault_Handler
    startup_stm32f429xx.o(RESET) refers to stm32f4xx_it.o(i.UsageFault_Handler) for UsageFault_Handler
    startup_stm32f429xx.o(RESET) refers to stm32f4xx_it.o(i.SVC_Handler) for SVC_Handler
    startup_stm32f429xx.o(RESET) refers to stm32f4xx_it.o(i.DebugMon_Handler) for DebugMon_Handler
    startup_stm32f429xx.o(RESET) refers to stm32f4xx_it.o(i.PendSV_Handler) for PendSV_Handler
    startup_stm32f429xx.o(RESET) refers to stm32f4xx_it.o(i.SysTick_Handler) for SysTick_Handler
    startup_stm32f429xx.o(RESET) refers to wdg.o(i.WWDG_IRQHandler) for WWDG_IRQHandler
    startup_stm32f429xx.o(RESET) refers to exti.o(i.EXTI0_IRQHandler) for EXTI0_IRQHandler
    startup_stm32f429xx.o(RESET) refers to exti.o(i.EXTI2_IRQHandler) for EXTI2_IRQHandler
    startup_stm32f429xx.o(RESET) refers to exti.o(i.EXTI3_IRQHandler) for EXTI3_IRQHandler
    startup_stm32f429xx.o(RESET) refers to stm32f4xx_it.o(i.CAN1_RX0_IRQHandler) for CAN1_RX0_IRQHandler
    startup_stm32f429xx.o(RESET) refers to stm32f4xx_it.o(i.TIM3_IRQHandler) for TIM3_IRQHandler
    startup_stm32f429xx.o(RESET) refers to stm32f4xx_it.o(i.TIM4_IRQHandler) for TIM4_IRQHandler
    startup_stm32f429xx.o(RESET) refers to exti.o(i.EXTI15_10_IRQHandler) for EXTI15_10_IRQHandler
    startup_stm32f429xx.o(RESET) refers to stm32f4xx_it.o(i.CAN2_RX0_IRQHandler) for CAN2_RX0_IRQHandler
    startup_stm32f429xx.o(RESET) refers to stm32f4xx_it.o(i.USART6_IRQHandler) for USART6_IRQHandler
    startup_stm32f429xx.o(.text) refers (Special) to heapauxi.o(.text) for __use_two_region_memory
    startup_stm32f429xx.o(.text) refers to system_stm32f4xx.o(i.SystemInit) for SystemInit
    startup_stm32f429xx.o(.text) refers to __main.o(!!!main) for __main
    startup_stm32f429xx.o(.text) refers to startup_stm32f429xx.o(HEAP) for Heap_Mem
    startup_stm32f429xx.o(.text) refers to startup_stm32f429xx.o(STACK) for Stack_Mem
    main.o(i.MX_CAN1_Init) refers to stm32f4xx_hal_can.o(i.HAL_CAN_Init) for HAL_CAN_Init
    main.o(i.MX_CAN1_Init) refers to stm32f4xx_hal_can.o(i.HAL_CAN_ConfigFilter) for HAL_CAN_ConfigFilter
    main.o(i.MX_CAN1_Init) refers to stm32f4xx_hal_can.o(i.HAL_CAN_Start) for HAL_CAN_Start
    main.o(i.MX_CAN1_Init) refers to noretval__2printf.o(.text) for __2printf
    main.o(i.MX_CAN1_Init) refers to stm32f4xx_hal_can.o(i.HAL_CAN_ActivateNotification) for HAL_CAN_ActivateNotification
    main.o(i.MX_CAN1_Init) refers to main.o(.bss) for .bss
    main.o(i.MX_FMC_Init) refers to rt_memclr_w.o(.text) for __aeabi_memclr4
    main.o(i.MX_FMC_Init) refers to stm32f4xx_hal_sdram.o(i.HAL_SDRAM_Init) for HAL_SDRAM_Init
    main.o(i.MX_FMC_Init) refers to sdram.o(i.SDRAM_Initialization_Sequence) for SDRAM_Initialization_Sequence
    main.o(i.MX_FMC_Init) refers to stm32f4xx_hal_sdram.o(i.HAL_SDRAM_ProgramRefreshRate) for HAL_SDRAM_ProgramRefreshRate
    main.o(i.MX_FMC_Init) refers to main.o(.bss) for .bss
    main.o(i.MX_GPIO_Init) refers to rt_memclr_w.o(.text) for __aeabi_memclr4
    main.o(i.MX_GPIO_Init) refers to stm32f4xx_hal_gpio.o(i.HAL_GPIO_WritePin) for HAL_GPIO_WritePin
    main.o(i.MX_GPIO_Init) refers to stm32f4xx_hal_gpio.o(i.HAL_GPIO_Init) for HAL_GPIO_Init
    main.o(i.MX_SPI1_Init) refers to stm32f4xx_hal_spi.o(i.HAL_SPI_Init) for HAL_SPI_Init
    main.o(i.MX_SPI1_Init) refers to main.o(.bss) for .bss
    main.o(i.MX_SPI2_Init) refers to stm32f4xx_hal_spi.o(i.HAL_SPI_Init) for HAL_SPI_Init
    main.o(i.MX_SPI2_Init) refers to main.o(.bss) for .bss
    main.o(i.MX_SPI3_Init) refers to stm32f4xx_hal_spi.o(i.HAL_SPI_Init) for HAL_SPI_Init
    main.o(i.MX_SPI3_Init) refers to main.o(.bss) for .bss
    main.o(i.MX_SPI4_Init) refers to stm32f4xx_hal_spi.o(i.HAL_SPI_Init) for HAL_SPI_Init
    main.o(i.MX_SPI4_Init) refers to main.o(.bss) for .bss
    main.o(i.MX_TIM1_Init) refers to stm32f4xx_hal_tim.o(i.HAL_TIM_Base_Init) for HAL_TIM_Base_Init
[...]
    D1                                       0x20000074   Data           4  canfestival_master.o(.data)
    D2                                       0x20000078   Data           4  canfestival_master.o(.data)
    Current_actual_value                     0x2000007c   Data           2  canfestival_master.o(.data)
    Target_velocity                          0x20000080   Data           4  canfestival_master.o(.data)
    Master_bDeviceNodeId                     0x20000084   Data           1  canfestival_master.o(.data)
    Master_obj1000                           0x20000088   Data           4  canfestival_master.o(.data)
    Master_Index1000                         0x2000008c   Data          12  canfestival_master.o(.data)
    Master_obj1001                           0x20000098   Data           1  canfestival_master.o(.data)
    Master_Index1001                         0x2000009c   Data          12  canfestival_master.o(.data)
    Master_highestSubIndex_obj1003           0x200000a8   Data           1  canfestival_master.o(.data)
    Master_obj1003                           0x200000ac   Data           4  canfestival_master.o(.data)
    Master_obj1005                           0x200000b0   Data           4  canfestival_master.o(.data)
    Master_Index1005                         0x200000b4   Data          12  canfestival_master.o(.data)
    Master_obj1006                           0x200000c0   Data           4  canfestival_master.o(.data)
    Master_Index1006                         0x200000c4   Data          12  canfestival_master.o(.data)
    Master_obj1007                           0x200000d0   Data           4  canfestival_master.o(.data)
    Master_Index1007                         0x200000d4   Data          12  canfestival_master.o(.data)
    Master_obj100C                           0x200000e0   Data           2  canfestival_master.o(.data)
    Master_obj100D                           0x200000e2   Data           1  canfestival_master.o(.data)
    Master_obj1014                           0x200000e4   Data           4  canfestival_master.o(.data)
    Master_Index1014                         0x200000e8   Data          12  canfestival_master.o(.data)
    Master_highestSubIndex_obj1016           0x200000f4   Data           1  canfestival_master.o(.data)
    Master_obj1016                           0x200000f8   Data           4  canfestival_master.o(.data)
    Master_obj1017                           0x200000fc   Data           2  canfestival_master.o(.data)
    Master_highestSubIndex_obj1018           0x200000fe   Data           1  canfestival_master.o(.data)
    Master_obj1018_Vendor_ID                 0x20000100   Data           4  canfestival_master.o(.data)
    Master_obj1018_Product_Code              0x20000104   Data           4  canfestival_master.o(.data)
    Master_obj1018_Revision_Number           0x20000108   Data           4  canfestival_master.o(.data)
    Master_obj1018_Serial_Number             0x2000010c   Data           4  canfestival_master.o(.data)
    Master_Index1018                         0x20000110   Data          60  canfestival_master.o(.data)
    Master_obj1019                           0x2000014c   Data           1  canfestival_master.o(.data)
    Master_Index1019                         0x20000150   Data          12  canfestival_master.o(.data)
    Master_highestSubIndex_obj1280           0x2000015c   Data           1  canfestival_master.o(.data)
    Master_obj1280_COB_ID_Client_to_Server_Transmit_SDO 0x20000160   Data           4  canfestival_master.o(.data)
    Master_obj1280_COB_ID_Server_to_Client_Receive_SDO 0x20000164   Data           4  canfestival_master.o(.data)
    Master_obj1280_Node_ID_of_the_SDO_Server 0x20000168   Data           1  canfestival_master.o(.data)
    Master_Index1280                         0x2000016c   Data          48  canfestival_master.o(.data)
    Master_highestSubIndex_obj1281           0x2000019c   Data           1  canfestival_master.o(.data)
    Master_obj1281_COB_ID_Client_to_Server_Transmit_SDO 0x200001a0   Data           4  canfestival_master.o(.data)
    Master_obj1281_COB_ID_Server_to_Client_Receive_SDO 0x200001a4   Data           4  canfestival_master.o(.data)
    Master_obj1281_Node_ID_of_the_SDO_Server 0x200001a8   Data           1  canfestival_master.o(.data)
    Master_Index1281                         0x200001ac   Data          48  canfestival_master.o(.data)
    Master_highestSubIndex_obj1282           0x200001dc   Data           1  canfestival_master.o(.data)
    Master_obj1282_COB_ID_Client_to_Server_Transmit_SDO 0x200001e0   Data           4  canfestival_master.o(.data)
    Master_obj1282_COB_ID_Server_to_Client_Receive_SDO 0x200001e4   Data           4  canfestival_master.o(.data)
    Master_obj1282_Node_ID_of_the_SDO_Server 0x200001e8   Data           1  canfestival_master.o(.data)
    Master_Index1282                         0x200001ec   Data          48  canfestival_master.o(.data)
    Master_highestSubIndex_obj1283           0x2000021c   Data           1  canfestival_master.o(.data)
    Master_obj1283_COB_ID_Client_to_Server_Transmit_SDO 0x20000220   Data           4  canfestival_master.o(.data)
    Master_obj1283_COB_ID_Server_to_Client_Receive_SDO 0x20000224   Data           4  canfestival_master.o(.data)
    Master_obj1283_Node_ID_of_the_SDO_Server 0x20000228   Data           1  canfestival_master.o(.data)
    Master_Index1283                         0x2000022c   Data          48  canfestival_master.o(.data)
    Master_highestSubIndex_obj1284           0x2000025c   Data           1  canfestival_master.o(.data)
    Master_obj1284_COB_ID_Client_to_Server_Transmit_SDO 0x20000260   Data           4  canfestival_master.o(.data)
    Master_obj1284_COB_ID_Server_to_Client_Receive_SDO 0x20000264   Data           4  canfestival_master.o(.data)
    Master_obj1284_Node_ID_of_the_SDO_Server 0x20000268   Data           1  canfestival_master.o(.data)
    Master_Index1284                         0x2000026c   Data          48  canfestival_master.o(.data)
    Master_highestSubIndex_obj1285           0x2000029c   Data           1  canfestival_master.o(.data)
    Master_obj1285_COB_ID_Client_to_Server_Transmit_SDO 0x200002a0   Data           4  canfestival_master.o(.data)
    Master_obj1285_COB_ID_Server_to_Client_Receive_SDO 0x200002a4   Data           4  canfestival_master.o(.data)
    Master_obj1285_Node_ID_of_the_SDO_Server 0x200002a8   Data           1  canfestival_master.o(.data)
    Master_Index1285                         0x200002ac   Data          48  canfestival_master.o(.data)
    Master_highestSubIndex_obj1400           0x200002dc   Data           1  canfestival_master.o(.data)
    Master_obj1400_COB_ID_used_by_PDO        0x200002e0   Data           4  canfestival_master.o(.data)
    Master_obj1400_Transmission_Type         0x200002e4   Data           1  canfestival_master.o(.data)
    Master_obj1400_Inhibit_Time              0x200002e6   Data           2  canfestival_master.o(.data)
    Master_obj1400_Compatibility_Entry       0x200002e8   Data           1  canfestival_master.o(.data)
    Master_obj1400_Event_Timer               0x200002ea   Data           2  canfestival_master.o(.data)
    Master_obj1400_SYNC_start_value          0x200002ec   Data           1  canfestival_master.o(.data)
    Master_Index1400                         0x200002f0   Data          84  canfestival_master.o(.data)
    Master_highestSubIndex_obj1401           0x20000344   Data           1  canfestival_master.o(.data)
    Master_obj1401_COB_ID_used_by_PDO        0x20000348   Data           4  canfestival_master.o(.data)
    Master_obj1401_Transmission_Type         0x2000034c   Data           1  canfestival_master.o(.data)
    Master_obj1401_Inhibit_Time              0x2000034e   Data           2  canfestival_master.o(.data)
    Master_obj1401_Compatibility_Entry       0x20000350   Data           1  canfestival_master.o(.data)
    Master_obj1401_Event_Timer               0x20000352   Data           2  canfestival_master.o(.data)
    Master_obj1401_SYNC_start_value          0x20000354   Data           1  canfestival_master.o(.data)
    Master_Index1401                         0x20000358   Data          84  canfestival_master.o(.data)
    Master_highestSubIndex_obj1402           0x200003ac   Data           1  canfestival_master.o(.data)
    Master_obj1402_COB_ID_used_by_PDO        0x200003b0   Data           4  canfestival_master.o(.data)
    Master_obj1402_Transmission_Type         0x200003b4   Data           1  canfestival_master.o(.data)
    Master_obj1402_Inhibit_Time              0x200003b6   Data           2  canfestival_master.o(.data)
    Master_obj1402_Compatibility_Entry       0x200003b8   Data           1  canfestival_master.o(.data)
    Master_obj1402_Event_Timer               0x200003ba   Data           2  canfestival_master.o(.data)
    Master_obj1402_SYNC_start_value          0x200003bc   Data           1  canfestival_master.o(.data)
    Master_Index1402                         0x200003c0   Data          84  canfestival_master.o(.data)
    Master_highestSubIndex_obj1403           0x20000414   Data           1  canfestival_master.o(.data)
    Master_obj1403_COB_ID_used_by_PDO        0x20000418   Data           4  canfestival_master.o(.data)
    Master_obj1403_Transmission_Type         0x2000041c   Data           1  canfestival_master.o(.data)
    Master_obj1403_Inhibit_Time              0x2000041e   Data           2  canfestival_master.o(.data)
    Master_obj1403_Compatibility_Entry       0x20000420   Data           1  canfestival_master.o(.data)
    Master_obj1403_Event_Timer               0x20000422   Data           2  canfestival_master.o(.data)
    Master_obj1403_SYNC_start_value          0x20000424   Data           1  canfestival_master.o(.data)
    Master_Index1403                         0x20000428   Data          84  canfestival_master.o(.data)
    Master_highestSubIndex_obj1600           0x2000047c   Data           1  canfestival_master.o(.data)
    Master_obj1600                           0x20000480   Data           4  canfestival_master.o(.data)
    Master_Index1600                         0x20000484   Data          24  canfestival_master.o(.data)
    Master_highestSubIndex_obj1601           0x2000049c   Data           1  canfestival_master.o(.data)
    Master_obj1601                           0x200004a0   Data           4  canfestival_master.o(.data)
    Master_Index1601                         0x200004a4   Data          24  canfestival_master.o(.data)
    Master_highestSubIndex_obj1602           0x200004bc   Data           1  canfestival_master.o(.data)
    Master_obj1602                           0x200004c0   Data           4  canfestival_master.o(.data)
    Master_Index1602                         0x200004c4   Data          24  canfestival_master.o(.data)
    Master_highestSubIndex_obj1603           0x200004dc   Data           1  canfestival_master.o(.data)
    Master_obj1603                           0x200004e0   Data           4  canfestival_master.o(.data)
    Master_Index1603                         0x200004e4   Data          24  canfestival_master.o(.data)
    Master_highestSubIndex_obj1800           0x200004fc   Data           1  canfestival_master.o(.data)
    Master_obj1800_COB_ID_used_by_PDO        0x20000500   Data           4  canfestival_master.o(.data)
    Master_obj1800_Transmission_Type         0x20000504   Data           1  canfestival_master.o(.data)
    Master_obj1800_Inhibit_Time              0x20000506   Data           2  canfestival_master.o(.data)
    Master_obj1800_Compatibility_Entry       0x20000508   Data           1  canfestival_master.o(.data)
    Master_obj1800_Event_Timer               0x2000050a   Data           2  canfestival_master.o(.data)
    Master_obj1800_SYNC_start_value          0x2000050c   Data           1  canfestival_master.o(.data)
    Master_Index1800                         0x20000510   Data          84  canfestival_master.o(.data)
    Master_highestSubIndex_obj1801           0x20000564   Data           1  canfestival_master.o(.data)
    Master_obj1801_COB_ID_used_by_PDO        0x20000568   Data           4  canfestival_master.o(.data)
    Master_obj1801_Transmission_Type         0x2000056c   Data           1  canfestival_master.o(.data)
    Master_obj1801_Inhibit_Time              0x2000056e   Data           2  canfestival_master.o(.data)
    Master_obj1801_Compatibility_Entry       0x20000570   Data           1  canfestival_master.o(.data)
    Master_obj1801_Event_Timer               0x20000572   Data           2  canfestival_master.o(.data)
    Master_obj1801_SYNC_start_value          0x20000574   Data           1  canfestival_master.o(.data)
    Master_Index1801                         0x20000578   Data          84  canfestival_master.o(.data)
    Master_highestSubIndex_obj1802           0x200005cc   Data           1  canfestival_master.o(.data)
    Master_obj1802_COB_ID_used_by_PDO        0x200005d0   Data           4  canfestival_master.o(.data)
    Master_obj1802_Transmission_Type         0x200005d4   Data           1  canfestival_master.o(.data)
    Master_obj1802_Inhibit_Time              0x200005d6   Data           2  canfestival_master.o(.data)
    Master_obj1802_Compatibility_Entry       0x200005d8   Data           1  canfestival_master.o(.data)
    Master_obj1802_Event_Timer               0x200005da   Data           2  canfestival_master.o(.data)
    Master_obj1802_SYNC_start_value          0x200005dc   Data           1  canfestival_master.o(.data)
    Master_Index1802                         0x200005e0   Data          84  canfestival_master.o(.data)
    Master_highestSubIndex_obj1803           0x20000634   Data           1  canfestival_master.o(.data)
    Master_obj1803_COB_ID_used_by_PDO        0x20000638   Data           4  canfestival_master.o(.data)
    Master_obj1803_Transmission_Type         0x2000063c   Data           1  canfestival_master.o(.data)
    Master_obj1803_Inhibit_Time              0x2000063e   Data           2  canfestival_master.o(.data)
    Master_obj1803_Compatibility_Entry       0x20000640   Data           1  canfestival_master.o(.data)
    Master_obj1803_Event_Timer               0x20000642   Data           2  canfestival_master.o(.data)
    Master_obj1803_SYNC_start_value          0x20000644   Data           1  canfestival_master.o(.data)
    Master_Index1803                         0x20000648   Data          84  canfestival_master.o(.data)
    Master_highestSubIndex_obj1804           0x2000069c   Data           1  canfestival_master.o(.data)
    Master_obj1804_COB_ID_used_by_PDO        0x200006a0   Data           4  canfestival_master.o(.data)
    Master_obj1804_Transmission_Type         0x200006a4   Data           1  canfestival_master.o(.data)
    Master_obj1804_Inhibit_Time              0x200006a6   Data           2  canfestival_master.o(.data)
    Master_obj1804_Compatibility_Entry       0x200006a8   Data           1  canfestival_master.o(.data)
    Master_obj1804_Event_Timer               0x200006aa   Data           2  canfestival_master.o(.data)
    Master_obj1804_SYNC_start_value          0x200006ac   Data           1  canfestival_master.o(.data)
    Master_Index1804                         0x200006b0   Data          84  canfestival_master.o(.data)
    Master_highestSubIndex_obj1805           0x20000704   Data           1  canfestival_master.o(.data)
    Master_obj1805_COB_ID_used_by_PDO        0x20000708   Data           4  canfestival_master.o(.data)
    Master_obj1805_Transmission_Type         0x2000070c   Data           1  canfestival_master.o(.data)
    Master_obj1805_Inhibit_Time              0x2000070e   Data           2  canfestival_master.o(.data)
    Master_obj1805_Compatibility_Entry       0x20000710   Data           1  canfestival_master.o(.data)
    Master_obj1805_Event_Timer               0x20000712   Data           2  canfestival_master.o(.data)
    Master_obj1805_SYNC_start_value          0x20000714   Data           1  canfestival_master.o(.data)
    Master_Index1805                         0x20000718   Data          84  canfestival_master.o(.data)
    Master_highestSubIndex_obj1A00           0x2000076c   Data           1  canfestival_master.o(.data)
    Master_obj1A00                           0x20000770   Data           4  canfestival_master.o(.data)
    Master_Index1A00                         0x20000774   Data          24  canfestival_master.o(.data)
    Master_highestSubIndex_obj1A01           0x2000078c   Data           1  canfestival_master.o(.data)
    Master_obj1A01                           0x20000790   Data           4  canfestival_master.o(.data)
    Master_Index1A01                         0x20000794   Data          24  canfestival_master.o(.data)
    Master_highestSubIndex_obj1A02           0x200007ac   Data           1  canfestival_master.o(.data)
    Master_obj1A02                           0x200007b0   Data           4  canfestival_master.o(.data)
    Master_Index1A02                         0x200007b4   Data          24  canfestival_master.o(.data)
    Master_highestSubIndex_obj1A03           0x200007cc   Data           1  canfestival_master.o(.data)
    Master_obj1A03                           0x200007d0   Data           4  canfestival_master.o(.data)
    Master_Index1A03                         0x200007d4   Data          24  canfestival_master.o(.data)
    Master_highestSubIndex_obj1A04           0x200007ec   Data           1  canfestival_master.o(.data)
    Master_obj1A04                           0x200007f0   Data           4  canfestival_master.o(.data)
    Master_Index1A04                         0x200007f4   Data          24  canfestival_master.o(.data)
    Master_highestSubIndex_obj1A05           0x2000080c   Data           1  canfestival_master.o(.data)
    Master_obj1A05                           0x20000810   Data           4  canfestival_master.o(.data)
    Master_Index1A05                         0x20000814   Data          24  canfestival_master.o(.data)
    Master_Index2000                         0x2000082c   Data          12  canfestival_master.o(.data)
    Master_Index2001                         0x20000838   Data          12  canfestival_master.o(.data)
    Master_Index2002                         0x20000844   Data          12  canfestival_master.o(.data)
    Master_Index6078                         0x20000850   Data          12  canfestival_master.o(.data)
    Master_Index60FF                         0x2000085c   Data          12  canfestival_master.o(.data)
    Master_PDO_status                        0x20000868   Data         108  canfestival_master.o(.data)
    masterObjdict_Data                       0x200008d4   Data         572  canfestival_master.o(.data)
    Master_heartBeatTimers                   0x20000b10   Data           2  canfestival_master.o(.data)
    hcan1                                    0x20000b14   Data          40  main.o(.bss)
    hspi1                                    0x20000b3c   Data          88  main.o(.bss)
    hspi2                                    0x20000b94   Data          88  main.o(.bss)
    hspi3                                    0x20000bec   Data          88  main.o(.bss)
    hspi4                                    0x20000c44   Data          88  main.o(.bss)
    htim1                                    0x20000c9c   Data          72  main.o(.bss)
    htim3                                    0x20000ce4   Data          72  main.o(.bss)
    huart4                                   0x20000d2c   Data          72  main.o(.bss)
    huart1                                   0x20000d74   Data          72  main.o(.bss)
    huart6                                   0x20000dbc   Data          72  main.o(.bss)
    hsdram1                                  0x20000e04   Data          52  main.o(.bss)
    hcan2                                    0x20000e38   Data          40  main.o(.bss)
    htim4                                    0x20000e60   Data          72  main.o(.bss)
    USART_RX_BUF                             0x20000ea8   Data          64  rs485.o(.bss)
    USART_IT_BUF                             0x20000ee8   Data          64  rs485.o(.bss)
    pid                                      0x20000f28   Data          56  pid.o(.bss)
    gTime                                    0x20000f60   Data          12  userapp.o(.bss)
    gStatus                                  0x20000f6c   Data          16  userapp.o(.bss)
    motionStatus                             0x20000f7c   Data          20  userapp.o(.bss)
    w5500_udp_var                            0x20000f90   Data          12  userapp.o(.bss)
    modbusPosi                               0x20000f9c   Data          20  userapp.o(.bss)
    timers                                   0x20000fb0   Data         192  timer.o(.bss)
    __libspace_start                         0x20001070   Data          96  libspace.o(.bss)
    __temporary_stack_top$libspace           0x200010d0   Data           0  libspace.o(.bss)



==============================================================================

Memory Map of the image

  Image Entry point : 0x080001ad

  Load Region LR_IROM1 (Base: 0x08000000, Size: 0x000086c4, Max: 0x00100000, ABSOLUTE, COMPRESSED[0x00007eec])

    Execution Region ER_IROM1 (Exec base: 0x08000000, Load base: 0x08000000, Size: 0x00007bb0, Max: 0x00100000, ABSOLUTE)

    Exec Addr    Load Addr    Size         Type   Attr      Idx    E Section Name        Object

    0x08000000   0x08000000   0x000001ac   Data   RO            3    RESET               startup_stm32f429xx.o
    0x080001ac   0x080001ac   0x00000008   Code   RO         8018  * !!!main             c_w.l(__main.o)
    0x080001b4   0x080001b4   0x00000034   Code   RO         8314    !!!scatter          c_w.l(__scatter.o)
    0x080001e8   0x080001e8   0x0000005a   Code   RO         8312    !!dczerorl2         c_w.l(__dczerorl2.o)
    0x08000242   0x08000242   0x00000002   PAD
    0x08000244   0x08000244   0x0000001c   Code   RO         8316    !!handler_zi        c_w.l(__scatter_zi.o)
    0x08000260   0x08000260   0x00000000   Code   RO         8007    .ARM.Collect$$_printf_percent$$00000000  c_w.l(_printf_percent.o)
    0x08000260   0x08000260   0x00000006   Code   RO         8005    .ARM.Collect$$_printf_percent$$00000009  c_w.l(_printf_d.o)
    0x08000266   0x08000266   0x00000004   Code   RO         8082    .ARM.Collect$$_printf_percent$$00000017  c_w.l(_printf_percent_end.o)
    0x0800026a   0x0800026a   0x00000002   Code   RO         8253    .ARM.Collect$$libinit$$00000000  c_w.l(libinit.o)
    0x0800026c   0x0800026c   0x00000004   Code   RO         8085    .ARM.Collect$$libinit$$00000001  c_w.l(libinit2.o)
    0x08000270   0x08000270   0x00000000   Code   RO         8088    .ARM.Collect$$libinit$$00000004  c_w.l(libinit2.o)
    0x08000270   0x08000270   0x00000000   Code   RO         8091    .ARM.Collect$$libinit$$0000000A  c_w.l(libinit2.o)
    0x08000270   0x08000270   0x00000000   Code   RO         8093    .ARM.Collect$$libinit$$0000000C  c_w.l(libinit2.o)
    0x08000270   0x08000270   0x00000000   Code   RO         8095    .ARM.Collect$$libinit$$0000000E  c_w.l(libinit2.o)
    0x08000270   0x08000270   0x00000000   Code   RO         8098    .ARM.Collect$$libinit$$00000011  c_w.l(libinit2.o)
    0x08000270   0x08000270   0x00000000   Code   RO         8100    .ARM.Collect$$libinit$$00000013  c_w.l(libinit2.o)
    0x08000270   0x08000270   0x00000000   Code   RO         8102    .ARM.Collect$$libinit$$00000015  c_w.l(libinit2.o)
    0x08000270   0x08000270   0x00000000   Code   RO         8104    .ARM.Collect$$libinit$$00000017  c_w.l(libinit2.o)
    0x08000270   0x08000270   0x00000000   Code   RO         8106    .ARM.Collect$$libinit$$00000019  c_w.l(libinit2.o)
    0x08000270   0x08000270   0x00000000   Code   RO         8108    .ARM.Collect$$libinit$$0000001B  c_w.l(libinit2.o)
    0x08000270   0x08000270   0x00000000   Code   RO         8110    .ARM.Collect$$libinit$$0000001D  c_w.l(libinit2.o)
    0x08000270   0x08000270   0x00000000   Code   RO         8112    .ARM.Collect$$libinit$$0000001F  c_w.l(libinit2.o)
    0x08000270   0x08000270   0x00000000   Code   RO         8114    .ARM.Collect$$libinit$$00000021  c_w.l(libinit2.o)
    0x08000270   0x08000270   0x00000000   Code   RO         8116    .ARM.Collect$$libinit$$00000023  c_w.l(libinit2.o)
    0x08000270   0x08000270   0x00000000   Code   RO         8118    .ARM.Collect$$libinit$$00000025  c_w.l(libinit2.o)
    0x08000270   0x08000270   0x00000000   Code   RO         8122    .ARM.Collect$$libinit$$0000002C  c_w.l(libinit2.o)
    0x08000270   0x08000270   0x00000000   Code   RO         8124    .ARM.Collect$$libinit$$0000002E  c_w.l(libinit2.o)
    0x08000270   0x08000270   0x00000000   Code   RO         8126    .ARM.Collect$$libinit$$00000030  c_w.l(libinit2.o)
    0x08000270   0x08000270   0x00000000   Code   RO         8128    .ARM.Collect$$libinit$$00000032  c_w.l(libinit2.o)
    0x08000270   0x08000270   0x00000002   Code   RO         8129    .ARM.Collect$$libinit$$00000033  c_w.l(libinit2.o)
    0x08000272   0x08000272   0x00000002   Code   RO         8309    .ARM.Collect$$libshutdown$$00000000  c_w.l(libshutdown.o)
    0x08000274   0x08000274   0x00000000   Code   RO         8267    .ARM.Collect$$libshutdown$$00000002  c_w.l(libshutdown2.o)
    0x08000274   0x08000274   0x00000000   Code   RO         8269    .ARM.Collect$$libshutdown$$00000004  c_w.l(libshutdown2.o)
    0x08000274   0x08000274   0x00000000   Code   RO         8271    .ARM.Collect$$libshutdown$$00000006  c_w.l(libshutdown2.o)
    0x08000274   0x08000274   0x00000000   Code   RO         8274    .ARM.Collect$$libshutdown$$00000009  c_w.l(libshutdown2.o)
    0x08000274   0x08000274   0x00000000   Code   RO         8277    .ARM.Collect$$libshutdown$$0000000C  c_w.l(libshutdown2.o)
    0x08000274   0x08000274   0x00000000   Code   RO         8279    .ARM.Collect$$libshutdown$$0000000E  c_w.l(libshutdown2.o)
    0x08000274   0x08000274   0x00000000   Code   RO         8282    .ARM.Collect$$libshutdown$$00000011  c_w.l(libshutdown2.o)
    0x08000274   0x08000274   0x00000002   Code   RO         8283    .ARM.Collect$$libshutdown$$00000012  c_w.l(libshutdown2.o)
    0x08000276   0x08000276   0x00000000   Code   RO         8044    .ARM.Collect$$rtentry$$00000000  c_w.l(__rtentry.o)
    0x08000276   0x08000276   0x00000000   Code   RO         8141    .ARM.Collect$$rtentry$$00000002  c_w.l(__rtentry2.o)
    0x08000276   0x08000276   0x00000006   Code   RO         8153    .ARM.Collect$$rtentry$$00000004  c_w.l(__rtentry4.o)
    0x0800027c   0x0800027c   0x00000000   Code   RO         8143    .ARM.Collect$$rtentry$$00000009  c_w.l(__rtentry2.o)
    0x0800027c   0x0800027c   0x00000004   Code   RO         8144    .ARM.Collect$$rtentry$$0000000A  c_w.l(__rtentry2.o)
    0x08000280   0x08000280   0x00000000   Code   RO         8146    .ARM.Collect$$rtentry$$0000000C  c_w.l(__rtentry2.o)
    0x08000280   0x08000280   0x00000008   Code   RO         8147    .ARM.Collect$$rtentry$$0000000D  c_w.l(__rtentry2.o)
    0x08000288   0x08000288   0x00000002   Code   RO         8254    .ARM.Collect$$rtexit$$00000000  c_w.l(rtexit.o)
    0x0800028a   0x0800028a   0x00000000   Code   RO         8285    .ARM.Collect$$rtexit$$00000002  c_w.l(rtexit2.o)
    0x0800028a   0x0800028a   0x00000004   Code   RO         8286    .ARM.Collect$$rtexit$$00000003  c_w.l(rtexit2.o)
    0x0800028e   0x0800028e   0x00000006   Code   RO         8287    .ARM.Collect$$rtexit$$00000004  c_w.l(rtexit2.o)
    0x08000294   0x08000294   0x00000040   Code   RO            4    .text               startup_stm32f429xx.o
    0x080002d4   0x080002d4   0x00000002   Code   RO         7880    .text               c_w.l(use_no_semi_2.o)
    0x080002d6   0x080002d6   0x000000ee   Code   RO         7944    .text               c_w.l(lludivv7m.o)
    0x080003c4   0x080003c4   0x00000018   Code   RO         7952    .text               c_w.l(noretval__2printf.o)
    0x080003dc   0x080003dc   0x00000078   Code   RO         7960    .text               c_w.l(_printf_dec.o)
    0x08000454   0x08000454   0x00000138   Code   RO         7995    .text               c_w.l(__printf_flags_wp.o)
    0x0800058c   0x0800058c   0x00000058   Code   RO         8008    .text               c_w.l(memcmp.o)
    0x080005e4   0x080005e4   0x0000008a   Code   RO         8010    .text               c_w.l(rt_memcpy_v6.o)
    0x0800066e   0x0800066e   0x00000064   Code   RO         8012    .text               c_w.l(rt_memcpy_w.o)
    0x080006d2   0x080006d2   0x0000004e   Code   RO         8014    .text               c_w.l(rt_memclr_w.o)
    0x08000720   0x08000720   0x00000006   Code   RO         8016    .text               c_w.l(heapauxi.o)
    0x08000726   0x08000726   0x00000002   Code   RO         8040    .text               c_w.l(use_no_semi.o)
    0x08000728   0x08000728   0x000000b2   Code   RO         8074    .text               c_w.l(_printf_intcommon.o)
    0x080007da   0x080007da   0x00000002   PAD
    0x080007dc   0x080007dc   0x00000024   Code   RO         8080    .text               c_w.l(_printf_char_file.o)
    0x08000800   0x08000800   0x00000008   Code   RO         8137    .text               c_w.l(libspace.o)
    0x08000808   0x08000808   0x00000030   Code   RO         8172    .text               c_w.l(_printf_char_common.o)
    0x08000838   0x08000838   0x00000008   Code   RO         8201    .text               c_w.l(ferror.o)
    0x08000840   0x08000840   0x0000004a   Code   RO         8224    .text               c_w.l(sys_stackheap_outer.o)
    0x0800088a   0x0800088a   0x00000012   Code   RO         8232    .text               c_w.l(exit.o)
    0x0800089c   0x0800089c   0x00000004   Code   RO         4592    i.AT24CXX_Init      24cxx.o
    0x080008a0   0x080008a0   0x00000042   Code   RO         4595    i.AT24CXX_ReadOneByte  24cxx.o
    0x080008e2   0x080008e2   0x0000003e   Code   RO         4598    i.AT24CXX_WriteOneByte  24cxx.o
    0x08000920   0x08000920   0x00000002   Code   RO          373    i.BusFault_Handler  stm32f4xx_it.o
    0x08000922   0x08000922   0x00000002   PAD
    0x08000924   0x08000924   0x0000000c   Code   RO          374    i.CAN1_RX0_IRQHandler  stm32f4xx_it.o
    0x08000930   0x08000930   0x0000000c   Code   RO          375    i.CAN2_RX0_IRQHandler  stm32f4xx_it.o
    0x0800093c   0x0800093c   0x000002ec   Code   RO         6562    i.CANRecvMsgDeal    userapp.o
    0x08000c28   0x08000c28   0x0000002c   Code   RO         6844    i.ConsumerHeartbeatAlarm  lifegrd.o
    0x08000c54   0x08000c54   0x000000a0   Code   RO         7105    i.CopyBits          pdo.o
    0x08000cf4   0x08000cf4   0x00000002   Code   RO          376    i.DebugMon_Handler  stm32f4xx_it.o
    0x08000cf6   0x08000cf6   0x00000002   PAD
    0x08000cf8   0x08000cf8   0x0000002c   Code   RO         7548    i.DelAlarm          timer.o
    0x08000d24   0x08000d24   0x00000048   Code   RO         4825    i.EXTI0_IRQHandler  exti.o
    0x08000d6c   0x08000d6c   0x0000003c   Code   RO         4826    i.EXTI15_10_IRQHandler  exti.o
    0x08000da8   0x08000da8   0x00000038   Code   RO         4827    i.EXTI2_IRQHandler  exti.o
    0x08000de0   0x08000de0   0x00000048   Code   RO         4828    i.EXTI3_IRQHandler  exti.o
    0x08000e28   0x08000e28   0x00000066   Code   RO         2097    i.FMC_SDRAM_Init    stm32f4xx_ll_fmc.o
    0x08000e8e   0x08000e8e   0x00000012   Code   RO         2098    i.FMC_SDRAM_ProgramRefreshRate  stm32f4xx_ll_fmc.o
    0x08000ea0   0x08000ea0   0x0000004e   Code   RO         2099    i.FMC_SDRAM_SendCommand  stm32f4xx_ll_fmc.o
    0x08000eee   0x08000eee   0x00000002   PAD
    0x08000ef0   0x08000ef0   0x000000a4   Code   RO         2101    i.FMC_SDRAM_Timing_Init  stm32f4xx_ll_fmc.o
    0x08000f94   0x08000f94   0x0000009c   Code   RO         6144    i.GPIO_Set          sys.o
    0x08001030   0x08001030   0x00000062   Code   RO         6845    i.GuardTimeAlarm    lifegrd.o
    0x08001092   0x08001092   0x00000024   Code   RO          624    i.HAL_CAN_ActivateNotification  stm32f4xx_hal_can.o
    0x080010b6   0x080010b6   0x000000d0   Code   RO          625    i.HAL_CAN_AddTxMessage  stm32f4xx_hal_can.o
    0x08001186   0x08001186   0x00000002   PAD
    0x08001188   0x08001188   0x0000010c   Code   RO          626    i.HAL_CAN_ConfigFilter  stm32f4xx_hal_can.o
    0x08001294   0x08001294   0x00000002   Code   RO          629    i.HAL_CAN_ErrorCallback  stm32f4xx_hal_can.o
    0x08001296   0x08001296   0x0000004e   Code   RO         4782    i.HAL_CAN_Ext_Transmit  can.o
    0x080012e4   0x080012e4   0x000000f4   Code   RO          632    i.HAL_CAN_GetRxMessage  stm32f4xx_hal_can.o
    0x080013d8   0x080013d8   0x000001fc   Code   RO          636    i.HAL_CAN_IRQHandler  stm32f4xx_hal_can.o
    0x080015d4   0x080015d4   0x0000011a   Code   RO          637    i.HAL_CAN_Init      stm32f4xx_hal_can.o
    0x080016ee   0x080016ee   0x00000002   PAD
    0x080016f0   0x080016f0   0x000000d8   Code   RO          503    i.HAL_CAN_MspInit   stm32f4xx_hal_msp.o
    0x080017c8   0x080017c8   0x00000002   Code   RO          644    i.HAL_CAN_RxFifo0FullCallback  stm32f4xx_hal_can.o
    0x080017ca   0x080017ca   0x00000002   PAD
    0x080017cc   0x080017cc   0x00000154   Code   RO         6563    i.HAL_CAN_RxFifo0MsgPendingCallback  userapp.o
    0x08001920   0x08001920   0x00000002   Code   RO          646    i.HAL_CAN_RxFifo1FullCallback  stm32f4xx_hal_can.o
    0x08001922   0x08001922   0x00000002   Code   RO          647    i.HAL_CAN_RxFifo1MsgPendingCallback  stm32f4xx_hal_can.o
    0x08001924   0x08001924   0x00000002   Code   RO          648    i.HAL_CAN_SleepCallback  stm32f4xx_hal_can.o
    0x08001926   0x08001926   0x00000002   PAD
    0x08001928   0x08001928   0x00000058   Code   RO          649    i.HAL_CAN_Start     stm32f4xx_hal_can.o
    0x08001980   0x08001980   0x00000002   Code   RO          651    i.HAL_CAN_TxMailbox0AbortCallback  stm32f4xx_hal_can.o
    0x08001982   0x08001982   0x00000002   Code   RO          652    i.HAL_CAN_TxMailbox0CompleteCallback  stm32f4xx_hal_can.o
    0x08001984   0x08001984   0x00000002   Code   RO          653    i.HAL_CAN_TxMailbox1AbortCallback  stm32f4xx_hal_can.o
    0x08001986   0x08001986   0x00000002   Code   RO          654    i.HAL_CAN_TxMailbox1CompleteCallback  stm32f4xx_hal_can.o
    0x08001988   0x08001988   0x00000002   Code   RO          655    i.HAL_CAN_TxMailbox2AbortCallback  stm32f4xx_hal_can.o
    0x0800198a   0x0800198a   0x00000002   Code   RO          656    i.HAL_CAN_TxMailbox2CompleteCallback  stm32f4xx_hal_can.o
    0x0800198c   0x0800198c   0x00000002   Code   RO          658    i.HAL_CAN_WakeUpFromRxMsgCallback  stm32f4xx_hal_can.o
    0x0800198e   0x0800198e   0x00000002   PAD
    0x08001990   0x08001990   0x00000054   Code   RO         5053    i.HAL_DAC8563_cmd_Write  spi.o
    0x080019e4   0x080019e4   0x00000092   Code   RO         1371    i.HAL_DMA_Abort     stm32f4xx_hal_dma.o
    0x08001a76   0x08001a76   0x00000024   Code   RO         1372    i.HAL_DMA_Abort_IT  stm32f4xx_hal_dma.o
    0x08001a9a   0x08001a9a   0x00000002   PAD
    0x08001a9c   0x08001a9c   0x00000024   Code   RO         1814    i.HAL_Delay         stm32f4xx_hal.o
    0x08001ac0   0x08001ac0   0x00000030   Code   RO         6349    i.HAL_Delay_us      hal_delay.o
    0x08001af0   0x08001af0   0x000000bc   Code   RO          504    i.HAL_FMC_MspInit   stm32f4xx_hal_msp.o
    0x08001bac   0x08001bac   0x00000234   Code   RO         1264    i.HAL_GPIO_Init     stm32f4xx_hal_gpio.o
    0x08001de0   0x08001de0   0x0000000a   Code   RO         1268    i.HAL_GPIO_WritePin  stm32f4xx_hal_gpio.o
    0x08001dea   0x08001dea   0x00000002   PAD
    0x08001dec   0x08001dec   0x0000000c   Code   RO         1822    i.HAL_GetTick       stm32f4xx_hal.o
    0x08001df8   0x08001df8   0x00000010   Code   RO         1828    i.HAL_IncTick       stm32f4xx_hal.o
    0x08001e08   0x08001e08   0x00000034   Code   RO         1829    i.HAL_Init          stm32f4xx_hal.o
    0x08001e3c   0x08001e3c   0x00000040   Code   RO         1830    i.HAL_InitTick      stm32f4xx_hal.o
    0x08001e7c   0x08001e7c   0x00000030   Code   RO          507    i.HAL_MspInit       stm32f4xx_hal_msp.o
    0x08001eac   0x08001eac   0x0000001a   Code   RO         1672    i.HAL_NVIC_EnableIRQ  stm32f4xx_hal_cortex.o
    0x08001ec6   0x08001ec6   0x00000002   PAD
    0x08001ec8   0x08001ec8   0x00000040   Code   RO         1678    i.HAL_NVIC_SetPriority  stm32f4xx_hal_cortex.o
    0x08001f08   0x08001f08   0x00000024   Code   RO         1679    i.HAL_NVIC_SetPriorityGrouping  stm32f4xx_hal_cortex.o
    0x08001f2c   0x08001f2c   0x00000070   Code   RO         1600    i.HAL_PWREx_EnableOverDrive  stm32f4xx_hal_pwr_ex.o
    0x08001f9c   0x08001f9c   0x00000134   Code   RO          858    i.HAL_RCC_ClockConfig  stm32f4xx_hal_rcc.o
    0x080020d0   0x080020d0   0x0000000c   Code   RO          863    i.HAL_RCC_GetHCLKFreq  stm32f4xx_hal_rcc.o
    0x080020dc   0x080020dc   0x00000020   Code   RO          865    i.HAL_RCC_GetPCLK1Freq  stm32f4xx_hal_rcc.o
    0x080020fc   0x080020fc   0x00000020   Code   RO          866    i.HAL_RCC_GetPCLK2Freq  stm32f4xx_hal_rcc.o
    0x0800211c   0x0800211c   0x00000064   Code   RO          867    i.HAL_RCC_GetSysClockFreq  stm32f4xx_hal_rcc.o
    0x08002180   0x08002180   0x0000036c   Code   RO          870    i.HAL_RCC_OscConfig  stm32f4xx_hal_rcc.o
    0x080024ec   0x080024ec   0x00000060   Code   RO         4940    i.HAL_RS485_Send_Data  rs485.o
    0x0800254c   0x0800254c   0x00000042   Code   RO         2263    i.HAL_SDRAM_Init    stm32f4xx_hal_sdram.o
    0x0800258e   0x0800258e   0x00000004   Code   RO          509    i.HAL_SDRAM_MspInit  stm32f4xx_hal_msp.o
    0x08002592   0x08002592   0x0000002e   Code   RO         2266    i.HAL_SDRAM_ProgramRefreshRate  stm32f4xx_hal_sdram.o
    0x080025c0   0x080025c0   0x0000003c   Code   RO         2272    i.HAL_SDRAM_SendCommand  stm32f4xx_hal_sdram.o
    0x080025fc   0x080025fc   0x000000bc   Code   RO         2906    i.HAL_SPI_Init      stm32f4xx_hal_spi.o
    0x080026b8   0x080026b8   0x00000188   Code   RO          511    i.HAL_SPI_MspInit   stm32f4xx_hal_msp.o
    0x08002840   0x08002840   0x0000016e   Code   RO         2914    i.HAL_SPI_Transmit  stm32f4xx_hal_spi.o
    0x080029ae   0x080029ae   0x00000028   Code   RO         1683    i.HAL_SYSTICK_Config  stm32f4xx_hal_cortex.o
    0x080029d6   0x080029d6   0x00000002   Code   RO         3923    i.HAL_TIMEx_BreakCallback  stm32f4xx_hal_tim_ex.o
    0x080029d8   0x080029d8   0x00000002   Code   RO         3924    i.HAL_TIMEx_CommutCallback  stm32f4xx_hal_tim_ex.o
    0x080029da   0x080029da   0x00000002   PAD
    0x080029dc   0x080029dc   0x00000090   Code   RO         3942    i.HAL_TIMEx_MasterConfigSynchronization  stm32f4xx_hal_tim_ex.o
    0x08002a6c   0x08002a6c   0x0000005a   Code   RO         3219    i.HAL_TIM_Base_Init  stm32f4xx_hal_tim.o
    0x08002ac6   0x08002ac6   0x00000002   PAD
    0x08002ac8   0x08002ac8   0x000000b8   Code   RO          513    i.HAL_TIM_Base_MspInit  stm32f4xx_hal_msp.o
    0x08002b80   0x08002b80   0x00000080   Code   RO         3224    i.HAL_TIM_Base_Start_IT  stm32f4xx_hal_tim.o
    0x08002c00   0x08002c00   0x000000dc   Code   RO         3228    i.HAL_TIM_ConfigClockSource  stm32f4xx_hal_tim.o
    0x08002cdc   0x08002cdc   0x00000002   Code   RO         3253    i.HAL_TIM_IC_CaptureCallback  stm32f4xx_hal_tim.o
    0x08002cde   0x08002cde   0x00000130   Code   RO         3267    i.HAL_TIM_IRQHandler  stm32f4xx_hal_tim.o
    0x08002e0e   0x08002e0e   0x00000002   Code   RO         3270    i.HAL_TIM_OC_DelayElapsedCallback  stm32f4xx_hal_tim.o
    0x08002e10   0x08002e10   0x00000002   Code   RO         3297    i.HAL_TIM_PWM_PulseFinishedCallback  stm32f4xx_hal_tim.o
    0x08002e12   0x08002e12   0x00000002   PAD
    0x08002e14   0x08002e14   0x000000f4   Code   RO         6564    i.HAL_TIM_PeriodElapsedCallback  userapp.o
    0x08002f08   0x08002f08   0x00000002   Code   RO         3310    i.HAL_TIM_TriggerCallback  stm32f4xx_hal_tim.o
    0x08002f0a   0x08002f0a   0x00000002   Code   RO         4202    i.HAL_UARTEx_RxEventCallback  stm32f4xx_hal_uart.o
    0x08002f0c   0x08002f0c   0x00000002   Code   RO         4216    i.HAL_UART_ErrorCallback  stm32f4xx_hal_uart.o
    0x08002f0e   0x08002f0e   0x00000002   PAD
    0x08002f10   0x08002f10   0x00000270   Code   RO         4219    i.HAL_UART_IRQHandler  stm32f4xx_hal_uart.o
    0x08003180   0x08003180   0x00000064   Code   RO         4220    i.HAL_UART_Init     stm32f4xx_hal_uart.o
    0x080031e4   0x080031e4   0x00000198   Code   RO          518    i.HAL_UART_MspInit  stm32f4xx_hal_msp.o
    0x0800337c   0x0800337c   0x0000001c   Code   RO         4225    i.HAL_UART_Receive_IT  stm32f4xx_hal_uart.o
    0x08003398   0x08003398   0x0000003c   Code   RO         4941    i.HAL_UART_RxCpltCallback  rs485.o
    0x080033d4   0x080033d4   0x000000a0   Code   RO         4228    i.HAL_UART_Transmit  stm32f4xx_hal_uart.o
    0x08003474   0x08003474   0x00000002   Code   RO         4231    i.HAL_UART_TxCpltCallback  stm32f4xx_hal_uart.o
    0x08003476   0x08003476   0x00000002   Code   RO          377    i.HardFault_Handler  stm32f4xx_it.o
    0x08003478   0x08003478   0x00000040   Code   RO         4716    i.IIC_Ack           myiic.o
    0x080034b8   0x080034b8   0x00000038   Code   RO         4717    i.IIC_Init          myiic.o
    0x080034f0   0x080034f0   0x00000040   Code   RO         4718    i.IIC_NAck          myiic.o
    0x08003530   0x08003530   0x00000068   Code   RO         4719    i.IIC_Read_Byte     myiic.o
    0x08003598   0x08003598   0x00000060   Code   RO         4720    i.IIC_Send_Byte     myiic.o
    0x080035f8   0x080035f8   0x00000040   Code   RO         4721    i.IIC_Start         myiic.o
    0x08003638   0x08003638   0x00000044   Code   RO         4722    i.IIC_Stop          myiic.o
    0x0800367c   0x0800367c   0x00000054   Code   RO         4723    i.IIC_Wait_Ack      myiic.o
    0x080036d0   0x080036d0   0x0000008c   Code   RO           14    i.MX_CAN1_Init      main.o
    0x0800375c   0x0800375c   0x00000078   Code   RO           15    i.MX_FMC_Init       main.o
    0x080037d4   0x080037d4   0x00000248   Code   RO           16    i.MX_GPIO_Init      main.o
    0x08003a1c   0x08003a1c   0x00000044   Code   RO           17    i.MX_SPI1_Init      main.o
    0x08003a60   0x08003a60   0x00000044   Code   RO           18    i.MX_SPI2_Init      main.o
    0x08003aa4   0x08003aa4   0x00000044   Code   RO           19    i.MX_SPI3_Init      main.o
    0x08003ae8   0x08003ae8   0x00000040   Code   RO           20    i.MX_SPI4_Init      main.o
    0x08003b28   0x08003b28   0x00000068   Code   RO           21    i.MX_TIM1_Init      main.o
    0x08003b90   0x08003b90   0x00000064   Code   RO           22    i.MX_TIM3_Init      main.o
    0x08003bf4   0x08003bf4   0x00000044   Code   RO           23    i.MX_USART6_UART_Init  main.o
    0x08003c38   0x08003c38   0x000001e4   Code   RO         7592    i.Master_scanIndexOD  canfestival_master.o
    0x08003e1c   0x08003e1c   0x00000014   Code   RO         7593    i.Master_valueRangeTest  canfestival_master.o
    0x08003e30   0x08003e30   0x00000002   Code   RO          378    i.MemManage_Handler  stm32f4xx_it.o
    0x08003e32   0x08003e32   0x00000002   Code   RO          379    i.NMI_Handler       stm32f4xx_it.o
    0x08003e34   0x08003e34   0x0000000a   Code   RO         7479    i.OnCOB_ID_SyncUpdate  sync.o
    0x08003e3e   0x08003e3e   0x00000012   Code   RO         6846    i.OnHeartbeatProducerUpdate  lifegrd.o
    0x08003e50   0x08003e50   0x00000012   Code   RO         6847    i.OnNodeGuardUpdate  lifegrd.o
    0x08003e62   0x08003e62   0x00000002   PAD
    0x08003e64   0x08003e64   0x00000028   Code   RO         6780    i.OnNumberOfErrorsUpdate  emcy.o
    0x08003e8c   0x08003e8c   0x00000028   Code   RO         7106    i.PDOEventTimerAlarm  pdo.o
    0x08003eb4   0x08003eb4   0x0000002a   Code   RO         7107    i.PDOInhibitTimerAlarm  pdo.o
    0x08003ede   0x08003ede   0x00000002   PAD
    0x08003ee0   0x08003ee0   0x00000058   Code   RO         7108    i.PDOInit           pdo.o
    0x08003f38   0x08003f38   0x00000068   Code   RO         7109    i.PDOStop           pdo.o
    0x08003fa0   0x08003fa0   0x00000020   Code   RO         6377    i.PIDController_Reset  pid.o
    0x08003fc0   0x08003fc0   0x00000002   Code   RO          380    i.PendSV_Handler    stm32f4xx_it.o
    0x08003fc2   0x08003fc2   0x00000044   Code   RO         6848    i.ProducerHeartbeatAlarm  lifegrd.o
    0x08004006   0x08004006   0x00000024   Code   RO         7051    i.RegisterSetODentryCallBack  objacces.o
    0x0800402a   0x0800402a   0x00000002   PAD
    0x0800402c   0x0800402c   0x0000007c   Code   RO         7207    i.SDOTimeoutAlarm   sdo.o
    0x080040a8   0x080040a8   0x00000030   Code   RO         7208    i.SDOlineToObjdict  sdo.o
    0x080040d8   0x080040d8   0x00000036   Code   RO         7209    i.SDOtoLine         sdo.o
    0x0800410e   0x0800410e   0x00000040   Code   RO         5005    i.SDRAM_Initialization_Sequence  sdram.o
    0x0800414e   0x0800414e   0x00000002   PAD
    0x08004150   0x08004150   0x00000034   Code   RO         5006    i.SDRAM_Send_Cmd    sdram.o
    0x08004184   0x08004184   0x0000006c   Code   RO         2944    i.SPI_EndRxTxTransaction  stm32f4xx_hal_spi.o
    0x080041f0   0x080041f0   0x000000b8   Code   RO         2949    i.SPI_WaitFlagStateUntilTimeout  stm32f4xx_hal_spi.o
    0x080042a8   0x080042a8   0x00000002   Code   RO          381    i.SVC_Handler       stm32f4xx_it.o
    0x080042aa   0x080042aa   0x00000002   PAD
    0x080042ac   0x080042ac   0x00000090   Code   RO         7549    i.SetAlarm          timer.o
    0x0800433c   0x0800433c   0x00000004   Code   RO         7480    i.SyncAlarm         sync.o
    0x08004340   0x08004340   0x00000004   Code   RO          382    i.SysTick_Handler   stm32f4xx_it.o
    0x08004344   0x08004344   0x000000a0   Code   RO           24    i.SystemClock_Config  main.o
    0x080043e4   0x080043e4   0x00000010   Code   RO         4554    i.SystemInit        system_stm32f4xx.o
    0x080043f4   0x080043f4   0x0000000c   Code   RO          383    i.TIM3_IRQHandler   stm32f4xx_it.o
    0x08004400   0x08004400   0x0000000c   Code   RO          384    i.TIM4_IRQHandler   stm32f4xx_it.o
    0x0800440c   0x0800440c   0x000000d8   Code   RO         3312    i.TIM_Base_SetConfig  stm32f4xx_hal_tim.o
    0x080044e4   0x080044e4   0x00000014   Code   RO         3323    i.TIM_ETR_SetConfig  stm32f4xx_hal_tim.o
    0x080044f8   0x080044f8   0x00000010   Code   RO         3324    i.TIM_ITRx_SetConfig  stm32f4xx_hal_tim.o
    0x08004508   0x08004508   0x00000022   Code   RO         3330    i.TIM_TI1_ConfigInputStage  stm32f4xx_hal_tim.o
    0x0800452a   0x0800452a   0x00000024   Code   RO         3332    i.TIM_TI2_ConfigInputStage  stm32f4xx_hal_tim.o
    0x0800454e   0x0800454e   0x00000066   Code   RO         7110    i.TPDO_Communication_Parameter_Callback  pdo.o
    0x080045b4   0x080045b4   0x00000098   Code   RO         7550    i.TimeDispatch      timer.o
    0x0800464c   0x0800464c   0x0000000c   Code   RO         4942    i.UART_Byte_Receive  rs485.o
    0x08004658   0x08004658   0x00000010   Code   RO         4233    i.UART_DMAAbortOnError  stm32f4xx_hal_uart.o
    0x08004668   0x08004668   0x0000004e   Code   RO         4243    i.UART_EndRxTransfer  stm32f4xx_hal_uart.o
    0x080046b6   0x080046b6   0x000000c2   Code   RO         4245    i.UART_Receive_IT   stm32f4xx_hal_uart.o
    0x08004778   0x08004778   0x0000010c   Code   RO         4246    i.UART_SetConfig    stm32f4xx_hal_uart.o
    0x08004884   0x08004884   0x00000036   Code   RO         4248    i.UART_Start_Receive_IT  stm32f4xx_hal_uart.o
    0x080048ba   0x080048ba   0x00000072   Code   RO         4249    i.UART_WaitOnFlagUntilTimeout  stm32f4xx_hal_uart.o
    0x0800492c   0x0800492c   0x0000000c   Code   RO          385    i.USART6_IRQHandler  stm32f4xx_it.o
    0x08004938   0x08004938   0x00000002   Code   RO          386    i.UsageFault_Handler  stm32f4xx_it.o
    0x0800493a   0x0800493a   0x00000002   PAD
    0x0800493c   0x0800493c   0x00000038   Code   RO         5166    i.WWDG_IRQHandler   wdg.o
    0x08004974   0x08004974   0x00000002   Code   RO         7111    i._RxPDO_EventTimers_Handler  pdo.o
    0x08004976   0x08004976   0x00000020   Code   RO         1685    i.__NVIC_SetPriority  stm32f4xx_hal_cortex.o
    0x08004996   0x08004996   0x00000002   PAD
    0x08004998   0x08004998   0x000000cc   Code   RO         7052    i._getODentry       objacces.o
    0x08004a64   0x08004a64   0x00000002   Code   RO         6849    i._heartbeatError   lifegrd.o
    0x08004a66   0x08004a66   0x00000002   Code   RO         7400    i._initialisation   states.o
    0x08004a68   0x08004a68   0x0000000e   Code   RO         7993    i._is_digit         c_w.l(__printf_wp.o)
    0x08004a76   0x08004a76   0x00000002   Code   RO         6850    i._nodeguardError   lifegrd.o
    0x08004a78   0x08004a78   0x00000002   Code   RO         7401    i._operational      states.o
    0x08004a7a   0x08004a7a   0x00000002   Code   RO         6851    i._post_SlaveBootup  lifegrd.o
    0x08004a7c   0x08004a7c   0x00000002   Code   RO         6852    i._post_SlaveStateChange  lifegrd.o
    0x08004a7e   0x08004a7e   0x00000002   Code   RO         7481    i._post_TPDO        sync.o
    0x08004a80   0x08004a80   0x00000002   Code   RO         6781    i._post_emcy        emcy.o
    0x08004a82   0x08004a82   0x00000002   Code   RO         7482    i._post_sync        sync.o
    0x08004a84   0x08004a84   0x00000010   Code   RO         7402    i._preOperational   states.o
    0x08004a94   0x08004a94   0x0000011c   Code   RO         7112    i._sendPDOevent     pdo.o
    0x08004bb0   0x08004bb0   0x000000f0   Code   RO         7053    i._setODentry       objacces.o
    0x08004ca0   0x08004ca0   0x00000002   Code   RO         7403    i._stopped          states.o
    0x08004ca2   0x08004ca2   0x00000002   Code   RO         7054    i._storeODSubIndex  objacces.o
    0x08004ca4   0x08004ca4   0x00000002   Code   RO         6289    i._sys_exit         usart.o
    0x08004ca6   0x08004ca6   0x00000002   PAD
    0x08004ca8   0x08004ca8   0x00000068   Code   RO         6565    i.avgErrCollect     userapp.o
    0x08004d10   0x08004d10   0x0000011c   Code   RO           25    i.bspInit           main.o
    0x08004e2c   0x08004e2c   0x000000d6   Code   RO         7113    i.buildPDO          pdo.o
    0x08004f02   0x08004f02   0x0000007a   Code   RO         7404    i.canDispatch       states.o
    0x08004f7c   0x08004f7c   0x00000078   Code   RO         7814    i.canSend           canfestival_can.o
    0x08004ff4   0x08004ff4   0x00000020   Code   RO         6782    i.emergencyInit     emcy.o
    0x08005014   0x08005014   0x00000002   Code   RO         6783    i.emergencyStop     emcy.o
    0x08005016   0x08005016   0x00000088   Code   RO         7213    i.failedSDO         sdo.o
    0x0800509e   0x0800509e   0x00000002   PAD
    0x080050a0   0x080050a0   0x00000018   Code   RO         6291    i.fputc             usart.o
    0x080050b8   0x080050b8   0x00000046   Code   RO         4943    i.g_RS485_CRC16Test  rs485.o
    0x080050fe   0x080050fe   0x00000002   PAD
    0x08005100   0x08005100   0x000000e0   Code   RO         4944    i.g_RS485_recvDataDeal  rs485.o
    0x080051e0   0x080051e0   0x00000010   Code   RO         4945    i.g_RS485_sendPacket  rs485.o
    0x080051f0   0x080051f0   0x0000000c   Code   RO         7847    i.getElapsedTime    canfestival_timer.o
    0x080051fc   0x080051fc   0x00000006   Code   RO         7405    i.getNodeId         states.o
    0x08005202   0x08005202   0x00000030   Code   RO         7215    i.getSDOfreeLine    sdo.o
    0x08005232   0x08005232   0x0000003a   Code   RO         7216    i.getSDOlineOnUse   sdo.o
    0x0800526c   0x0800526c   0x00000016   Code   RO         7217    i.getSDOlineRestBytes  sdo.o
    0x08005282   0x08005282   0x00000002   PAD
    0x08005284   0x08005284   0x00000084   Code   RO         6854    i.heartbeatInit     lifegrd.o
    0x08005308   0x08005308   0x00000036   Code   RO         6855    i.heartbeatStop     lifegrd.o
    0x0800533e   0x0800533e   0x00000002   PAD
    0x08005340   0x08005340   0x0000008c   Code   RO         7220    i.initSDOline       sdo.o
    0x080053cc   0x080053cc   0x00000012   Code   RO         6856    i.lifeGuardInit     lifegrd.o
    0x080053de   0x080053de   0x00000012   Code   RO         6857    i.lifeGuardStop     lifegrd.o
    0x080053f0   0x080053f0   0x0000003c   Code   RO         7221    i.lineToSDO         sdo.o
    0x0800542c   0x0800542c   0x0000000a   Code   RO           26    i.main              main.o
    0x08005436   0x08005436   0x00000022   Code   RO         6986    i.masterSendNMTnodeguard  nmtmaster.o
    0x08005458   0x08005458   0x00000026   Code   RO         6987    i.masterSendNMTstateChange  nmtmaster.o
    0x0800547e   0x0800547e   0x00000002   PAD
    0x08005480   0x08005480   0x0000007c   Code   RO         6858    i.nodeguardInit     lifegrd.o
    0x080054fc   0x080054fc   0x00000012   Code   RO         6859    i.nodeguardStop     lifegrd.o
    0x0800550e   0x0800550e   0x0000003c   Code   RO         7222    i.objdictToSDOline  sdo.o
    0x0800554a   0x0800554a   0x00000022   Code   RO         6784    i.proceedEMCY       emcy.o
    0x0800556c   0x0800556c   0x00000096   Code   RO         7021    i.proceedNMTstateChange  nmtslave.o
    0x08005602   0x08005602   0x00000002   PAD
    0x08005604   0x08005604   0x000000fc   Code   RO         6860    i.proceedNODE_GUARD  lifegrd.o
    0x08005700   0x08005700   0x00000228   Code   RO         7114    i.proceedPDO        pdo.o
    0x08005928   0x08005928   0x00001258   Code   RO         7223    i.proceedSDO        sdo.o
    0x08006b80   0x08006b80   0x00000028   Code   RO         7483    i.proceedSYNC       sync.o
    0x08006ba8   0x08006ba8   0x00000018   Code   RO         7227    i.resetSDO          sdo.o
    0x08006bc0   0x08006bc0   0x00000032   Code   RO         7228    i.resetSDOline      sdo.o
    0x08006bf2   0x08006bf2   0x00000016   Code   RO         7056    i.scanIndexOD       objacces.o
    0x08006c08   0x08006c08   0x00000108   Code   RO         7115    i.sendOnePDOevent   pdo.o
    0x08006d10   0x08006d10   0x00000028   Code   RO         7118    i.sendPdo           pdo.o
    0x08006d38   0x08006d38   0x00000078   Code   RO         7229    i.sendSDO           sdo.o
    0x08006db0   0x08006db0   0x00000038   Code   RO         7230    i.sendSDOabort      sdo.o
    0x08006de8   0x08006de8   0x00000014   Code   RO         7484    i.sendSYNC          sync.o
    0x08006dfc   0x08006dfc   0x00000022   Code   RO         7485    i.sendSYNCMessage   sync.o
    0x08006e1e   0x08006e1e   0x00000002   PAD
    0x08006e20   0x08006e20   0x00000134   Code   RO         7407    i.setNodeId         states.o
    0x08006f54   0x08006f54   0x00000016   Code   RO         7231    i.setSDOlineRestBytes  sdo.o
    0x08006f6a   0x08006f6a   0x00000002   PAD
    0x08006f6c   0x08006f6c   0x000000a4   Code   RO         7408    i.setState          states.o
    0x08007010   0x08007010   0x00000010   Code   RO         7848    i.setTimer          canfestival_timer.o
    0x08007020   0x08007020   0x0000002a   Code   RO         7022    i.slaveSendBootUp   nmtslave.o
    0x0800704a   0x0800704a   0x00000002   PAD
    0x0800704c   0x0800704c   0x00000060   Code   RO         7486    i.startSYNC         sync.o
    0x080070ac   0x080070ac   0x0000002c   Code   RO         7487    i.stopSYNC          sync.o
    0x080070d8   0x080070d8   0x000000ea   Code   RO         7409    i.switchCommunicationState  states.o
    0x080071c2   0x080071c2   0x00000002   PAD
    0x080071c4   0x080071c4   0x0000013c   Code   RO         6570    i.systemParaInit    userapp.o
    0x08007300   0x08007300   0x000000c4   Code   RO           27    i.userAppLoop       main.o
    0x080073c4   0x080073c4   0x00000150   Code   RO         8020    x$fpl$dadd          fz_wm.l(daddsub_clz.o)
    0x08007514   0x08007514   0x0000005a   Code   RO         8026    x$fpl$dfixu         fz_wm.l(dfixu.o)
    0x0800756e   0x0800756e   0x0000002e   Code   RO         8031    x$fpl$dflt          fz_wm.l(dflt_clz.o)
    0x0800759c   0x0800759c   0x00000154   Code   RO         8036    x$fpl$dmul          fz_wm.l(dmul.o)
    0x080076f0   0x080076f0   0x0000009c   Code   RO         8130    x$fpl$dnaninf       fz_wm.l(dnaninf.o)
    0x0800778c   0x0800778c   0x0000000c   Code   RO         8132    x$fpl$dretinf       fz_wm.l(dretinf.o)
    0x08007798   0x08007798   0x000001d4   Code   RO         8022    x$fpl$dsub          fz_wm.l(daddsub_clz.o)
    0x0800796c   0x0800796c   0x0000000a   Code   RO         8217    x$fpl$fpinit        fz_wm.l(fpinit.o)
    0x08007976   0x08007976   0x00000000   Code   RO         8134    x$fpl$usenofp       fz_wm.l(usenofp.o)
    0x08007976   0x08007976   0x00000010   Data   RO         4555    .constdata          system_stm32f4xx.o
    0x08007986   0x08007986   0x00000008   Data   RO         4556    .constdata          system_stm32f4xx.o
    0x0800798e   0x0800798e   0x00000002   PAD
    0x08007990   0x08007990   0x00000040   Data   RO         7410    .constdata          states.o
    0x080079d0   0x080079d0   0x00000001   Data   RO         7594    .constdata          canfestival_master.o
    0x080079d1   0x080079d1   0x00000003   PAD
    0x080079d4   0x080079d4   0x00000138   Data   RO         7595    .constdata          canfestival_master.o
    0x08007b0c   0x08007b0c   0x0000000c   Data   RO         7596    .constdata          canfestival_master.o
    0x08007b18   0x08007b18   0x0000000c   Data   RO         7597    .constdata          canfestival_master.o
    0x08007b24   0x08007b24   0x00000002   Data   RO         7598    .constdata          canfestival_master.o
    0x08007b26   0x08007b26   0x00000011   Data   RO         7996    .constdata          c_w.l(__printf_flags_wp.o)
    0x08007b37   0x08007b37   0x00000001   PAD
    0x08007b38   0x08007b38   0x00000056   Data   RO         6575    .conststring        userapp.o
    0x08007b8e   0x08007b8e   0x00000002   PAD
    0x08007b90   0x08007b90   0x00000020   Data   RO         8310    Region$$Table       anon$$obj.o


    Execution Region RW_IRAM2 (Exec base: 0x10000000, Load base: 0x08007eec, Size: 0x00000000, Max: 0x00010000, ABSOLUTE)

    **** No section assigned to this execution region ****


    Execution Region RW_IRAM1 (Exec base: 0x20000000, Load base: 0x08007bb0, Size: 0x000016d0, Max: 0x00030000, ABSOLUTE, COMPRESSED[0x0000033c])

    Exec Addr    Load Addr    Size         Type   Attr      Idx    E Section Name        Object

    0x20000000   COMPRESSED   0x0000000c   Data   RW          519    .data               stm32f4xx_hal_msp.o
    0x2000000c   COMPRESSED   0x0000000c   Data   RW         1836    .data               stm32f4xx_hal.o
    0x20000018   COMPRESSED   0x00000004   Data   RW         4557    .data               system_stm32f4xx.o
    0x2000001c   COMPRESSED   0x00000008   Data   RW         4784    .data               can.o
    0x20000024   COMPRESSED   0x00000004   Data   RW         4786    .data               can.o
    0x20000028   COMPRESSED   0x00000004   Data   RW         4948    .data               rs485.o
    0x2000002c   COMPRESSED   0x00000001   Data   RW         5169    .data               wdg.o
    0x2000002d   COMPRESSED   0x00000003   PAD
    0x20000030   COMPRESSED   0x00000004   Data   RW         6295    .data               usart.o
    0x20000034   COMPRESSED   0x00000004   Data   RW         6380    .data               pid.o
    0x20000038   COMPRESSED   0x00000004   Data   RW         6381    .data               pid.o
    0x2000003c   COMPRESSED   0x0000002b   Data   RW         6576    .data               userapp.o
    0x20000067   COMPRESSED   0x00000001   PAD
    0x20000068   COMPRESSED   0x00000008   Data   RW         7552    .data               timer.o
    0x20000070   COMPRESSED   0x00000004   Data   RW         7599    .data               canfestival_master.o
    0x20000074   COMPRESSED   0x00000004   Data   RW         7600    .data               canfestival_master.o
    0x20000078   COMPRESSED   0x00000004   Data   RW         7601    .data               canfestival_master.o
    0x2000007c   COMPRESSED   0x00000002   Data   RW         7602    .data               canfestival_master.o
    0x2000007e   COMPRESSED   0x00000002   PAD
    0x20000080   COMPRESSED   0x00000004   Data   RW         7603    .data               canfestival_master.o
    0x20000084   COMPRESSED   0x00000001   Data   RW         7604    .data               canfestival_master.o
    0x20000085   COMPRESSED   0x00000003   PAD
    0x20000088   COMPRESSED   0x00000004   Data   RW         7605    .data               canfestival_master.o
    0x2000008c   COMPRESSED   0x0000000c   Data   RW         7606    .data               canfestival_master.o
    0x20000098   COMPRESSED   0x00000001   Data   RW         7607    .data               canfestival_master.o
    0x20000099   COMPRESSED   0x00000003   PAD
    0x2000009c   COMPRESSED   0x0000000c   Data   RW         7608    .data               canfestival_master.o
    0x200000a8   COMPRESSED   0x00000001   Data   RW         7609    .data               canfestival_master.o
    0x200000a9   COMPRESSED   0x00000003   PAD
    0x200000ac   COMPRESSED   0x00000004   Data   RW         7610    .data               canfestival_master.o
    0x200000b0   COMPRESSED   0x00000004   Data   RW         7612    .data               canfestival_master.o
    0x200000b4   COMPRESSED   0x0000000c   Data   RW         7613    .data               canfestival_master.o
    0x200000c0   COMPRESSED   0x00000004   Data   RW         7614    .data               canfestival_master.o
    0x200000c4   COMPRESSED   0x0000000c   Data   RW         7615    .data               canfestival_master.o
    0x200000d0   COMPRESSED   0x00000004   Data   RW         7616    .data               canfestival_master.o
    0x200000d4   COMPRESSED   0x0000000c   Data   RW         7617    .data               canfestival_master.o
    0x200000e0   COMPRESSED   0x00000002   Data   RW         7618    .data               canfestival_master.o
    0x200000e2   COMPRESSED   0x00000001   Data   RW         7619    .data               canfestival_master.o
    0x200000e3   COMPRESSED   0x00000001   PAD
    0x200000e4   COMPRESSED   0x00000004   Data   RW         7620    .data               canfestival_master.o
    0x200000e8   COMPRESSED   0x0000000c   Data   RW         7621    .data               canfestival_master.o
    0x200000f4   COMPRESSED   0x00000001   Data   RW         7622    .data               canfestival_master.o
    0x200000f5   COMPRESSED   0x00000003   PAD
    0x200000f8   COMPRESSED   0x00000004   Data   RW         7623    .data               canfestival_master.o
    0x200000fc   COMPRESSED   0x00000002   Data   RW         7624    .data               canfestival_master.o
    0x200000fe   COMPRESSED   0x00000001   Data   RW         7625    .data               canfestival_master.o
    0x200000ff   COMPRESSED   0x00000001   PAD
    0x20000100   COMPRESSED   0x00000004   Data   RW         7626    .data               canfestival_master.o
    0x20000104   COMPRESSED   0x00000004   Data   RW         7627    .data               canfestival_master.o
    0x20000108   COMPRESSED   0x00000004   Data   RW         7628    .data               canfestival_master.o
    0x2000010c   COMPRESSED   0x00000004   Data   RW         7629    .data               canfestival_master.o
    0x20000110   COMPRESSED   0x0000003c   Data   RW         7630    .data               canfestival_master.o
    0x2000014c   COMPRESSED   0x00000001   Data   RW         7631    .data               canfestival_master.o
    0x2000014d   COMPRESSED   0x00000003   PAD
    0x20000150   COMPRESSED   0x0000000c   Data   RW         7632    .data               canfestival_master.o
    0x2000015c   COMPRESSED   0x00000001   Data   RW         7633    .data               canfestival_master.o
    0x2000015d   COMPRESSED   0x00000003   PAD
    0x20000160   COMPRESSED   0x00000004   Data   RW         7634    .data               canfestival_master.o
    0x20000164   COMPRESSED   0x00000004   Data   RW         7635    .data               canfestival_master.o
    0x20000168   COMPRESSED   0x00000001   Data   RW         7636    .data               canfestival_master.o
    0x20000169   COMPRESSED   0x00000003   PAD
    0x2000016c   COMPRESSED   0x00000030   Data   RW         7637    .data               canfestival_master.o
    0x2000019c   COMPRESSED   0x00000001   Data   RW         7638    .data               canfestival_master.o
    0x2000019d   COMPRESSED   0x00000003   PAD
    0x200001a0   COMPRESSED   0x00000004   Data   RW         7639    .data               canfestival_master.o
    0x200001a4   COMPRESSED   0x00000004   Data   RW         7640    .data               canfestival_master.o
    0x200001a8   COMPRESSED   0x00000001   Data   RW         7641    .data               canfestival_master.o
    0x200001a9   COMPRESSED   0x00000003   PAD
    0x200001ac   COMPRESSED   0x00000030   Data   RW         7642    .data               canfestival_master.o
    0x200001dc   COMPRESSED   0x00000001   Data   RW         7643    .data               canfestival_master.o
    0x200001dd   COMPRESSED   0x00000003   PAD
    0x200001e0   COMPRESSED   0x00000004   Data   RW         7644    .data               canfestival_master.o
    0x200001e4   COMPRESSED   0x00000004   Data   RW         7645    .data               canfestival_master.o
    0x200001e8   COMPRESSED   0x00000001   Data   RW         7646    .data               canfestival_master.o
    0x200001e9   COMPRESSED   0x00000003   PAD
    0x200001ec   COMPRESSED   0x00000030   Data   RW         7647    .data               canfestival_master.o
    0x2000021c   COMPRESSED   0x00000001   Data   RW         7648    .data               canfestival_master.o
    0x2000021d   COMPRESSED   0x00000003   PAD
    0x20000220   COMPRESSED   0x00000004   Data   RW         7649    .data               canfestival_master.o
    0x20000224   COMPRESSED   0x00000004   Data   RW         7650    .data               canfestival_master.o
    0x20000228   COMPRESSED   0x00000001   Data   RW         7651    .data               canfestival_master.o
    0x20000229   COMPRESSED   0x00000003   PAD
    0x2000022c   COMPRESSED   0x00000030   Data   RW         7652    .data               canfestival_master.o
    0x2000025c   COMPRESSED   0x00000001   Data   RW         7653    .data               canfestival_master.o
    0x2000025d   COMPRESSED   0x00000003   PAD
    0x20000260   COMPRESSED   0x00000004   Data   RW         7654    .data               canfestival_master.o
    0x20000264   COMPRESSED   0x00000004   Data   RW         7655    .data               canfestival_master.o
    0x20000268   COMPRESSED   0x00000001   Data   RW         7656    .data               canfestival_master.o
    0x20000269   COMPRESSED   0x00000003   PAD
    0x2000026c   COMPRESSED   0x00000030   Data   RW         7657    .data               canfestival_master.o
    0x2000029c   COMPRESSED   0x00000001   Data   RW         7658    .data               canfestival_master.o
    0x2000029d   COMPRESSED   0x00000003   PAD
    0x200002a0   COMPRESSED   0x00000004   Data   RW         7659    .data               canfestival_master.o
    0x200002a4   COMPRESSED   0x00000004   Data   RW         7660    .data               canfestival_master.o
    0x200002a8   COMPRESSED   0x00000001   Data   RW         7661    .data               canfestival_master.o
    0x200002a9   COMPRESSED   0x00000003   PAD
    0x200002ac   COMPRESSED   0x00000030   Data   RW         7662    .data               canfestival_master.o
    0x200002dc   COMPRESSED   0x00000001   Data   RW         7663    .data               canfestival_master.o
    0x200002dd   COMPRESSED   0x00000003   PAD
    0x200002e0   COMPRESSED   0x00000004   Data   RW         7664    .data               canfestival_master.o
    0x200002e4   COMPRESSED   0x00000001   Data   RW         7665    .data               canfestival_master.o
    0x200002e5   COMPRESSED   0x00000001   PAD
    0x200002e6   COMPRESSED   0x00000002   Data   RW         7666    .data               canfestival_master.o
    0x200002e8   COMPRESSED   0x00000001   Data   RW         7667    .data               canfestival_master.o
    0x200002e9   COMPRESSED   0x00000001   PAD
    0x200002ea   COMPRESSED   0x00000002   Data   RW         7668    .data               canfestival_master.o
    0x200002ec   COMPRESSED   0x00000001   Data   RW         7669    .data               canfestival_master.o
    0x200002ed   COMPRESSED   0x00000003   PAD
    0x200002f0   COMPRESSED   0x00000054   Data   RW         7670    .data               canfestival_master.o
    0x20000344   COMPRESSED   0x00000001   Data   RW         7671    .data               canfestival_master.o
    0x20000345   COMPRESSED   0x00000003   PAD
    0x20000348   COMPRESSED   0x00000004   Data   RW         7672    .data               canfestival_master.o
    0x2000034c   COMPRESSED   0x00000001   Data   RW         7673    .data               canfestival_master.o
    0x2000034d   COMPRESSED   0x00000001   PAD
    0x2000034e   COMPRESSED   0x00000002   Data   RW         7674    .data               canfestival_master.o
    0x20000350   COMPRESSED   0x00000001   Data   RW         7675    .data               canfestival_master.o
    0x20000351   COMPRESSED   0x00000001   PAD
    0x20000352   COMPRESSED   0x00000002   Data   RW         7676    .data               canfestival_master.o
    0x20000354   COMPRESSED   0x00000001   Data   RW         7677    .data               canfestival_master.o
    0x20000355   COMPRESSED   0x00000003   PAD
    0x20000358   COMPRESSED   0x00000054   Data   RW         7678    .data               canfestival_master.o
    0x200003ac   COMPRESSED   0x00000001   Data   RW         7679    .data               canfestival_master.o
    0x200003ad   COMPRESSED   0x00000003   PAD
    0x200003b0   COMPRESSED   0x00000004   Data   RW         7680    .data               canfestival_master.o
    0x200003b4   COMPRESSED   0x00000001   Data   RW         7681    .data               canfestival_master.o
    0x200003b5   COMPRESSED   0x00000001   PAD
    0x200003b6   COMPRESSED   0x00000002   Data   RW         7682    .data               canfestival_master.o
    0x200003b8   COMPRESSED   0x00000001   Data   RW         7683    .data               canfestival_master.o
    0x200003b9   COMPRESSED   0x00000001   PAD
    0x200003ba   COMPRESSED   0x00000002   Data   RW         7684    .data               canfestival_master.o
    0x200003bc   COMPRESSED   0x00000001   Data   RW         7685    .data               canfestival_master.o
    0x200003bd   COMPRESSED   0x00000003   PAD
    0x200003c0   COMPRESSED   0x00000054   Data   RW         7686    .data               canfestival_master.o
    0x20000414   COMPRESSED   0x00000001   Data   RW         7687    .data               canfestival_master.o
    0x20000415   COMPRESSED   0x00000003   PAD
    0x20000418   COMPRESSED   0x00000004   Data   RW         7688    .data               canfestival_master.o
    0x2000041c   COMPRESSED   0x00000001   Data   RW         7689    .data               canfestival_master.o
    0x2000041d   COMPRESSED   0x00000001   PAD
    0x2000041e   COMPRESSED   0x00000002   Data   RW         7690    .data               canfestival_master.o
    0x20000420   COMPRESSED   0x00000001   Data   RW         7691    .data               canfestival_master.o
    0x20000421   COMPRESSED   0x00000001   PAD
    0x20000422   COMPRESSED   0x00000002   Data   RW         7692    .data               canfestival_master.o
    0x20000424   COMPRESSED   0x00000001   Data   RW         7693    .data               canfestival_master.o
    0x20000425   COMPRESSED   0x00000003   PAD
    0x20000428   COMPRESSED   0x00000054   Data   RW         7694    .data               canfestival_master.o
    0x2000047c   COMPRESSED   0x00000001   Data   RW         7695    .data               canfestival_master.o
    0x2000047d   COMPRESSED   0x00000003   PAD
    0x20000480   COMPRESSED   0x00000004   Data   RW         7696    .data               canfestival_master.o
    0x20000484   COMPRESSED   0x00000018   Data   RW         7697    .data               canfestival_master.o
    0x2000049c   COMPRESSED   0x00000001   Data   RW         7698    .data               canfestival_master.o
    0x2000049d   COMPRESSED   0x00000003   PAD
    0x200004a0   COMPRESSED   0x00000004   Data   RW         7699    .data               canfestival_master.o
    0x200004a4   COMPRESSED   0x00000018   Data   RW         7700    .data               canfestival_master.o
    0x200004bc   COMPRESSED   0x00000001   Data   RW         7701    .data               canfestival_master.o
    0x200004bd   COMPRESSED   0x00000003   PAD
    0x200004c0   COMPRESSED   0x00000004   Data   RW         7702    .data               canfestival_master.o
    0x200004c4   COMPRESSED   0x00000018   Data   RW         7703    .data               canfestival_master.o
    0x200004dc   COMPRESSED   0x00000001   Data   RW         7704    .data               canfestival_master.o
    0x200004dd   COMPRESSED   0x00000003   PAD
    0x200004e0   COMPRESSED   0x00000004   Data   RW         7705    .data               canfestival_master.o
    0x200004e4   COMPRESSED   0x00000018   Data   RW         7706    .data               canfestival_master.o
    0x200004fc   COMPRESSED   0x00000001   Data   RW         7707    .data               canfestival_master.o
    0x200004fd   COMPRESSED   0x00000003   PAD
    0x20000500   COMPRESSED   0x00000004   Data   RW         7708    .data               canfestival_master.o
    0x20000504   COMPRESSED   0x00000001   Data   RW         7709    .data               canfestival_master.o
    0x20000505   COMPRESSED   0x00000001   PAD
    0x20000506   COMPRESSED   0x00000002   Data   RW         7710    .data               canfestival_master.o
    0x20000508   COMPRESSED   0x00000001   Data   RW         7711    .data               canfestival_master.o
    0x20000509   COMPRESSED   0x00000001   PAD
    0x2000050a   COMPRESSED   0x00000002   Data   RW         7712    .data               canfestival_master.o
    0x2000050c   COMPRESSED   0x00000001   Data   RW         7713    .data               canfestival_master.o
    0x2000050d   COMPRESSED   0x00000003   PAD
    0x20000510   COMPRESSED   0x00000054   Data   RW         7714    .data               canfestival_master.o
    0x20000564   COMPRESSED   0x00000001   Data   RW         7715    .data               canfestival_master.o
    0x20000565   COMPRESSED   0x00000003   PAD
    0x20000568   COMPRESSED   0x00000004   Data   RW         7716    .data               canfestival_master.o
    0x2000056c   COMPRESSED   0x00000001   Data   RW         7717    .data               canfestival_master.o
    0x2000056d   COMPRESSED   0x00000001   PAD
    0x2000056e   COMPRESSED   0x00000002   Data   RW         7718    .data               canfestival_master.o
    0x20000570   COMPRESSED   0x00000001   Data   RW         7719    .data               canfestival_master.o
    0x20000571   COMPRESSED   0x00000001   PAD
    0x20000572   COMPRESSED   0x00000002   Data   RW         7720    .data               canfestival_master.o
    0x20000574   COMPRESSED   0x00000001   Data   RW         7721    .data               canfestival_master.o
    0x20000575   COMPRESSED   0x00000003   PAD
    0x20000578   COMPRESSED   0x00000054   Data   RW         7722    .data               canfestival_master.o
    0x200005cc   COMPRESSED   0x00000001   Data   RW         7723    .data               canfestival_master.o
    0x200005cd   COMPRESSED   0x00000003   PAD
    0x200005d0   COMPRESSED   0x00000004   Data   RW         7724    .data               canfestival_master.o
    0x200005d4   COMPRESSED   0x00000001   Data   RW         7725    .data               canfestival_master.o
    0x200005d5   COMPRESSED   0x00000001   PAD
    0x200005d6   COMPRESSED   0x00000002   Data   RW         7726    .data               canfestival_master.o
    0x200005d8   COMPRESSED   0x00000001   Data   RW         7727    .data               canfestival_master.o
    0x200005d9   COMPRESSED   0x00000001   PAD
    0x200005da   COMPRESSED   0x00000002   Data   RW         7728    .data               canfestival_master.o
    0x200005dc   COMPRESSED   0x00000001   Data   RW         7729    .data               canfestival_master.o
    0x200005dd   COMPRESSED   0x00000003   PAD
    0x200005e0   COMPRESSED   0x00000054   Data   RW         7730    .data               canfestival_master.o
    0x20000634   COMPRESSED   0x00000001   Data   RW         7731    .data               canfestival_master.o
    0x20000635   COMPRESSED   0x00000003   PAD
    0x20000638   COMPRESSED   0x00000004   Data   RW         7732    .data               canfestival_master.o
    0x2000063c   COMPRESSED   0x00000001   Data   RW         7733    .data               canfestival_master.o
    0x2000063d   COMPRESSED   0x00000001   PAD
    0x2000063e   COMPRESSED   0x00000002   Data   RW         7734    .data               canfestival_master.o
    0x20000640   COMPRESSED   0x00000001   Data   RW         7735    .data               canfestival_master.o
    0x20000641   COMPRESSED   0x00000001   PAD
    0x20000642   COMPRESSED   0x00000002   Data   RW         7736    .data               canfestival_master.o
    0x20000644   COMPRESSED   0x00000001   Data   RW         7737    .data               canfestival_master.o
    0x20000645   COMPRESSED   0x00000003   PAD
    0x20000648   COMPRESSED   0x00000054   Data   RW         7738    .data               canfestival_master.o
    0x2000069c   COMPRESSED   0x00000001   Data   RW         7739    .data               canfestival_master.o
    0x2000069d   COMPRESSED   0x00000003   PAD
    0x200006a0   COMPRESSED   0x00000004   Data   RW         7740    .data               canfestival_master.o
    0x200006a4   COMPRESSED   0x00000001   Data   RW         7741    .data               canfestival_master.o
    0x200006a5   COMPRESSED   0x00000001   PAD
    0x200006a6   COMPRESSED   0x00000002   Data   RW         7742    .data               canfestival_master.o
    0x200006a8   COMPRESSED   0x00000001   Data   RW         7743    .data               canfestival_master.o
    0x200006a9   COMPRESSED   0x00000001   PAD
    0x200006aa   COMPRESSED   0x00000002   Data   RW         7744    .data               canfestival_master.o
    0x200006ac   COMPRESSED   0x00000001   Data   RW         7745    .data               canfestival_master.o
    0x200006ad   COMPRESSED   0x00000003   PAD
    0x200006b0   COMPRESSED   0x00000054   Data   RW         7746    .data               canfestival_master.o
    0x20000704   COMPRESSED   0x00000001   Data   RW         7747    .data               canfestival_master.o
    0x20000705   COMPRESSED   0x00000003   PAD
    0x20000708   COMPRESSED   0x00000004   Data   RW         7748    .data               canfestival_master.o
    0x2000070c   COMPRESSED   0x00000001   Data   RW         7749    .data               canfestival_master.o
    0x2000070d   COMPRESSED   0x00000001   PAD
    0x2000070e   COMPRESSED   0x00000002   Data   RW         7750    .data               canfestival_master.o
    0x20000710   COMPRESSED   0x00000001   Data   RW         7751    .data               canfestival_master.o
    0x20000711   COMPRESSED   0x00000001   PAD
    0x20000712   COMPRESSED   0x00000002   Data   RW         7752    .data               canfestival_master.o
    0x20000714   COMPRESSED   0x00000001   Data   RW         7753    .data               canfestival_master.o
    0x20000715   COMPRESSED   0x00000003   PAD
    0x20000718   COMPRESSED   0x00000054   Data   RW         7754    .data               canfestival_master.o
    0x2000076c   COMPRESSED   0x00000001   Data   RW         7755    .data               canfestival_master.o
    0x2000076d   COMPRESSED   0x00000003   PAD
    0x20000770   COMPRESSED   0x00000004   Data   RW         7756    .data               canfestival_master.o
    0x20000774   COMPRESSED   0x00000018   Data   RW         7757    .data               canfestival_master.o
    0x2000078c   COMPRESSED   0x00000001   Data   RW         7758    .data               canfestival_master.o
    0x2000078d   COMPRESSED   0x00000003   PAD
    0x20000790   COMPRESSED   0x00000004   Data   RW         7759    .data               canfestival_master.o
    0x20000794   COMPRESSED   0x00000018   Data   RW         7760    .data               canfestival_master.o
    0x200007ac   COMPRESSED   0x00000001   Data   RW         7761    .data               canfestival_master.o
    0x200007ad   COMPRESSED   0x00000003   PAD
    0x200007b0   COMPRESSED   0x00000004   Data   RW         7762    .data               canfestival_master.o
    0x200007b4   COMPRESSED   0x00000018   Data   RW         7763    .data               canfestival_master.o
    0x200007cc   COMPRESSED   0x00000001   Data   RW         7764    .data               canfestival_master.o
    0x200007cd   COMPRESSED   0x00000003   PAD
    0x200007d0   COMPRESSED   0x00000004   Data   RW         7765    .data               canfestival_master.o
    0x200007d4   COMPRESSED   0x00000018   Data   RW         7766    .data               canfestival_master.o
    0x200007ec   COMPRESSED   0x00000001   Data   RW         7767    .data               canfestival_master.o
    0x200007ed   COMPRESSED   0x00000003   PAD
    0x200007f0   COMPRESSED   0x00000004   Data   RW         7768    .data               canfestival_master.o
    0x200007f4   COMPRESSED   0x00000018   Data   RW         7769    .data               canfestival_master.o
    0x2000080c   COMPRESSED   0x00000001   Data   RW         7770    .data               canfestival_master.o
    0x2000080d   COMPRESSED   0x00000003   PAD
    0x20000810   COMPRESSED   0x00000004   Data   RW         7771    .data               canfestival_master.o
    0x20000814   COMPRESSED   0x00000018   Data   RW         7772    .data               canfestival_master.o
    0x2000082c   COMPRESSED   0x0000000c   Data   RW         7773    .data               canfestival_master.o
    0x20000838   COMPRESSED   0x0000000c   Data   RW         7774    .data               canfestival_master.o
    0x20000844   COMPRESSED   0x0000000c   Data   RW         7775    .data               canfestival_master.o
    0x20000850   COMPRESSED   0x0000000c   Data   RW         7776    .data               canfestival_master.o
    0x2000085c   COMPRESSED   0x0000000c   Data   RW         7777    .data               canfestival_master.o
    0x20000868   COMPRESSED   0x0000006c   Data   RW         7778    .data               canfestival_master.o
    0x200008d4   COMPRESSED   0x0000023c   Data   RW         7779    .data               canfestival_master.o
    0x20000b10   COMPRESSED   0x00000002   Data   RW         7780    .data               canfestival_master.o
    0x20000b12   COMPRESSED   0x00000002   PAD
    0x20000b14        -       0x00000324   Zero   RW           28    .bss                main.o
    0x20000e38        -       0x00000028   Zero   RW           29    .bss                main.o
    0x20000e60        -       0x00000048   Zero   RW           32    .bss                main.o
    0x20000ea8        -       0x00000080   Zero   RW         4946    .bss                rs485.o
    0x20000f28        -       0x00000038   Zero   RW         6379    .bss                pid.o
    0x20000f60        -       0x00000050   Zero   RW         6571    .bss                userapp.o
    0x20000fb0        -       0x000000c0   Zero   RW         7551    .bss                timer.o
    0x20001070        -       0x00000060   Zero   RW         8138    .bss                c_w.l(libspace.o)
    0x200010d0        -       0x00000200   Zero   RW            2    HEAP                startup_stm32f429xx.o
    0x200012d0        -       0x00000400   Zero   RW            1    STACK               startup_stm32f429xx.o


==============================================================================

Image component sizes


      Code (inc. data)   RO Data    RW Data    ZI Data      Debug   Object Name

       132          0          0          0          0     306096   24cxx.o
        78          0          0         12          0       2637   can.o
       120         28          0          0          0        890   canfestival_can.o
       504         14        339       2557          0      15902   canfestival_master.o
        28          8          0          0          0       1036   canfestival_timer.o
         0          0          0          0          0       9876   dcf.o
       110          6          0          0          0       2936   emcy.o
       260         50          0          0          0       2060   exti.o
        48          4          0          0          0        563   hal_delay.o
       870         26          0          0          0      10464   lifegrd.o
      2034        308          0          0        916     822022   main.o
       600         74          0          0          0       4542   myiic.o
        72          0          0          0          0       1724   nmtmaster.o
       192          0          0          0          0       1474   nmtslave.o
       504         28          0          0          0       5218   objacces.o
      1892         14          0          0          0      11850   pdo.o
        32          6          0          8         56       1800   pid.o
       478        106          0          4        128       4794   rs485.o
      5718         64          0          0          0      17979   sdo.o
       116          4          0          0          0       1737   sdram.o
        84          8          0          0          0        752   spi.o
        64         26        428          0       1536        844   startup_stm32f429xx.o
       856         26         64          0          0       7130   states.o
       180         28          0         12          0       9569   stm32f4xx_hal.o
      1658          6          0          0          0      14335   stm32f4xx_hal_can.o
       198         14          0          0          0      33819   stm32f4xx_hal_cortex.o
       182          0          0          0          0       2099   stm32f4xx_hal_dma.o
       574         54          0          0          0       2208   stm32f4xx_hal_gpio.o
      1440        168          0         12          0       6576   stm32f4xx_hal_msp.o
       112         14          0          0          0       1288   stm32f4xx_hal_pwr_ex.o
      1360         82          0          0          0       5724   stm32f4xx_hal_rcc.o
       172          0          0          0          0       2848   stm32f4xx_hal_sdram.o
       846         14          0          0          0       4634   stm32f4xx_hal_spi.o
      1072         74          0          0          0      10333   stm32f4xx_hal_tim.o
       148         28          0          0          0       2489   stm32f4xx_hal_tim_ex.o
      1642         16          0          0          0      11448   stm32f4xx_hal_uart.o
        80         30          0          0          0       7587   stm32f4xx_it.o
       362         10          0          0          0       4912   stm32f4xx_ll_fmc.o
       252         10          0          0          0       5252   sync.o
       156          0          0          0          0     272780   sys.o
        16          4         24          4          0       1127   system_stm32f4xx.o
       340         26          0          8        192       3962   timer.o
        26          6          0          4          0       2780   usart.o
      1752        660         86         43         80       6996   userapp.o
        56         14          0          1          0       1104   wdg.o

    ----------------------------------------------------------------------
     27482       2058        980       2836       2908    1648196   Object Totals
         0          0         32          0          0          0   (incl. Generated)
        66          0          7        171          0          0   (incl. Padding)

    ----------------------------------------------------------------------

      Code (inc. data)   RO Data    RW Data    ZI Data      Debug   Library Member Name

        90          0          0          0          0          0   __dczerorl2.o
         8          0          0          0          0         68   __main.o
       312          4         17          0          0         92   __printf_flags_wp.o
        14          0          0          0          0         68   __printf_wp.o
         0          0          0          0          0          0   __rtentry.o
        12          0          0          0          0          0   __rtentry2.o
         6          0          0          0          0          0   __rtentry4.o
        52          8          0          0          0          0   __scatter.o
        28          0          0          0          0          0   __scatter_zi.o
        48          6          0          0          0         96   _printf_char_common.o
        36          4          0          0          0         80   _printf_char_file.o
         6          0          0          0          0          0   _printf_d.o
       120         16          0          0          0         92   _printf_dec.o
       178          0          0          0          0         88   _printf_intcommon.o
         0          0          0          0          0          0   _printf_percent.o
         4          0          0          0          0          0   _printf_percent_end.o
        18          0          0          0          0         80   exit.o
         8          0          0          0          0         68   ferror.o
         6          0          0          0          0        152   heapauxi.o
         2          0          0          0          0          0   libinit.o
         6          0          0          0          0          0   libinit2.o
         2          0          0          0          0          0   libshutdown.o
         2          0          0          0          0          0   libshutdown2.o
         8          4          0          0         96         68   libspace.o
       238          0          0          0          0        100   lludivv7m.o
        88          0          0          0          0         76   memcmp.o
        24          4          0          0          0         84   noretval__2printf.o
        78          0          0          0          0         80   rt_memclr_w.o
       138          0          0          0          0         68   rt_memcpy_v6.o
       100          0          0          0          0         80   rt_memcpy_w.o
         2          0          0          0          0          0   rtexit.o
        10          0          0          0          0          0   rtexit2.o
        74          0          0          0          0         80   sys_stackheap_outer.o
         2          0          0          0          0         68   use_no_semi.o
         2          0          0          0          0         68   use_no_semi_2.o
       804         16          0          0          0        368   daddsub_clz.o
        90          4          0          0          0        140   dfixu.o
        46          0          0          0          0        116   dflt_clz.o
       340         12          0          0          0        152   dmul.o
       156          4          0          0          0        140   dnaninf.o
        12          0          0          0          0        116   dretinf.o
        10          0          0          0          0        116   fpinit.o
         0          0          0          0          0          0   usenofp.o

    ----------------------------------------------------------------------
      3184         82         18          0         96       2804   Library Totals
         4          0          1          0          0          0   (incl. Padding)

    ----------------------------------------------------------------------

      Code (inc. data)   RO Data    RW Data    ZI Data      Debug   Library Name

      1722         46         17          0         96       1656   c_w.l
      1458         36          0          0          0       1148   fz_wm.l

    ----------------------------------------------------------------------
      3184         82         18          0         96       2804   Library Totals

    ----------------------------------------------------------------------

==============================================================================


      Code (inc. data)   RO Data    RW Data    ZI Data      Debug   

     30666       2140        998       2836       3004    1626768   Grand Totals
     30666       2140        998        828       3004    1626768   ELF Image Totals (compressed)
     30666       2140        998        828          0          0   ROM Totals

==============================================================================

    Total RO  Size (Code + RO Data)                31664 (  30.92kB)
    Total RW  Size (RW Data + ZI Data)              5840 (   5.70kB)
    Total ROM Size (Code + RO Data + RW Data)      32492 (  31.73kB)

==============================================================================

